Component: ARM Compiler 5.06 update 2 (build 183) Tool: armlink [4d35b7]

==============================================================================

Section Cross References

    application.o(i.rt_application_init) refers to device_usrserial.o(i.Device_UsrSerial_regist) for Device_UsrSerial_regist
    application.o(i.rt_application_init) refers to thread.o(i.rt_thread_create) for rt_thread_create
    application.o(i.rt_application_init) refers to thread.o(i.rt_thread_startup) for rt_thread_startup
    application.o(i.rt_application_init) refers to application.o(i.rt_init_thread_entry) for rt_init_thread_entry
    startup.o(i.assert_failed) refers to kservice.o(i.rt_kprintf) for rt_kprintf
    startup.o(i.main) refers to context_rvds.o(.text) for rt_hw_interrupt_disable
    startup.o(i.main) refers to startup.o(i.rtthread_startup) for rtthread_startup
    startup.o(i.rtthread_startup) refers to board.o(i.rt_hw_board_init) for rt_hw_board_init
    startup.o(i.rtthread_startup) refers to kservice.o(i.rt_kprintf) for rt_kprintf
    startup.o(i.rtthread_startup) refers to clock.o(i.rt_system_tick_init) for rt_system_tick_init
    startup.o(i.rtthread_startup) refers to object.o(i.rt_system_object_init) for rt_system_object_init
    startup.o(i.rtthread_startup) refers to timer.o(i.rt_system_timer_init) for rt_system_timer_init
    startup.o(i.rtthread_startup) refers to mem.o(i.rt_system_heap_init) for rt_system_heap_init
    startup.o(i.rtthread_startup) refers to scheduler.o(i.rt_system_scheduler_init) for rt_system_scheduler_init
    startup.o(i.rtthread_startup) refers to device.o(i.rt_device_init_all) for rt_device_init_all
    startup.o(i.rtthread_startup) refers to shell.o(i.finsh_system_init) for finsh_system_init
    startup.o(i.rtthread_startup) refers to shell.o(i.finsh_set_device) for finsh_set_device
    startup.o(i.rtthread_startup) refers to device_808.o(i.APP_IOpinInit) for APP_IOpinInit
    startup.o(i.rtthread_startup) refers to device_808.o(i.HardWareGet) for HardWareGet
    startup.o(i.rtthread_startup) refers to lcd.o(i.Init_lcdkey) for Init_lcdkey
    startup.o(i.rtthread_startup) refers to protocol_808.o(i.delay_ms) for delay_ms
    startup.o(i.rtthread_startup) refers to lcd_driver.o(i.lcd_init) for lcd_init
    startup.o(i.rtthread_startup) refers to app_gsm.o(i._gsm_startup) for _gsm_startup
    startup.o(i.rtthread_startup) refers to app_808.o(i.Protocol_app_init) for Protocol_app_init
    startup.o(i.rtthread_startup) refers to device_485.o(i._485_startup) for _485_startup
    startup.o(i.rtthread_startup) refers to rtc.o(i.rt_hw_rtc_init) for rt_hw_rtc_init
    startup.o(i.rtthread_startup) refers to application.o(i.rt_application_init) for rt_application_init
    startup.o(i.rtthread_startup) refers to gb19056.o(i.GB_Drv_app_init) for GB_Drv_app_init
    startup.o(i.rtthread_startup) refers to timer.o(i.rt_system_timer_thread_init) for rt_system_timer_thread_init
    startup.o(i.rtthread_startup) refers to idle.o(i.rt_thread_idle_init) for rt_thread_idle_init
    startup.o(i.rtthread_startup) refers to scheduler.o(i.rt_system_scheduler_start) for rt_system_scheduler_start
    startup.o(i.rtthread_startup) refers to device_808.o(.data) for HardWareVerion
    app_moduleconfig.o(i.rt_712Rule_MsgQue_Post) refers to ipc.o(i.rt_mq_send) for rt_mq_send
    board.o(i.NVIC_Configuration) refers to misc.o(i.NVIC_PriorityGroupConfig) for NVIC_PriorityGroupConfig
    board.o(i.SysTick_Configuration) refers to stm32f2xx_rcc.o(i.RCC_GetClocksFreq) for RCC_GetClocksFreq
    board.o(i.SysTick_Configuration) refers to misc.o(i.SysTick_CLKSourceConfig) for SysTick_CLKSourceConfig
    board.o(i.SysTick_Handler) refers to irq.o(i.rt_interrupt_enter) for rt_interrupt_enter
    board.o(i.SysTick_Handler) refers to clock.o(i.rt_tick_increase) for rt_tick_increase
    board.o(i.SysTick_Handler) refers to irq.o(i.rt_interrupt_leave) for rt_interrupt_leave
    board.o(i.rt_hw_board_init) refers to misc.o(i.NVIC_PriorityGroupConfig) for NVIC_PriorityGroupConfig
    board.o(i.rt_hw_board_init) refers to board.o(i.SysTick_Configuration) for SysTick_Configuration
    board.o(i.rt_hw_board_init) refers to vuart.o(i.rt_hw_usart_init) for rt_hw_usart_init
    board.o(i.rt_hw_board_init) refers to kservice.o(i.rt_console_set_device) for rt_console_set_device
    stm32f4xx_it.o(i.CAN1_RX0_IRQHandler) refers to stm32f2xx_can.o(i.CAN_GetITStatus) for CAN_GetITStatus
    stm32f4xx_it.o(i.CAN1_RX0_IRQHandler) refers to stm32f2xx_can.o(i.CAN_Receive) for CAN_Receive
    stm32f4xx_it.o(i.CAN1_RX0_IRQHandler) refers to device_can.o(i.CAN1_Rx_Process) for CAN1_Rx_Process
    stm32f4xx_it.o(i.CAN1_RX0_IRQHandler) refers to stm32f2xx_can.o(i.CAN_ClearITPendingBit) for CAN_ClearITPendingBit
    stm32f4xx_it.o(i.CAN1_RX0_IRQHandler) refers to device_can.o(.bss) for RxMessageData
    stm32f4xx_it.o(i.UART4_IRQHandler) refers to irq.o(i.rt_interrupt_enter) for rt_interrupt_enter
[...]
    0x0800e0bc   0x00000264   Code   RO         3121    i.Process_RMC       gps.o
    0x0800e320   0x00000070   Code   RO         4057    i.Protocol_app_init  app_808.o
    0x0800e390   0x0000002a   Code   RO         3843    i.Que_Number_Length  sms_pdu.o
    0x0800e3ba   0x00000002   PAD
    0x0800e3bc   0x00000018   Code   RO         9935    i.RCC_AHB1PeriphClockCmd  stm32f2xx_rcc.o
    0x0800e3d4   0x00000018   Code   RO         9938    i.RCC_AHB2PeriphClockCmd  stm32f2xx_rcc.o
    0x0800e3ec   0x00000018   Code   RO         9944    i.RCC_APB1PeriphClockCmd  stm32f2xx_rcc.o
    0x0800e404   0x00000018   Code   RO         9946    i.RCC_APB1PeriphResetCmd  stm32f2xx_rcc.o
    0x0800e41c   0x00000018   Code   RO         9947    i.RCC_APB2PeriphClockCmd  stm32f2xx_rcc.o
    0x0800e434   0x00000018   Code   RO         9949    i.RCC_APB2PeriphResetCmd  stm32f2xx_rcc.o
    0x0800e44c   0x00000090   Code   RO         9956    i.RCC_GetClocksFreq  stm32f2xx_rcc.o
    0x0800e4dc   0x00000034   Code   RO         9957    i.RCC_GetFlagStatus  stm32f2xx_rcc.o
    0x0800e510   0x0000001c   Code   RO         9965    i.RCC_LSEConfig     stm32f2xx_rcc.o
    0x0800e52c   0x0000000c   Code   RO         9975    i.RCC_RTCCLKCmd     stm32f2xx_rcc.o
    0x0800e538   0x00000030   Code   RO         9976    i.RCC_RTCCLKConfig  stm32f2xx_rcc.o
    0x0800e568   0x00000012   Code   RO        10287    i.RTC_Bcd2ToByte    stm32f2xx_rtc.o
    0x0800e57a   0x00000018   Code   RO        10288    i.RTC_ByteToBcd2    stm32f2xx_rtc.o
    0x0800e592   0x00000002   PAD
    0x0800e594   0x0000001c   Code   RO        10290    i.RTC_ClearFlag     stm32f2xx_rtc.o
    0x0800e5b0   0x00000054   Code   RO         4787    i.RTC_Config        rtc.o
    0x0800e604   0x0000003c   Code   RO        10297    i.RTC_EnterInitMode  stm32f2xx_rtc.o
    0x0800e640   0x00000010   Code   RO        10298    i.RTC_ExitInitMode  stm32f2xx_rtc.o
    0x0800e650   0x0000004c   Code   RO        10304    i.RTC_GetTime       stm32f2xx_rtc.o
    0x0800e69c   0x00000050   Code   RO        10308    i.RTC_Init          stm32f2xx_rtc.o
    0x0800e6ec   0x00000014   Code   RO        10311    i.RTC_ReadBackupRegister  stm32f2xx_rtc.o
    0x0800e700   0x00000090   Code   RO        10314    i.RTC_SetDate       stm32f2xx_rtc.o
    0x0800e790   0x00000098   Code   RO        10315    i.RTC_SetTime       stm32f2xx_rtc.o
    0x0800e828   0x00000048   Code   RO        10324    i.RTC_WaitForSynchro  stm32f2xx_rtc.o
    0x0800e870   0x00000014   Code   RO        10327    i.RTC_WriteBackupRegister  stm32f2xx_rtc.o
    0x0800e884   0x00000108   Code   RO         4788    i.RT_Total_Config   rtc.o
    0x0800e98c   0x00000088   Code   RO         4636    i.ReadConfig        sys_config.o
    0x0800ea14   0x00000024   Code   RO         3492    i.Redial_Init       device_gsm.o
    0x0800ea38   0x00000020   Code   RO          700    i.SD_GetCSD         spi_sd_driver.o
    0x0800ea58   0x00000094   Code   RO          701    i.SD_GetCapacity    spi_sd_driver.o
    0x0800eaec   0x0000019c   Code   RO          702    i.SD_Init           spi_sd_driver.o
    0x0800ec88   0x00000068   Code   RO          705    i.SD_ReadMultiBlock  spi_sd_driver.o
    0x0800ecf0   0x00000038   Code   RO          706    i.SD_ReadSingleBlock  spi_sd_driver.o
    0x0800ed28   0x00000078   Code   RO          707    i.SD_ReceiveData    spi_sd_driver.o
    0x0800eda0   0x00000074   Code   RO          708    i.SD_SendCommand    spi_sd_driver.o
    0x0800ee14   0x00000060   Code   RO          709    i.SD_SendCommand_NoDeassert  spi_sd_driver.o
    0x0800ee74   0x00000010   Code   RO          710    i.SD_WaitReady      spi_sd_driver.o
    0x0800ee84   0x000000e4   Code   RO          711    i.SD_WriteMultiBlock  spi_sd_driver.o
    0x0800ef68   0x000000c8   Code   RO          712    i.SD_WriteSingleBlock  spi_sd_driver.o
    0x0800f030   0x00000188   Code   RO         3769    i.SMS_Process       sms.o
    0x0800f1b8   0x00000034   Code   RO         3770    i.SMS_Rx_Notice     sms.o
    0x0800f1ec   0x00000104   Code   RO         3771    i.SMS_Rx_PDU        sms.o
    0x0800f2f0   0x000000bc   Code   RO         3772    i.SMS_Rx_Text       sms.o
    0x0800f3ac   0x00000014   Code   RO         3773    i.SMS_timer         sms.o
    0x0800f3c0   0x00000014   Code   RO        10767    i.SPI_CalculateCRC  stm32f2xx_spi.o
    0x0800f3d4   0x00000014   Code   RO        10768    i.SPI_Cmd           stm32f2xx_spi.o
    0x0800f3e8   0x00000006   Code   RO         4875    i.SPI_Flash_ReceiveByte  sst25vf.o
    0x0800f3ee   0x00000002   PAD
    0x0800f3f0   0x00000034   Code   RO         4876    i.SPI_Flash_SendByte  sst25vf.o
    0x0800f424   0x00000054   Code   RO        10775    i.SPI_I2S_DeInit    stm32f2xx_spi.o
    0x0800f478   0x0000000e   Code   RO        10776    i.SPI_I2S_GetFlagStatus  stm32f2xx_spi.o
    0x0800f486   0x00000004   Code   RO        10779    i.SPI_I2S_ReceiveData  stm32f2xx_spi.o
    0x0800f48a   0x00000004   Code   RO        10780    i.SPI_I2S_SendData  stm32f2xx_spi.o
    0x0800f48e   0x00000038   Code   RO        10781    i.SPI_Init          stm32f2xx_spi.o
    0x0800f4c6   0x00000002   PAD
    0x0800f4c8   0x00000034   Code   RO          715    i.SPI_ReadWriteByte  spi_sd_driver.o
    0x0800f4fc   0x00000050   Code   RO          716    i.SPI_SetSpeed      spi_sd_driver.o
    0x0800f54c   0x0000006c   Code   RO         4879    i.SST25V_BufferRead  sst25vf.o
    0x0800f5b8   0x00000050   Code   RO         4882    i.SST25V_ByteWrite  sst25vf.o
    0x0800f608   0x00000028   Code   RO         4883    i.SST25V_DBSY       sst25vf.o
    0x0800f630   0x00000128   Code   RO         4885    i.SST25V_Init       sst25vf.o
    0x0800f758   0x0000002c   Code   RO         4887    i.SST25V_ReadStatusRegister  sst25vf.o
    0x0800f784   0x00000048   Code   RO         4888    i.SST25V_SectorErase_4KByte  sst25vf.o
    0x0800f7cc   0x00000038   Code   RO         4889    i.SST25V_WaitForWriteEnd  sst25vf.o
    0x0800f804   0x00000028   Code   RO         4891    i.SST25V_WriteEnable  sst25vf.o
    0x0800f82c   0x00000002   Code   RO          462    i.SVC_Handler       stm32f4xx_it.o
    0x0800f82e   0x00000002   Code   RO         4360    i.Save_GPS          protocol_808.o
    0x0800f830   0x0000000c   Code   RO         4894    i.Sem_Dataflash_Release  sst25vf.o
    0x0800f83c   0x0000003c   Code   RO         4895    i.Sem_Dataflash_Take  sst25vf.o
    0x0800f878   0x000000a4   Code   RO         4637    i.SetConfig         sys_config.o
    0x0800f91c   0x00000052   Code   RO         3844    i.SetPhoneNumToPDU  sms_pdu.o
    0x0800f96e   0x00000002   PAD
    0x0800f970   0x00000098   Code   RO         7723    i.SetSysClock       system_stm32f2xx.o
    0x0800fa08   0x00000002   Code   RO         7322    i.Show_Menu_5_2_ExportData  menu_include.o
    0x0800fa0a   0x00000014   Code   RO         3845    i.StringFind        sms_pdu.o
    0x0800fa1e   0x00000002   PAD
    0x0800fa20   0x00000224   Code   RO         4638    i.SysConfig_Read    sys_config.o
    0x0800fc44   0x00000088   Code   RO         4639    i.SysConfig_init    sys_config.o
    0x0800fccc   0x0000000e   Code   RO         4640    i.SysConfiguration  sys_config.o
    0x0800fcda   0x00000018   Code   RO         7768    i.SysTick_CLKSourceConfig  misc.o
    0x0800fcf2   0x00000002   PAD
    0x0800fcf4   0x00000040   Code   RO          409    i.SysTick_Configuration  board.o
    0x0800fd34   0x00000012   Code   RO          410    i.SysTick_Handler   board.o
    0x0800fd46   0x00000002   PAD
    0x0800fd48   0x00000050   Code   RO         7725    i.SystemInit        system_stm32f2xx.o
    0x0800fd98   0x00000002   Code   RO         4361    i.TCP_RX_Process    protocol_808.o
    0x0800fd9a   0x00000002   PAD
    0x0800fd9c   0x0000006c   Code   RO         4192    i.TIM3_Config       device_808.o
    0x0800fe08   0x000000ac   Code   RO         4193    i.TIM3_IRQHandler   device_808.o
    0x0800feb4   0x00000014   Code   RO        10981    i.TIM_ARRPreloadConfig  stm32f2xx_tim.o
    0x0800fec8   0x00000006   Code   RO        10987    i.TIM_ClearFlag     stm32f2xx_tim.o
    0x0800fece   0x00000006   Code   RO        10988    i.TIM_ClearITPendingBit  stm32f2xx_tim.o
    0x0800fed4   0x00000014   Code   RO        10993    i.TIM_Cmd           stm32f2xx_tim.o
    0x0800fee8   0x00000084   Code   RO         4194    i.TIM_Config_PWM    device_808.o
    0x0800ff6c   0x00000150   Code   RO        10998    i.TIM_DeInit        stm32f2xx_tim.o
    0x080100bc   0x00000018   Code   RO        11014    i.TIM_GetITStatus   stm32f2xx_tim.o
    0x080100d4   0x00000010   Code   RO        11018    i.TIM_ITConfig      stm32f2xx_tim.o
    0x080100e4   0x00000060   Code   RO        11022    i.TIM_OC1Init       stm32f2xx_tim.o
    0x08010144   0x0000000c   Code   RO        11025    i.TIM_OC1PreloadConfig  stm32f2xx_tim.o
    0x08010150   0x00000014   Code   RO        11040    i.TIM_OCStructInit  stm32f2xx_tim.o
    0x08010164   0x0000007c   Code   RO        11065    i.TIM_TimeBaseInit  stm32f2xx_tim.o
    0x080101e0   0x00000020   Code   RO         3493    i.TTS_ACK_Error_Process  device_gsm.o
    0x08010200   0x0000012c   Code   RO         3494    i.TTS_Data_Play     device_gsm.o
    0x0801032c   0x0000003c   Code   RO         3495    i.TTS_Exception_TimeLimt  device_gsm.o
    0x08010368   0x00000094   Code   RO         3496    i.TTS_Get_Data      device_gsm.o
    0x080103fc   0x00000020   Code   RO         3497    i.TTS_Play_End      device_gsm.o
    0x0801041c   0x00000014   Code   RO         3498    i.TTS_play          device_gsm.o
    0x08010430   0x00000038   Code   RO          463    i.UART4_IRQHandler  stm32f4xx_it.o
    0x08010468   0x000000dc   Code   RO         3122    i.UART5_IRQHandler  gps.o
    0x08010544   0x00000100   Code   RO          545    i.USART1_IRQHandler  vuart.o
    0x08010644   0x00000038   Code   RO          464    i.USART2_IRQHandler  stm32f4xx_it.o
    0x0801067c   0x00000038   Code   RO          465    i.USART3_IRQHandler  stm32f4xx_it.o
    0x080106b4   0x00000006   Code   RO        11530    i.USART_ClearFlag   stm32f2xx_usart.o
    0x080106ba   0x0000000c   Code   RO        11531    i.USART_ClearITPendingBit  stm32f2xx_usart.o
    0x080106c6   0x00000014   Code   RO        11534    i.USART_Cmd         stm32f2xx_usart.o
    0x080106da   0x0000000e   Code   RO        11537    i.USART_GetFlagStatus  stm32f2xx_usart.o
    0x080106e8   0x0000003e   Code   RO        11538    i.USART_GetITStatus  stm32f2xx_usart.o
    0x08010726   0x00000030   Code   RO        11540    i.USART_ITConfig    stm32f2xx_usart.o
    0x08010756   0x00000002   PAD
    0x08010758   0x000000ac   Code   RO        11541    i.USART_Init        stm32f2xx_usart.o
    0x08010804   0x00000008   Code   RO        11548    i.USART_ReceiveData  stm32f2xx_usart.o
    0x0801080c   0x00000008   Code   RO        11551    i.USART_SendData    stm32f2xx_usart.o
    0x08010814   0x00000034   Code   RO         6262    i.USBH_Alloc_Channel  usbh_hcs.o
    0x08010848   0x00000026   Code   RO         6310    i.USBH_BulkReceiveData  usbh_ioreq.o
    0x0801086e   0x00000028   Code   RO         6311    i.USBH_BulkSendData  usbh_ioreq.o
    0x08010896   0x0000002e   Code   RO         6388    i.USBH_ClrFeature   usbh_stdreq.o
    0x080108c4   0x0000000a   Code   RO         6183    i.USBH_Connected    usbh_core.o
    0x080108ce   0x00000020   Code   RO         6312    i.USBH_CtlReceiveData  usbh_ioreq.o
    0x080108ee   0x00000046   Code   RO         6313    i.USBH_CtlReq       usbh_ioreq.o
    0x08010934   0x00000036   Code   RO         6314    i.USBH_CtlSendData  usbh_ioreq.o
    0x0801096a   0x00000026   Code   RO         6315    i.USBH_CtlSendSetup  usbh_ioreq.o
    0x08010990   0x00000018   Code   RO         6263    i.USBH_DeAllocate_AllChannel  usbh_hcs.o
    0x080109a8   0x00000034   Code   RO         6184    i.USBH_DeInit       usbh_core.o
    0x080109dc   0x0000000a   Code   RO         6185    i.USBH_Disconnected  usbh_core.o
    0x080109e6   0x0000002c   Code   RO         6186    i.USBH_ErrorHandle  usbh_core.o
    0x08010a12   0x00000018   Code   RO         6264    i.USBH_Free_Channel  usbh_hcs.o
    0x08010a2a   0x00000030   Code   RO         6389    i.USBH_GetDescriptor  usbh_stdreq.o
    0x08010a5a   0x0000000e   Code   RO         6390    i.USBH_GetNextDesc  usbh_stdreq.o
    0x08010a68   0x00000058   Code   RO         6391    i.USBH_Get_CfgDesc  usbh_stdreq.o
    0x08010ac0   0x0000009c   Code   RO         6392    i.USBH_Get_DevDesc  usbh_stdreq.o
    0x08010b5c   0x00000048   Code   RO         6393    i.USBH_Get_StringDesc  usbh_stdreq.o
    0x08010ba4   0x000001d4   Code   RO         6187    i.USBH_HandleControl  usbh_core.o
    0x08010d78   0x0000019c   Code   RO         6188    i.USBH_HandleEnum   usbh_core.o
    0x08010f14   0x0000003c   Code   RO         6189    i.USBH_Init         usbh_core.o
    0x08010f50   0x00000038   Code   RO         6736    i.USBH_MSC_BOT_Abort  usbh_msc_bot.o
    0x08010f88   0x0000000c   Code   RO         6785    i.USBH_MSC_ClassRequest  usbh_msc_core.o
    0x08010f94   0x0000005c   Code   RO         6737    i.USBH_MSC_DecodeCSW  usbh_msc_bot.o
    0x08010ff0   0x00000034   Code   RO         6786    i.USBH_MSC_ErrorHandle  usbh_msc_core.o
    0x08011024   0x00000164   Code   RO         6787    i.USBH_MSC_Handle   usbh_msc_core.o
    0x08011188   0x0000021c   Code   RO         6738    i.USBH_MSC_HandleBOTXfer  usbh_msc_bot.o
    0x080113a4   0x0000003c   Code   RO         6739    i.USBH_MSC_Init     usbh_msc_bot.o
    0x080113e0   0x00000038   Code   RO         6788    i.USBH_MSC_InterfaceDeInit  usbh_msc_core.o
    0x08011418   0x000000a0   Code   RO         6789    i.USBH_MSC_InterfaceInit  usbh_msc_core.o
    0x080114b8   0x0000009c   Code   RO         6838    i.USBH_MSC_ModeSense6  usbh_msc_scsi.o
    0x08011554   0x000000d8   Code   RO         6839    i.USBH_MSC_Read10   usbh_msc_scsi.o
    0x0801162c   0x000000a0   Code   RO         6840    i.USBH_MSC_ReadCapacity10  usbh_msc_scsi.o
    0x080116cc   0x000000a0   Code   RO         6841    i.USBH_MSC_RequestSense  usbh_msc_scsi.o
    0x0801176c   0x00000080   Code   RO         6842    i.USBH_MSC_TestUnitReady  usbh_msc_scsi.o
    0x080117ec   0x0000009c   Code   RO         6843    i.USBH_MSC_Write10  usbh_msc_scsi.o
    0x08011888   0x00000032   Code   RO         6265    i.USBH_Modify_Channel  usbh_hcs.o
    0x080118ba   0x000000a8   Code   RO         6900    i.USBH_OTG_ISR_Handler  usb_hcd_int.o
    0x08011962   0x00000054   Code   RO         6266    i.USBH_Open_Channel  usbh_hcs.o
    0x080119b6   0x00000002   PAD
    0x080119b8   0x00000120   Code   RO         6394    i.USBH_ParseCfgDesc  usbh_stdreq.o
    0x08011ad8   0x00000026   Code   RO         6395    i.USBH_ParseInterfaceDesc  usbh_stdreq.o
    0x08011afe   0x00000186   Code   RO         6190    i.USBH_Process      usbh_core.o
    0x08011c84   0x00000004   Code   RO         6191    i.USBH_SOF          usbh_core.o
    0x08011c88   0x00000018   Code   RO         6396    i.USBH_SetAddress   usbh_stdreq.o
    0x08011ca0   0x00000018   Code   RO         6397    i.USBH_SetCfg       usbh_stdreq.o
    0x08011cb8   0x00000002   Code   RO         5272    i.USBH_USR_Configuration_DescAvailable  usbh_usr.o
    0x08011cba   0x00000002   PAD
    0x08011cbc   0x00000034   Code   RO         5273    i.USBH_USR_DeInit   usbh_usr.o
    0x08011cf0   0x00000002   Code   RO         5274    i.USBH_USR_DeviceAddressAssigned  usbh_usr.o
    0x08011cf2   0x00000002   Code   RO         5275    i.USBH_USR_DeviceAttached  usbh_usr.o
    0x08011cf4   0x0000000c   Code   RO         5276    i.USBH_USR_DeviceDisconnected  usbh_usr.o
    0x08011d00   0x00000020   Code   RO         5277    i.USBH_USR_DeviceNotSupported  usbh_usr.o
    0x08011d20   0x00000002   Code   RO         5278    i.USBH_USR_DeviceSpeedDetected  usbh_usr.o
    0x08011d22   0x00000002   Code   RO         5279    i.USBH_USR_Device_DescAvailable  usbh_usr.o
    0x08011d24   0x00000002   Code   RO         5280    i.USBH_USR_EnumerationDone  usbh_usr.o
    0x08011d26   0x00000002   PAD
    0x08011d28   0x00000014   Code   RO         5281    i.USBH_USR_Init     usbh_usr.o
    0x08011d3c   0x00000084   Code   RO         5282    i.USBH_USR_MSC_Application  usbh_usr.o
    0x08011dc0   0x00000002   Code   RO         5283    i.USBH_USR_Manufacturer_String  usbh_usr.o
    0x08011dc2   0x00000002   PAD
    0x08011dc4   0x00000020   Code   RO         5284    i.USBH_USR_OverCurrentDetected  usbh_usr.o
    0x08011de4   0x00000002   Code   RO         5285    i.USBH_USR_Product_String  usbh_usr.o
    0x08011de6   0x00000002   Code   RO         5286    i.USBH_USR_ResetDevice  usbh_usr.o
    0x08011de8   0x00000002   Code   RO         5287    i.USBH_USR_SerialNum_String  usbh_usr.o
    0x08011dea   0x00000002   Code   RO         5288    i.USBH_USR_UnrecoveredError  usbh_usr.o
    0x08011dec   0x00000004   Code   RO         5289    i.USBH_USR_UserInput  usbh_usr.o
    0x08011df0   0x0000000c   Code   RO         5291    i.USB_Disk_RunStatus  usbh_usr.o
    0x08011dfc   0x00000014   Code   RO         5148    i.USB_OTG_BSP_ConfigVBUS  usb_bsp.o
    0x08011e10   0x00000002   Code   RO         5149    i.USB_OTG_BSP_DriveVBUS  usb_bsp.o
    0x08011e12   0x00000020   Code   RO         5150    i.USB_OTG_BSP_EnableInterrupt  usb_bsp.o
    0x08011e32   0x00000002   PAD
    0x08011e34   0x0000005c   Code   RO         5151    i.USB_OTG_BSP_Init  usb_bsp.o
    0x08011e90   0x0000000a   Code   RO         5153    i.USB_OTG_BSP_mDelay  usb_bsp.o
    0x08011e9a   0x0000001e   Code   RO         5154    i.USB_OTG_BSP_uDelay  usb_bsp.o
    0x08011eb8   0x00000080   Code   RO         6477    i.USB_OTG_CoreInit  usb_core.o
    0x08011f38   0x000000a6   Code   RO         6478    i.USB_OTG_CoreInitHost  usb_core.o
    0x08011fde   0x00000002   PAD
    0x08011fe0   0x00000058   Code   RO         6479    i.USB_OTG_CoreReset  usb_core.o
    0x08012038   0x00000010   Code   RO         6480    i.USB_OTG_DisableGlobalInt  usb_core.o
    0x08012048   0x0000003a   Code   RO         6481    i.USB_OTG_DriveVbus  usb_core.o
    0x08012082   0x00000010   Code   RO         6482    i.USB_OTG_EnableGlobalInt  usb_core.o
    0x08012092   0x00000002   PAD
    0x08012094   0x00000048   Code   RO         6483    i.USB_OTG_EnableHostInt  usb_core.o
    0x080120dc   0x00000038   Code   RO         6484    i.USB_OTG_FlushRxFifo  usb_core.o
    0x08012114   0x00000040   Code   RO         6485    i.USB_OTG_FlushTxFifo  usb_core.o
    0x08012154   0x0000002a   Code   RO         6487    i.USB_OTG_HC_DoPing  usb_core.o
    0x0801217e   0x0000003c   Code   RO         6488    i.USB_OTG_HC_Halt   usb_core.o
    0x080121ba   0x000000ec   Code   RO         6489    i.USB_OTG_HC_Init   usb_core.o
    0x080122a6   0x00000102   Code   RO         6490    i.USB_OTG_HC_StartXfer  usb_core.o
    0x080123a8   0x0000000c   Code   RO         6491    i.USB_OTG_InitFSLSPClkSel  usb_core.o
    0x080123b4   0x0000000c   Code   RO         6493    i.USB_OTG_IsEvenFrame  usb_core.o
    0x080123c0   0x0000000e   Code   RO         6494    i.USB_OTG_IsHostMode  usb_core.o
    0x080123ce   0x0000000a   Code   RO         6495    i.USB_OTG_ReadCoreItr  usb_core.o
    0x080123d8   0x0000000c   Code   RO         6496    i.USB_OTG_ReadHPRT0  usb_core.o
    0x080123e4   0x00000006   Code   RO         6497    i.USB_OTG_ReadHostAllChannels_intr  usb_core.o
    0x080123ea   0x00000020   Code   RO         6499    i.USB_OTG_ReadPacket  usb_core.o
    0x0801240a   0x0000002a   Code   RO         6500    i.USB_OTG_ResetPort  usb_core.o
    0x08012434   0x000000c0   Code   RO         6501    i.USB_OTG_SelectCore  usb_core.o
    0x080124f4   0x0000002a   Code   RO         6502    i.USB_OTG_SetCurrentMode  usb_core.o
    0x0801251e   0x00000002   PAD
    0x08012520   0x0000002c   Code   RO         6901    i.USB_OTG_USBH_handle_Disconnect_ISR  usb_hcd_int.o
    0x0801254c   0x00000046   Code   RO         6902    i.USB_OTG_USBH_handle_IncompletePeriodicXfer_ISR  usb_hcd_int.o
    0x08012592   0x00000056   Code   RO         6903    i.USB_OTG_USBH_handle_hc_ISR  usb_hcd_int.o
    0x080125e8   0x0000042a   Code   RO         6904    i.USB_OTG_USBH_handle_hc_n_In_ISR  usb_hcd_int.o
    0x08012a12   0x000003d0   Code   RO         6905    i.USB_OTG_USBH_handle_hc_n_Out_ISR  usb_hcd_int.o
    0x08012de2   0x0000012e   Code   RO         6906    i.USB_OTG_USBH_handle_nptxfempty_ISR  usb_hcd_int.o
    0x08012f10   0x00000120   Code   RO         6907    i.USB_OTG_USBH_handle_port_ISR  usb_hcd_int.o
    0x08013030   0x0000012e   Code   RO         6908    i.USB_OTG_USBH_handle_ptxfempty_ISR  usb_hcd_int.o
    0x0801315e   0x00000164   Code   RO         6909    i.USB_OTG_USBH_handle_rx_qlvl_ISR  usb_hcd_int.o
    0x080132c2   0x00000002   PAD
    0x080132c4   0x0000002c   Code   RO         6910    i.USB_OTG_USBH_handle_sof_ISR  usb_hcd_int.o
    0x080132f0   0x00000028   Code   RO         6504    i.USB_OTG_WritePacket  usb_core.o
    0x08013318   0x00000002   Code   RO          466    i.UsageFault_Handler  stm32f4xx_it.o
    0x0801331a   0x00000002   PAD
    0x0801331c   0x0000014c   Code   RO         4195    i.Voltage_Checking  device_808.o
    0x08013468   0x00000060   Code   RO         4896    i.WP64_Chip_read_page  sst25vf.o
    0x080134c8   0x00000064   Code   RO         4897    i.WP64_Chip_write_page  sst25vf.o
    0x0801352c   0x0000000c   Code   RO        11722    i.WWDG_ClearFlag    stm32f2xx_wwdg.o
    0x08013538   0x00000010   Code   RO          467    i.WWDG_IRQHandler   stm32f4xx_it.o
    0x08013548   0x00000010   Code   RO        11727    i.WWDG_SetCounter   stm32f2xx_wwdg.o
    0x08013558   0x00000024   Code   RO         4196    i.WatchDogInit      device_808.o
    0x0801357c   0x00000014   Code   RO         4197    i.WatchDog_Feed     device_808.o
    0x08013590   0x00000024   Code   RO         3967    i._485_RxHandler    device_485.o
    0x080135b4   0x00000018   Code   RO         3968    i._485_delay_ms     device_485.o
    0x080135cc   0x00000054   Code   RO         3969    i._485_startup      device_485.o
    0x08013620   0x00000028   Code   RO        12326    i.__0sprintf$6      mc_w.l(printf6.o)
    0x08013648   0x00000008   Code   RO        12463    i.__aeabi_errno_addr  mc_w.l(errno.o)
    0x08013650   0x0000000c   Code   RO        12464    i.__read_errno      mc_w.l(errno.o)
    0x0801365c   0x0000000e   Code   RO        12522    i.__scatterload_copy  mc_w.l(handlers.o)
    0x0801366a   0x00000002   Code   RO        12523    i.__scatterload_null  mc_w.l(handlers.o)
    0x0801366c   0x0000000e   Code   RO        12524    i.__scatterload_zeroinit  mc_w.l(handlers.o)
    0x0801367a   0x00000002   PAD
    0x0801367c   0x0000000c   Code   RO        12465    i.__set_errno       mc_w.l(errno.o)
    0x08013688   0x000000f8   Code   RO         3319    i._gsm_startup      app_gsm.o
    0x08013780   0x0000000e   Code   RO        12508    i._is_digit         mc_w.l(scanf_fp.o)
    0x0801378e   0x00000002   PAD
    0x08013790   0x00000090   Code   RO         1986    i._list_device      cmd.o
    0x08013820   0x000000d8   Code   RO         1987    i._list_event       cmd.o
    0x080138f8   0x000000f0   Code   RO         1988    i._list_mailbox     cmd.o
    0x080139e8   0x000000e8   Code   RO         1989    i._list_mempool     cmd.o
    0x08013ad0   0x000000d0   Code   RO         1990    i._list_msgqueue    cmd.o
    0x08013ba0   0x000000a8   Code   RO         1991    i._list_mutex       cmd.o
    0x08013c48   0x000000cc   Code   RO         1992    i._list_sem         cmd.o
    0x08013d14   0x000000ec   Code   RO         1993    i._list_thread      cmd.o
    0x08013e00   0x000000f0   Code   RO         1994    i._list_timer       cmd.o
    0x08013ef0   0x000002f0   Code   RO        12331    i._printf_core      mc_w.l(printf6.o)
    0x080141e0   0x00000024   Code   RO        12332    i._printf_post_padding  mc_w.l(printf6.o)
    0x08014204   0x0000002e   Code   RO        12333    i._printf_pre_padding  mc_w.l(printf6.o)
    0x08014232   0x00000002   PAD
    0x08014234   0x000000e4   Code   RO         1689    i._rt_scheduler_stack_check  scheduler.o
    0x08014318   0x000000dc   Code   RO         1757    i._rt_thread_init   thread.o
    0x080143f4   0x0000001c   Code   RO         1872    i._rt_timer_init    timer.o
    0x08014410   0x0000000a   Code   RO        12335    i._sputc            mc_w.l(printf6.o)
    0x0801441a   0x0000002a   Code   RO        12115    i.atof              m_ws.l(atof.o)
    0x08014444   0x0000005c   Code   RO         4363    i.buzzer_onoff      protocol_808.o
    0x080144a0   0x0000004c   Code   RO         5836    i.check_fs          ff.o
    0x080144ec   0x00000010   Code   RO         5837    i.chk_chr           ff.o
    0x080144fc   0x000001cc   Code   RO         5838    i.chk_mounted       ff.o
    0x080146c8   0x00000024   Code   RO         5839    i.clmt_clust        ff.o
    0x080146ec   0x00000018   Code   RO         5840    i.clust2sect        ff.o
    0x08014704   0x00000096   Code   RO         5841    i.create_chain      ff.o
    0x0801479a   0x00000002   PAD
    0x0801479c   0x00000244   Code   RO         5842    i.create_name       ff.o
    0x080149e0   0x00000018   Code   RO         4364    i.delay_ms          protocol_808.o
    0x080149f8   0x00000012   Code   RO         4365    i.delay_us          protocol_808.o
    0x08014a0a   0x00000002   PAD
    0x08014a0c   0x00000014   Code   RO         3123    i.dev_gps_close     gps.o
    0x08014a20   0x00000010   Code   RO         3124    i.dev_gps_control   gps.o
    0x08014a30   0x000000d8   Code   RO         3125    i.dev_gps_init      gps.o
    0x08014b08   0x00000014   Code   RO         3126    i.dev_gps_open      gps.o
    0x08014b1c   0x00000004   Code   RO         3127    i.dev_gps_read      gps.o
    0x08014b20   0x00000030   Code   RO         3128    i.dev_gps_write     gps.o
    0x08014b50   0x00000004   Code   RO          546    i.dev_vuart_close   vuart.o
    0x08014b54   0x00000098   Code   RO          547    i.dev_vuart_control  vuart.o
    0x08014bec   0x00000098   Code   RO          548    i.dev_vuart_init    vuart.o
    0x08014c84   0x00000004   Code   RO          549    i.dev_vuart_open    vuart.o
    0x08014c88   0x00000018   Code   RO          550    i.dev_vuart_read    vuart.o
    0x08014ca0   0x0000005c   Code   RO          551    i.dev_vuart_write   vuart.o
    0x08014cfc   0x00000040   Code   RO         5501    i.dfs_init          dfs.o
    0x08014d3c   0x00000130   Code   RO         5843    i.dir_find          ff.o
    0x08014e6c   0x000000ee   Code   RO         5844    i.dir_next          ff.o
    0x08014f5a   0x00000002   PAD
    0x08014f5c   0x000001a0   Code   RO         5846    i.dir_register      ff.o
    0x080150fc   0x0000007e   Code   RO         5848    i.dir_sdi           ff.o
    0x0801517a   0x00000026   Code   RO         6144    i.disk_initialize   diskio.o
    0x080151a0   0x00000014   Code   RO          622    i.disk_initialize_SD  diskio_sd.o
    0x080151b4   0x00000014   Code   RO         5292    i.disk_initialize_USB  usbh_usr.o
    0x080151c8   0x00000026   Code   RO         6145    i.disk_ioctl        diskio.o
    0x080151ee   0x00000002   PAD
    0x080151f0   0x00000050   Code   RO          623    i.disk_ioctl_SD     diskio_sd.o
    0x08015240   0x00000084   Code   RO         5293    i.disk_ioctl_USB    usbh_usr.o
    0x080152c4   0x00000026   Code   RO         6146    i.disk_read         diskio.o
    0x080152ea   0x00000028   Code   RO          624    i.disk_read_SD      diskio_sd.o
    0x08015312   0x00000002   PAD
    0x08015314   0x0000002c   Code   RO         5294    i.disk_read_USB     usbh_usr.o
    0x08015340   0x00000026   Code   RO         6147    i.disk_status       diskio.o
    0x08015366   0x00000008   Code   RO          625    i.disk_status_SD    diskio_sd.o
    0x0801536e   0x00000002   PAD
    0x08015370   0x00000014   Code   RO         5295    i.disk_status_USB   usbh_usr.o
    0x08015384   0x00000026   Code   RO         6148    i.disk_write        diskio.o
    0x080153aa   0x00000028   Code   RO          626    i.disk_write_SD     diskio_sd.o
    0x080153d2   0x00000002   PAD
    0x080153d4   0x0000002c   Code   RO         5296    i.disk_write_USB    usbh_usr.o
    0x08015400   0x00000040   Code   RO         4198    i.dispdata          device_808.o
    0x08015440   0x00000012   Code   RO         5851    i.f_close           ff.o
    0x08015452   0x00000210   Code   RO         5853    i.f_lseek           ff.o
    0x08015662   0x00000002   PAD
    0x08015664   0x00000028   Code   RO         5856    i.f_mount           ff.o
    0x0801568c   0x0000011c   Code   RO         5857    i.f_open            ff.o
    0x080157a8   0x0000007c   Code   RO         5864    i.f_sync            ff.o
    0x08015824   0x00000196   Code   RO         5868    i.f_write           ff.o
    0x080159ba   0x00000010   Code   RO         6102    i.ff_convert        cc936.o
    0x080159ca   0x00000002   PAD
    0x080159cc   0x00000024   Code   RO         6103    i.ff_wtoupper       cc936.o
    0x080159f0   0x00000034   Code   RO         2949    i.finsh_auto_complete  shell.o
    0x08015a24   0x00000020   Code   RO         2252    i.finsh_block_insert  finsh_heap.o
    0x08015a44   0x0000006c   Code   RO         2253    i.finsh_block_merge  finsh_heap.o
    0x08015ab0   0x00000024   Code   RO         2254    i.finsh_block_remove  finsh_heap.o
    0x08015ad4   0x000006a4   Code   RO         2171    i.finsh_compile     finsh_compiler.o
    0x08016178   0x00000050   Code   RO         2172    i.finsh_compiler_run  finsh_compiler.o
    0x080161c8   0x0000000c   Code   RO         2218    i.finsh_errno       finsh_error.o
    0x080161d4   0x0000000c   Code   RO         2219    i.finsh_error_init  finsh_error.o
    0x080161e0   0x0000000c   Code   RO         2220    i.finsh_error_set   finsh_error.o
    0x080161ec   0x0000000c   Code   RO         2221    i.finsh_error_string  finsh_error.o
    0x080161f8   0x00000012   Code   RO         2295    i.finsh_flush       finsh_init.o
    0x0801620a   0x00000002   PAD
    0x0801620c   0x000000d4   Code   RO         2952    i.finsh_handle_history  shell.o
    0x080162e0   0x000000b8   Code   RO         2255    i.finsh_heap_allocate  finsh_heap.o
    0x08016398   0x0000002c   Code   RO         2256    i.finsh_heap_free   finsh_heap.o
    0x080163c4   0x00000028   Code   RO         2257    i.finsh_heap_init   finsh_heap.o
    0x080163ec   0x0000001a   Code   RO         2296    i.finsh_init        finsh_init.o
    0x08016406   0x00000002   PAD
    0x08016408   0x00000030   Code   RO         2331    i.finsh_node_allocate  finsh_node.o
    0x08016438   0x00000014   Code   RO         2332    i.finsh_node_init   finsh_node.o
    0x0801644c   0x0000001a   Code   RO         2333    i.finsh_node_new_char  finsh_node.o
    0x08016466   0x0000005e   Code   RO         2334    i.finsh_node_new_id  finsh_node.o
    0x080164c4   0x0000001a   Code   RO         2335    i.finsh_node_new_int  finsh_node.o
    0x080164de   0x0000001a   Code   RO         2336    i.finsh_node_new_long  finsh_node.o
    0x080164f8   0x0000001a   Code   RO         2337    i.finsh_node_new_ptr  finsh_node.o
    0x08016512   0x00000046   Code   RO         2338    i.finsh_node_new_string  finsh_node.o
    0x08016558   0x0000000c   Code   RO         2688    i.finsh_parser_init  finsh_parser.o
    0x08016564   0x0000009a   Code   RO         2689    i.finsh_parser_run  finsh_parser.o
    0x080165fe   0x00000002   PAD
    0x08016600   0x000000a2   Code   RO         2953    i.finsh_push_history  shell.o
    0x080166a2   0x00000002   PAD
    0x080166a4   0x000000b8   Code   RO         2954    i.finsh_run_line    shell.o
    0x0801675c   0x0000006c   Code   RO         2955    i.finsh_rx_ind      shell.o
    0x080167c8   0x000000c0   Code   RO         2956    i.finsh_set_device  shell.o
    0x08016888   0x0000000c   Code   RO         2298    i.finsh_stack_bottom  finsh_init.o
    0x08016894   0x00000054   Code   RO         2911    i.finsh_syscall_lookup  finsh_vm.o
    0x080168e8   0x00000014   Code   RO         2958    i.finsh_system_function_init  shell.o
    0x080168fc   0x000000b4   Code   RO         2959    i.finsh_system_init  shell.o
    0x080169b0   0x00000014   Code   RO         2960    i.finsh_system_var_init  shell.o
    0x080169c4   0x00000054   Code   RO         2858    i.finsh_sysvar_lookup  finsh_var.o
    0x08016a18   0x0000019c   Code   RO         2961    i.finsh_thread_entry  shell.o
    0x08016bb4   0x00000012   Code   RO         2790    i.finsh_token_init  finsh_token.o
    0x08016bc6   0x00000018   Code   RO         2791    i.finsh_token_token  finsh_token.o
    0x08016bde   0x000000dc   Code   RO         2173    i.finsh_type_check  finsh_compiler.o
    0x08016cba   0x00000002   PAD
    0x08016cbc   0x00000014   Code   RO         2860    i.finsh_var_init    finsh_var.o
    0x08016cd0   0x00000060   Code   RO         2861    i.finsh_var_insert  finsh_var.o
    0x08016d30   0x00000038   Code   RO         2862    i.finsh_var_lookup  finsh_var.o
    0x08016d68   0x00000038   Code   RO         2912    i.finsh_vm_run      finsh_vm.o
    0x08016da0   0x00000068   Code   RO         5869    i.follow_path       ff.o
    0x08016e08   0x00000054   Code   RO        11802    i.gb_usb_out        gb19056.o
    0x08016e5c   0x00000044   Code   RO        11803    i.gb_work           gb19056.o
    0x08016ea0   0x00000048   Code   RO         6104    i.gbtoui            cc936.o
    0x08016ee8   0x00000078   Code   RO         5870    i.gen_numname       ff.o
    0x08016f60   0x000000ae   Code   RO         5871    i.get_fat           ff.o
    0x0801700e   0x00000002   PAD
    0x08017010   0x00000030   Code   RO          627    i.get_fattime       diskio_sd.o
    0x08017040   0x0000002c   Code   RO         3129    i.gps_baud          gps.o
    0x0801706c   0x000000a4   Code   RO         3130    i.gps_init          gps.o
    0x08017110   0x00000044   Code   RO         3131    i.gps_io_init       gps.o
    0x08017154   0x00000108   Code   RO         3132    i.gps_mode          gps.o
    0x0801725c   0x00000020   Code   RO         3133    i.gps_onoff         gps.o
    0x0801727c   0x00000024   Code   RO         3134    i.gps_raw           gps.o
    0x080172a0   0x00000024   Code   RO         4059    i.gps_thread_timer  app_808.o
    0x080172c4   0x00000030   Code   RO         3499    i.gsm_power_cut     device_gsm.o
    0x080172f4   0x000000b8   Code   RO         3320    i.gsm_thread_entry  app_gsm.o
    0x080173ac   0x000000ac   Code   RO         7231    i.keypress          menu_1_idle.o
    0x08017458   0x0000003c   Code   RO         7480    i.keypress          menu_txt.o
    0x08017494   0x00000006   Code   RO         7532    i.lcd_RstLow        lcd_driver.o
    0x0801749a   0x0000003c   Code   RO         7534    i.lcd_clear         lcd_driver.o
    0x080174d6   0x00000002   PAD
    0x080174d8   0x00000070   Code   RO         7536    i.lcd_fill          lcd_driver.o
    0x08017548   0x000000e4   Code   RO         7538    i.lcd_init          lcd_driver.o
    0x0801762c   0x00000080   Code   RO         7540    i.lcd_out_ctl       lcd_driver.o
    0x080176ac   0x00000084   Code   RO         7541    i.lcd_out_dat       lcd_driver.o
    0x08017730   0x000001f4   Code   RO         7542    i.lcd_text12        lcd_driver.o
    0x08017924   0x00000090   Code   RO         7544    i.lcd_update        lcd_driver.o
    0x080179b4   0x00000008   Code   RO         7545    i.lcd_update_all    lcd_driver.o
    0x080179bc   0x000000c8   Code   RO         1995    i.list              cmd.o
    0x08017a84   0x0000000c   Code   RO         1996    i.list_device       cmd.o
    0x08017a90   0x0000000c   Code   RO         1997    i.list_event        cmd.o
    0x08017a9c   0x0000000c   Code   RO         1998    i.list_mailbox      cmd.o
    0x08017aa8   0x0000006c   Code   RO         1447    i.list_mem          mem.o
    0x08017b14   0x0000000c   Code   RO         1999    i.list_mempool      cmd.o
    0x08017b20   0x0000000c   Code   RO         2000    i.list_msgqueue     cmd.o
    0x08017b2c   0x0000000c   Code   RO         2001    i.list_mutex        cmd.o
    0x08017b38   0x000001d4   Code   RO         2002    i.list_prefix       cmd.o
    0x08017d0c   0x0000000c   Code   RO         2003    i.list_sem          cmd.o
    0x08017d18   0x0000000c   Code   RO         2004    i.list_thread       cmd.o
    0x08017d24   0x0000000c   Code   RO         2005    i.list_timer        cmd.o
    0x08017d30   0x00000064   Code   RO        11804    i.lora_L_addr       gb19056.o
    0x08017d94   0x00000044   Code   RO        11805    i.lora_L_ch         gb19056.o
    0x08017dd8   0x0000001c   Code   RO        11806    i.lora_clear        gb19056.o
    0x08017df4   0x0000016c   Code   RO        11807    i.lora_info         gb19056.o
    0x08017f60   0x00000064   Code   RO        11988    i.lora_mode         device_usrserial.o
    0x08017fc4   0x00000030   Code   RO        11989    i.lora_send         device_usrserial.o
    0x08017ff4   0x00000048   Code   RO        11808    i.lora_set_baud     gb19056.o
    0x0801803c   0x0000005c   Code   RO        11809    i.lora_set_desc     gb19056.o
    0x08018098   0x000000e4   Code   RO        11810    i.lora_sethelp      gb19056.o
    0x0801817c   0x00000034   Code   RO        11811    i.lora_wr_type      gb19056.o
    0x080181b0   0x00000050   Code   RO         4199    i.loralight_control  device_808.o
    0x08018200   0x0000000e   Code   RO          305    i.main              startup.o
    0x0801820e   0x00000020   Code   RO         2690    i.make_sys_node     finsh_parser.o
    0x0801822e   0x00000002   PAD
    0x08018230   0x00000036   Code   RO         5873    i.mem_cpy           ff.o
    0x08018266   0x0000000e   Code   RO         5874    i.mem_set           ff.o
    0x08018274   0x0000006a   Code   RO         5875    i.move_window       ff.o
    0x080182de   0x00000002   PAD
    0x080182e0   0x0000001c   Code   RO         5297    i.msc_close         usbh_usr.o
    0x080182fc   0x0000001c   Code   RO         5298    i.msc_control       usbh_usr.o
    0x08018318   0x00000004   Code   RO         5299    i.msc_init          usbh_usr.o
    0x0801831c   0x00000004   Code   RO         5300    i.msc_open          usbh_usr.o
    0x08018320   0x00000074   Code   RO         5301    i.msc_read          usbh_usr.o
    0x08018394   0x00000068   Code   RO         5302    i.msc_write         usbh_usr.o
    0x080183fc   0x00000002   Code   RO         7232    i.msg               menu_1_idle.o
    0x080183fe   0x00000002   Code   RO         7481    i.msg               menu_txt.o
    0x08018400   0x00000138   Code   RO         1448    i.plug_holes        mem.o
    0x08018538   0x0000012c   Code   RO         1281    i.print_number      kservice.o
    0x08018664   0x0000004c   Code   RO         2691    i.proc_additive_expr  finsh_parser.o
    0x080186b0   0x00000038   Code   RO         2692    i.proc_and_expr     finsh_parser.o
    0x080186e8   0x00000058   Code   RO         2693    i.proc_assign_expr  finsh_parser.o
    0x08018740   0x00000042   Code   RO         2694    i.proc_cast_expr    finsh_parser.o
    0x08018782   0x00000038   Code   RO         2695    i.proc_exclusive_or_expr  finsh_parser.o
    0x080187ba   0x00000004   Code   RO         2696    i.proc_expr         finsh_parser.o
    0x080187be   0x00000032   Code   RO         2697    i.proc_expr_statement  finsh_parser.o
    0x080187f0   0x0000002a   Code   RO         2698    i.proc_identifier   finsh_parser.o
    0x0801881a   0x0000005a   Code   RO         2699    i.proc_multiplicative_expr  finsh_parser.o
    0x08018874   0x0000009e   Code   RO         2700    i.proc_postfix_expr  finsh_parser.o
    0x08018912   0x000000a8   Code   RO         2701    i.proc_primary_expr  finsh_parser.o
    0x080189ba   0x0000004c   Code   RO         2702    i.proc_shift_expr   finsh_parser.o
    0x08018a06   0x000000ba   Code   RO         2703    i.proc_type         finsh_parser.o
    0x08018ac0   0x0000009a   Code   RO         2704    i.proc_unary_expr   finsh_parser.o
    0x08018b5a   0x00000184   Code   RO         2705    i.proc_variable_decl  finsh_parser.o
    0x08018cde   0x00000002   PAD
    0x08018ce0   0x000000dc   Code   RO         5876    i.put_fat           ff.o
    0x08018dbc   0x0000000c   Code   RO         4366    i.redial            protocol_808.o
    0x08018dc8   0x00000062   Code   RO         5877    i.remove_chain      ff.o
    0x08018e2a   0x00000002   PAD
    0x08018e2c   0x0000001c   Code   RO         4200    i.reset             device_808.o
    0x08018e48   0x00000030   Code   RO            5    i.rt_application_init  application.o
    0x08018e78   0x00000028   Code   RO         1283    i.rt_console_set_device  kservice.o
    0x08018ea0   0x00000070   Code   RO          865    i.rt_device_close   device.o
    0x08018f10   0x00000070   Code   RO          866    i.rt_device_control  device.o
    0x08018f80   0x00000050   Code   RO          867    i.rt_device_find    device.o
    0x08018fd0   0x000000c0   Code   RO          868    i.rt_device_init    device.o
    0x08019090   0x0000007c   Code   RO          869    i.rt_device_init_all  device.o
    0x0801910c   0x000000e8   Code   RO          870    i.rt_device_open    device.o
    0x080191f4   0x00000084   Code   RO          871    i.rt_device_read    device.o
    0x08019278   0x0000001c   Code   RO          872    i.rt_device_register  device.o
    0x08019294   0x00000060   Code   RO          873    i.rt_device_set_rx_indicate  device.o
    0x080192f4   0x00000060   Code   RO          875    i.rt_device_unregister  device.o
    0x08019354   0x00000084   Code   RO          876    i.rt_device_write   device.o
    0x080193d8   0x0000001c   Code   RO         1690    i.rt_enter_critical  scheduler.o
    0x080193f4   0x00000030   Code   RO         1691    i.rt_exit_critical  scheduler.o
    0x08019424   0x000001c8   Code   RO         1450    i.rt_free           mem.o
    0x080195ec   0x00000020   Code   RO         3971    i.rt_hw_485_putc    device_485.o
    0x0801960c   0x00000024   Code   RO          411    i.rt_hw_board_init  board.o
    0x08019630   0x00000002   Code   RO         1286    i.rt_hw_console_output  kservice.o
    0x08019632   0x00000002   PAD
    0x08019634   0x00000124   Code   RO         3500    i.rt_hw_gsm_init    device_gsm.o
    0x08019758   0x00000020   Code   RO         3501    i.rt_hw_gsm_output  device_gsm.o
    0x08019778   0x00000024   Code   RO         3502    i.rt_hw_gsm_output_Data  device_gsm.o
    0x0801979c   0x00000020   Code   RO         3503    i.rt_hw_gsm_putc    device_gsm.o
    0x080197bc   0x000000f4   Code   RO         7652    i.rt_hw_hard_fault_exception  cpuport.o
    0x080198b0   0x00000044   Code   RO         4790    i.rt_hw_rtc_init    rtc.o
    0x080198f4   0x0000004a   Code   RO         7653    i.rt_hw_stack_init  cpuport.o
    0x0801993e   0x00000002   PAD
    0x08019940   0x0000006c   Code   RO          552    i.rt_hw_usart_init  vuart.o
    0x080199ac   0x00000002   Code   RO            6    i.rt_init_thread_entry  application.o
    0x080199ae   0x00000002   PAD
    0x080199b0   0x0000001c   Code   RO         1253    i.rt_interrupt_enter  irq.o
    0x080199cc   0x0000000c   Code   RO         1254    i.rt_interrupt_get_nest  irq.o
    0x080199d8   0x0000001c   Code   RO         1255    i.rt_interrupt_leave  irq.o
    0x080199f4   0x0000000e   Code   RO         1001    i.rt_ipc_list_resume  ipc.o
    0x08019a02   0x00000002   PAD
    0x08019a04   0x00000052   Code   RO         1003    i.rt_ipc_list_suspend  ipc.o
    0x08019a56   0x00000002   PAD
    0x08019a58   0x00000038   Code   RO         1287    i.rt_kprintf        kservice.o
    0x08019a90   0x0000000e   Code   RO         1587    i.rt_list_insert_after  object.o
    0x08019a9e   0x0000000e   Code   RO         1758    i.rt_list_insert_after  thread.o
    0x08019aac   0x0000000e   Code   RO         1004    i.rt_list_insert_before  ipc.o
    0x08019aba   0x0000000e   Code   RO         1873    i.rt_list_insert_before  timer.o
    0x08019ac8   0x00000012   Code   RO         2006    i.rt_list_len       cmd.o
    0x08019ada   0x00000012   Code   RO         1588    i.rt_list_remove    object.o
    0x08019aec   0x00000012   Code   RO         1759    i.rt_list_remove    thread.o
    0x08019afe   0x00000012   Code   RO         1874    i.rt_list_remove    timer.o
    0x08019b10   0x00000264   Code   RO         1452    i.rt_malloc         mem.o
    0x08019d74   0x0000004a   Code   RO         1290    i.rt_memcpy         kservice.o
    0x08019dbe   0x00000002   PAD
    0x08019dc0   0x00000046   Code   RO         1292    i.rt_memset         kservice.o
    0x08019e06   0x00000002   PAD
    0x08019e08   0x000000b8   Code   RO         1017    i.rt_mq_init        ipc.o
    0x08019ec0   0x00000214   Code   RO         1018    i.rt_mq_recv        ipc.o
    0x0801a0d4   0x00000140   Code   RO         1019    i.rt_mq_send        ipc.o
    0x0801a214   0x00000084   Code   RO         1025    i.rt_mutex_init     ipc.o
    0x0801a298   0x000000d8   Code   RO         1589    i.rt_object_allocate  object.o
    0x0801a370   0x000000d4   Code   RO         1591    i.rt_object_delete  object.o
    0x0801a444   0x00000080   Code   RO         1592    i.rt_object_detach  object.o
    0x0801a4c4   0x00000048   Code   RO         1596    i.rt_object_init    object.o
    0x0801a50c   0x00000068   Code   RO         1597    i.rt_object_is_systemobject  object.o
    0x0801a574   0x000000a0   Code   RO         3066    i.rt_ringbuffer_get  ringbuffer.o
    0x0801a614   0x00000078   Code   RO         3067    i.rt_ringbuffer_getchar  ringbuffer.o
    0x0801a68c   0x0000006c   Code   RO         3068    i.rt_ringbuffer_init  ringbuffer.o
    0x0801a6f8   0x00000078   Code   RO         3070    i.rt_ringbuffer_putchar  ringbuffer.o
    0x0801a770   0x000000a8   Code   RO         4791    i.rt_rtc_control    rtc.o
    0x0801a818   0x00000004   Code   RO         4792    i.rt_rtc_open       rtc.o
    0x0801a81c   0x00000004   Code   RO         4793    i.rt_rtc_read       rtc.o
    0x0801a820   0x0000009c   Code   RO         1692    i.rt_schedule       scheduler.o
    0x0801a8bc   0x0000009c   Code   RO         1693    i.rt_schedule_insert_thread  scheduler.o
    0x0801a958   0x0000009c   Code   RO         1694    i.rt_schedule_remove_thread  scheduler.o
    0x0801a9f4   0x00000074   Code   RO         1032    i.rt_sem_init       ipc.o
    0x0801aa68   0x00000044   Code   RO         1033    i.rt_sem_release    ipc.o
    0x0801aaac   0x00000140   Code   RO         1034    i.rt_sem_take       ipc.o
    0x0801abec   0x00000020   Code   RO         1293    i.rt_set_errno      kservice.o
    0x0801ac0c   0x000000b0   Code   RO         1294    i.rt_show_version   kservice.o
    0x0801acbc   0x00000070   Code   RO         1875    i.rt_soft_timer_check  timer.o
    0x0801ad2c   0x00000010   Code   RO         1300    i.rt_strlen         kservice.o
    0x0801ad3c   0x00000020   Code   RO         1301    i.rt_strncmp        kservice.o
    0x0801ad5c   0x00000026   Code   RO         1302    i.rt_strncpy        kservice.o
    0x0801ad82   0x00000002   PAD
    0x0801ad84   0x00000134   Code   RO         1456    i.rt_system_heap_init  mem.o
    0x0801aeb8   0x00000002   Code   RO         1601    i.rt_system_object_init  object.o
    0x0801aeba   0x00000002   PAD
    0x0801aebc   0x00000034   Code   RO         1696    i.rt_system_scheduler_init  scheduler.o
    0x0801aef0   0x00000058   Code   RO         1697    i.rt_system_scheduler_start  scheduler.o
    0x0801af48   0x00000002   Code   RO          827    i.rt_system_tick_init  clock.o
    0x0801af4a   0x00000002   Code   RO         1876    i.rt_system_timer_init  timer.o
    0x0801af4c   0x00000044   Code   RO         1877    i.rt_system_timer_thread_init  timer.o
    0x0801af90   0x00000048   Code   RO         1761    i.rt_thread_create  thread.o
    0x0801afd8   0x00000004   Code   RO         1762    i.rt_thread_delay   thread.o
    0x0801afdc   0x00000068   Code   RO         3136    i.rt_thread_entry_gps  gps.o
    0x0801b044   0x0000004c   Code   RO         5228    i.rt_thread_entry_usbmsc  usbh.o
    0x0801b090   0x00000060   Code   RO         1765    i.rt_thread_exit    thread.o
    0x0801b0f0   0x00000018   Code   RO          948    i.rt_thread_idle_entry  idle.o
    0x0801b108   0x000000e0   Code   RO          949    i.rt_thread_idle_excute  idle.o
    0x0801b1e8   0x00000038   Code   RO          950    i.rt_thread_idle_init  idle.o
    0x0801b220   0x000000c4   Code   RO         1767    i.rt_thread_init    thread.o
    0x0801b2e4   0x00000098   Code   RO         1768    i.rt_thread_resume  thread.o
    0x0801b37c   0x0000000c   Code   RO         1769    i.rt_thread_self    thread.o
    0x0801b388   0x00000098   Code   RO         1770    i.rt_thread_sleep   thread.o
    0x0801b420   0x000000c8   Code   RO         1771    i.rt_thread_startup  thread.o
    0x0801b4e8   0x00000084   Code   RO         1772    i.rt_thread_suspend  thread.o
    0x0801b56c   0x000000c0   Code   RO         1773    i.rt_thread_timeout  thread.o
    0x0801b62c   0x00000030   Code   RO         1878    i.rt_thread_timer_entry  timer.o
    0x0801b65c   0x0000005c   Code   RO         1774    i.rt_thread_yield   thread.o
    0x0801b6b8   0x0000000c   Code   RO          829    i.rt_tick_get       clock.o
    0x0801b6c4   0x0000002c   Code   RO          830    i.rt_tick_increase  clock.o
    0x0801b6f0   0x00000074   Code   RO         1879    i.rt_timer_check    timer.o
    0x0801b764   0x0000008c   Code   RO         1880    i.rt_timer_control  timer.o
    0x0801b7f0   0x0000002e   Code   RO         1881    i.rt_timer_create   timer.o
    0x0801b81e   0x00000002   PAD
    0x0801b820   0x00000080   Code   RO         1884    i.rt_timer_init     timer.o
    0x0801b8a0   0x00000010   Code   RO         1885    i.rt_timer_list_next_timeout  timer.o
    0x0801b8b0   0x00000140   Code   RO         1887    i.rt_timer_start    timer.o
    0x0801b9f0   0x000000c8   Code   RO          306    i.rtthread_startup  startup.o
    0x0801bab8   0x0000001c   Code   RO         7233    i.show              menu_1_idle.o
    0x0801bad4   0x0000015c   Code   RO         7482    i.show              menu_txt.o
    0x0801bc30   0x00000030   Code   RO         2007    i.show_wait_queue   cmd.o
    0x0801bc60   0x00000028   Code   RO         1305    i.skip_atoi         kservice.o
    0x0801bc88   0x00000054   Code   RO         4367    i.str2ip            protocol_808.o
    0x0801bcdc   0x0000001a   Code   RO         2008    i.str_common        cmd.o
    0x0801bcf6   0x0000001a   Code   RO         2009    i.str_is_prefix     cmd.o
    0x0801bd10   0x00000018   Code   RO         2962    i.strcmp            shell.o
    0x0801bd28   0x00000068   Code   RO         4368    i.strtrim           protocol_808.o
    0x0801bd90   0x0000001a   Code   RO         5879    i.sum_sfn           ff.o
    0x0801bdaa   0x00000002   PAD
    0x0801bdac   0x00000078   Code   RO         5880    i.sync              ff.o
    0x0801be24   0x000002cc   Code   RO        11812    i.thread_GBData_mode  gb19056.o
    0x0801c0f0   0x00000080   Code   RO         4060    i.timeout_app       app_808.o
    0x0801c170   0x0000002a   Code   RO         3321    i.timeout_gsm       app_gsm.o
    0x0801c19a   0x00000002   PAD
    0x0801c19c   0x00000114   Code   RO         7234    i.timetick          menu_1_idle.o
    0x0801c2b0   0x00000024   Code   RO         7483    i.timetick          menu_txt.o
    0x0801c2d4   0x00000066   Code   RO         2792    i.token_get_string  finsh_token.o
    0x0801c33a   0x00000038   Code   RO         2793    i.token_next_char   finsh_token.o
    0x0801c372   0x00000012   Code   RO         2794    i.token_prev_char   finsh_token.o
    0x0801c384   0x0000008e   Code   RO         2795    i.token_proc_char   finsh_token.o
    0x0801c412   0x00000002   PAD
    0x0801c414   0x0000008e   Code   RO         2796    i.token_proc_escape  finsh_token.o
    0x0801c4a2   0x00000002   PAD
    0x0801c4a4   0x000000e2   Code   RO         2797    i.token_proc_number  finsh_token.o
    0x0801c586   0x00000002   PAD
    0x0801c588   0x000001b4   Code   RO         2798    i.token_run         finsh_token.o
    0x0801c73c   0x00000074   Code   RO         2799    i.token_spec_number  finsh_token.o
    0x0801c7b0   0x00000040   Code   RO        11990    i.u3_RxHandler      device_usrserial.o
    0x0801c7f0   0x00000010   Code   RO        11992    i.u3_txdata         device_usrserial.o
    0x0801c800   0x0000002c   Code   RO          553    i.uart1_baud        vuart.o
    0x0801c82c   0x00000048   Code   RO         6105    i.uitogb            cc936.o
    0x0801c874   0x00000040   Code   RO         5229    i.usbh_init         usbh.o
    0x0801c8b4   0x00000020   Code   RO         5881    i.validate          ff.o
    0x0801c8d4   0x0000000a   Code   RO         2010    i.version           cmd.o
    0x0801c8de   0x00000002   PAD
    0x0801c8e0   0x00000274   Code   RO         1306    i.vsnprintf         kservice.o
    0x0801cb54   0x00000012   Data   RO          555    .constdata          vuart.o
    0x0801cb66   0x000000a8   Data   RO          877    .constdata          device.o
    0x0801cc0e   0x00000016   Data   RO          953    .constdata          idle.o
    0x0801cc24   0x000001c6   Data   RO         1036    .constdata          ipc.o
    0x0801cdea   0x00000022   Data   RO         1308    .constdata          kservice.o
    0x0801ce0c   0x00000009   Data   RO         1458    .constdata          mem.o
    0x0801ce15   0x0000001e   Data   RO         1459    .constdata          mem.o
    0x0801ce33   0x00000046   Data   RO         1460    .constdata          mem.o
    0x0801ce79   0x0000005e   Data   RO         1602    .constdata          object.o
    0x0801ced7   0x0000014e   Data   RO         1699    .constdata          scheduler.o
    0x0801d025   0x000000aa   Data   RO         1775    .constdata          thread.o
    0x0801d0cf   0x0000005c   Data   RO         1891    .constdata          timer.o
    0x0801d12b   0x00000008   Data   RO         2011    .constdata          cmd.o
    0x0801d133   0x00000025   Data   RO         2012    .constdata          cmd.o
    0x0801d158   0x0000000c   Data   RO         2013    .constdata          cmd.o
    0x0801d164   0x0000000c   Data   RO         2014    .constdata          cmd.o
    0x0801d170   0x00000009   Data   RO         2015    .constdata          cmd.o
    0x0801d179   0x00000019   Data   RO         2016    .constdata          cmd.o
    0x0801d192   0x0000000b   Data   RO         2017    .constdata          cmd.o
    0x0801d19d   0x00000015   Data   RO         2018    .constdata          cmd.o
    0x0801d1b2   0x0000000b   Data   RO         2019    .constdata          cmd.o
    0x0801d1bd   0x00000015   Data   RO         2020    .constdata          cmd.o
    0x0801d1d2   0x0000000d   Data   RO         2021    .constdata          cmd.o
    0x0801d1df   0x00000018   Data   RO         2022    .constdata          cmd.o
    0x0801d1f7   0x0000000e   Data   RO         2023    .constdata          cmd.o
    0x0801d205   0x0000001d   Data   RO         2024    .constdata          cmd.o
    0x0801d222   0x0000000d   Data   RO         2025    .constdata          cmd.o
    0x0801d22f   0x0000001b   Data   RO         2026    .constdata          cmd.o
    0x0801d24a   0x0000000b   Data   RO         2027    .constdata          cmd.o
    0x0801d255   0x00000015   Data   RO         2028    .constdata          cmd.o
    0x0801d26a   0x0000000c   Data   RO         2029    .constdata          cmd.o
    0x0801d276   0x00000016   Data   RO         2030    .constdata          cmd.o
    0x0801d28c   0x00000005   Data   RO         2031    .constdata          cmd.o
    0x0801d291   0x0000001a   Data   RO         2032    .constdata          cmd.o
    0x0801d2ab   0x00000006   Data   RO         2033    .constdata          cmd.o
    0x0801d2b1   0x00000019   Data   RO         2034    .constdata          cmd.o
    0x0801d2ca   0x00000002   PAD
    0x0801d2cc   0x00000040   Data   RO         2035    .constdata          cmd.o
    0x0801d30c   0x000000c4   Data   RO         2436    .constdata          finsh_ops.o
    0x0801d3d0   0x00000040   Data   RO         2800    .constdata          finsh_token.o
    0x0801d410   0x0000004d   Data   RO         2965    .constdata          shell.o
    0x0801d45d   0x00000063   Data   RO         3071    .constdata          ringbuffer.o
    0x0801d4c0   0x00000030   Data   RO         3139    .constdata          gps.o
    0x0801d4f0   0x0000000a   Data   RO         3140    .constdata          gps.o
    0x0801d4fa   0x00000014   Data   RO         3141    .constdata          gps.o
    0x0801d50e   0x00000009   Data   RO         3142    .constdata          gps.o
    0x0801d517   0x00000013   Data   RO         3143    .constdata          gps.o
    0x0801d52a   0x00000008   Data   RO         3144    .constdata          gps.o
    0x0801d532   0x0000000f   Data   RO         3145    .constdata          gps.o
    0x0801d541   0x0000018e   Data   RO         3505    .constdata          device_gsm.o
    0x0801d6cf   0x00000009   Data   RO         3514    .constdata          device_gsm.o
    0x0801d6d8   0x00000009   Data   RO         3515    .constdata          device_gsm.o
    0x0801d6e1   0x0000000c   Data   RO         3516    .constdata          device_gsm.o
    0x0801d6ed   0x0000000c   Data   RO         3517    .constdata          device_gsm.o
    0x0801d6f9   0x00000003   Data   RO         3518    .constdata          device_gsm.o
    0x0801d6fc   0x00000003   Data   RO         3519    .constdata          device_gsm.o
    0x0801d6ff   0x000000bc   Data   RO         3846    .constdata          sms_pdu.o
    0x0801d7bb   0x00000006   Data   RO         4203    .constdata          device_808.o
    0x0801d7c1   0x0000000d   Data   RO         4204    .constdata          device_808.o
    0x0801d7ce   0x00000009   Data   RO         4205    .constdata          device_808.o
    0x0801d7d7   0x0000000f   Data   RO         4206    .constdata          device_808.o
    0x0801d7e6   0x00000012   Data   RO         4207    .constdata          device_808.o
    0x0801d7f8   0x00000010   Data   RO         4208    .constdata          device_808.o
    0x0801d808   0x00000007   Data   RO         4402    .constdata          protocol_808.o
    0x0801d80f   0x00000007   Data   RO         4403    .constdata          protocol_808.o
    0x0801d816   0x0000000f   Data   RO         4797    .constdata          rtc.o
    0x0801d825   0x0000002d   Data   RO         5319    .constdata          usbh_usr.o
    0x0801d852   0x0000003a   Data   RO         5883    .constdata          ff.o
    0x0801d88c   0x0000044e   Data   RO         6106    .constdata          cc936.o
    0x0801dcda   0x0000000e   Data   RO        11814    .constdata          gb19056.o
    0x0801dce8   0x00000010   Data   RO        11815    .constdata          gb19056.o
    0x0801dcf8   0x0000000e   Data   RO        11816    .constdata          gb19056.o
    0x0801dd06   0x00000010   Data   RO        11817    .constdata          gb19056.o
    0x0801dd16   0x00000008   Data   RO        11818    .constdata          gb19056.o
    0x0801dd1e   0x0000000d   Data   RO        11819    .constdata          gb19056.o
    0x0801dd2b   0x0000000b   Data   RO        11820    .constdata          gb19056.o
    0x0801dd36   0x0000000d   Data   RO        11821    .constdata          gb19056.o
    0x0801dd43   0x0000000c   Data   RO        11822    .constdata          gb19056.o
    0x0801dd4f   0x00000019   Data   RO        11823    .constdata          gb19056.o
    0x0801dd68   0x0000000a   Data   RO        11824    .constdata          gb19056.o
    0x0801dd72   0x00000016   Data   RO        11825    .constdata          gb19056.o
    0x0801dd88   0x0000000e   Data   RO        11826    .constdata          gb19056.o
    0x0801dd96   0x00000018   Data   RO        11827    .constdata          gb19056.o
    0x0801ddae   0x0000000d   Data   RO        11828    .constdata          gb19056.o
    0x0801ddbb   0x00000012   Data   RO        11829    .constdata          gb19056.o
    0x0801ddcd   0x0000000e   Data   RO        11830    .constdata          gb19056.o
    0x0801dddb   0x00000018   Data   RO        11831    .constdata          gb19056.o
    0x0801ddf3   0x0000000a   Data   RO        11832    .constdata          gb19056.o
    0x0801ddfd   0x0000000c   Data   RO        11833    .constdata          gb19056.o
    0x0801de09   0x0000000d   Data   RO        11834    .constdata          gb19056.o
    0x0801de16   0x0000000f   Data   RO        11835    .constdata          gb19056.o
    0x0801de25   0x0000000b   Data   RO        11836    .constdata          gb19056.o
    0x0801de30   0x0000000d   Data   RO        11837    .constdata          gb19056.o
    0x0801de3d   0x00000008   Data   RO        11838    .constdata          gb19056.o
    0x0801de45   0x0000000f   Data   RO        11839    .constdata          gb19056.o
    0x0801de54   0x0000000a   Data   RO        11994    .constdata          device_usrserial.o
    0x0801de5e   0x00000013   Data   RO        11995    .constdata          device_usrserial.o
    0x0801de71   0x0000000a   Data   RO        11996    .constdata          device_usrserial.o
    0x0801de7b   0x00000011   Data   RO        11997    .constdata          device_usrserial.o
    0x0801de8c   0x0000000a   Data   RO        11998    .constdata          device_usrserial.o
    0x0801de96   0x0000000c   Data   RO        11999    .constdata          device_usrserial.o
    0x0801dea2   0x00000081   Data   RO        12122    .constdata          mc_w.l(ctype_o.o)
    0x0801df23   0x00000001   PAD
    0x0801df24   0x00000004   Data   RO        12123    .constdata          mc_w.l(ctype_o.o)
    0x0801df28   0x000000ed   Data   RO         1461    .conststring        mem.o
    0x0801e015   0x00000003   PAD
    0x0801e018   0x0000016d   Data   RO         2036    .conststring        cmd.o
    0x0801e185   0x00000003   PAD
    0x0801e188   0x000000f3   Data   RO         2222    .conststring        finsh_error.o
    0x0801e27b   0x00000001   PAD
    0x0801e27c   0x0000003e   Data   RO         2801    .conststring        finsh_token.o
    0x0801e2ba   0x00000002   PAD
    0x0801e2bc   0x00000009   Data   RO         7235    .conststring        menu_1_idle.o
    0x0801e2c5   0x00000003   PAD
    0x0801e2c8   0x00000009   Data   RO         7484    .conststring        menu_txt.o
    0x0801e2d1   0x00000003   PAD
    0x0801e2d4   0x000000e1   Data   RO        11840    .conststring        gb19056.o
    0x0801e3b5   0x00000003   PAD
    0x0801e3b8   0x0000000c   Data   RO         1463    FSymTab             mem.o
    0x0801e3c4   0x0000000c   Data   RO         2038    FSymTab             cmd.o
    0x0801e3d0   0x0000000c   Data   RO         2039    FSymTab             cmd.o
    0x0801e3dc   0x0000000c   Data   RO         2040    FSymTab             cmd.o
    0x0801e3e8   0x0000000c   Data   RO         2041    FSymTab             cmd.o
    0x0801e3f4   0x0000000c   Data   RO         2042    FSymTab             cmd.o
    0x0801e400   0x0000000c   Data   RO         2043    FSymTab             cmd.o
    0x0801e40c   0x0000000c   Data   RO         2044    FSymTab             cmd.o
    0x0801e418   0x0000000c   Data   RO         2045    FSymTab             cmd.o
    0x0801e424   0x0000000c   Data   RO         2046    FSymTab             cmd.o
    0x0801e430   0x0000000c   Data   RO         2047    FSymTab             cmd.o
    0x0801e43c   0x0000000c   Data   RO         2048    FSymTab             cmd.o
    0x0801e448   0x0000000c   Data   RO         3149    FSymTab             gps.o
    0x0801e454   0x0000000c   Data   RO         3150    FSymTab             gps.o
    0x0801e460   0x0000000c   Data   RO         3151    FSymTab             gps.o
    0x0801e46c   0x0000000c   Data   RO         3533    FSymTab             device_gsm.o
    0x0801e478   0x0000000c   Data   RO         3534    FSymTab             device_gsm.o
    0x0801e484   0x0000000c   Data   RO         3535    FSymTab             device_gsm.o
    0x0801e490   0x0000000c   Data   RO         4213    FSymTab             device_808.o
    0x0801e49c   0x0000000c   Data   RO         4214    FSymTab             device_808.o
    0x0801e4a8   0x0000000c   Data   RO         4215    FSymTab             device_808.o
    0x0801e4b4   0x0000000c   Data   RO         4518    FSymTab             protocol_808.o
    0x0801e4c0   0x0000000c   Data   RO        11844    FSymTab             gb19056.o
    0x0801e4cc   0x0000000c   Data   RO        11845    FSymTab             gb19056.o
    0x0801e4d8   0x0000000c   Data   RO        11846    FSymTab             gb19056.o
    0x0801e4e4   0x0000000c   Data   RO        11847    FSymTab             gb19056.o
    0x0801e4f0   0x0000000c   Data   RO        11848    FSymTab             gb19056.o
    0x0801e4fc   0x0000000c   Data   RO        11849    FSymTab             gb19056.o
    0x0801e508   0x0000000c   Data   RO        11850    FSymTab             gb19056.o
    0x0801e514   0x0000000c   Data   RO        11851    FSymTab             gb19056.o
    0x0801e520   0x0000000c   Data   RO        11852    FSymTab             gb19056.o
    0x0801e52c   0x0000000c   Data   RO        11853    FSymTab             gb19056.o
    0x0801e538   0x0000000c   Data   RO        11854    FSymTab             gb19056.o
    0x0801e544   0x0000000c   Data   RO        11855    FSymTab             gb19056.o
    0x0801e550   0x0000000c   Data   RO        11856    FSymTab             gb19056.o
    0x0801e55c   0x0000000c   Data   RO        12003    FSymTab             device_usrserial.o
    0x0801e568   0x0000000c   Data   RO        12004    FSymTab             device_usrserial.o
    0x0801e574   0x0000000c   Data   RO        12005    FSymTab             device_usrserial.o
    0x0801e580   0x00000020   Data   RO        12520    Region$$Table       anon$$obj.o
    0x0801e5a0   0x00000010   Data   RO         2049    VSymTab             cmd.o


    Execution Region RW_IRAM1 (Base: 0x20000000, Size: 0x00012760, Max: 0x00020000, ABSOLUTE, COMPRESSED[0x000003d4])

    Base Addr    Size         Type   Attr      Idx    E Section Name        Object

    0x20000000   0x00000001   Data   RW          556    .data               vuart.o
    0x20000001   0x00000001   Data   RW          717    .data               spi_sd_driver.o
    0x20000002   0x00000002   PAD
    0x20000004   0x00000004   Data   RW          832    .data               clock.o
    0x20000008   0x00000004   Data   RW          954    .data               idle.o
    0x2000000c   0x00000001   Data   RW         1256    .data               irq.o
    0x2000000d   0x00000003   PAD
    0x20000010   0x00000008   Data   RW         1309    .data               kservice.o
    0x20000018   0x00000020   Data   RW         1462    .data               mem.o
    0x20000038   0x000000a4   Data   RW         1603    .data               object.o
    0x200000dc   0x00000018   Data   RW         1700    .data               scheduler.o
    0x200000f4   0x00000014   Data   RW         1892    .data               timer.o
    0x20000108   0x00000004   Data   RW         2037    .data               cmd.o
    0x2000010c   0x00000008   Data   RW         2174    .data               finsh_compiler.o
    0x20000114   0x00000040   Data   RW         2223    .data               finsh_error.o
    0x20000154   0x00000008   Data   RW         2259    .data               finsh_heap.o
    0x2000015c   0x00000004   Data   RW         2864    .data               finsh_var.o
    0x20000160   0x0000000c   Data   RW         2914    .data               finsh_vm.o
    0x2000016c   0x00000004   Data   RW         2966    .data               shell.o
    0x20000170   0x00000004   Data   RW         3050    .data               symbol.o
    0x20000174   0x00000004   Data   RW         3051    .data               symbol.o
    0x20000178   0x00000004   Data   RW         3052    .data               symbol.o
    0x2000017c   0x00000004   Data   RW         3053    .data               symbol.o
    0x20000180   0x00000005   Data   RW         3146    .data               gps.o
    0x20000185   0x00000001   PAD
    0x20000186   0x00000002   Data   RW         3325    .data               app_gsm.o
    0x20000188   0x00000010   Data   RW         3326    .data               app_gsm.o
    0x20000198   0x00000001   Data   RW         3327    .data               app_gsm.o
    0x20000199   0x00000001   Data   RW         3328    .data               app_gsm.o
    0x2000019a   0x00000001   Data   RW         3329    .data               app_gsm.o
    0x2000019b   0x00000001   PAD
    0x2000019c   0x00000002   Data   RW         3330    .data               app_gsm.o
    0x2000019e   0x00000002   Data   RW         3331    .data               app_gsm.o
    0x200001a0   0x00000001   Data   RW         3332    .data               app_gsm.o
    0x200001a1   0x00000001   Data   RW         3335    .data               app_gsm.o
    0x200001a2   0x00000188   Data   RW         3520    .data               device_gsm.o
    0x2000032a   0x00000001   Data   RW         3527    .data               device_gsm.o
    0x2000032b   0x00000001   Data   RW         3977    .data               device_485.o
    0x2000032c   0x00000002   Data   RW         3981    .data               device_485.o
    0x2000032e   0x00000002   PAD
    0x20000330   0x00000004   Data   RW         4065    .data               app_808.o
    0x20000334   0x00000010   Data   RW         4068    .data               app_808.o
    0x20000344   0x00000001   Data   RW         4209    .data               device_808.o
    0x20000345   0x00000003   PAD
    0x20000348   0x00000016   Data   RW         4210    .data               device_808.o
    0x2000035e   0x00000001   Data   RW         4406    .data               protocol_808.o
    0x2000035f   0x00000001   PAD
    0x20000360   0x00000088   Data   RW         4407    .data               protocol_808.o
    0x200003e8   0x00000001   Data   RW         4412    .data               protocol_808.o
    0x200003e9   0x00000001   Data   RW         4421    .data               protocol_808.o
    0x200003ea   0x00000001   Data   RW         4422    .data               protocol_808.o
    0x200003eb   0x00000001   Data   RW         4424    .data               protocol_808.o
    0x200003ec   0x00000001   Data   RW         4425    .data               protocol_808.o
    0x200003ed   0x00000001   Data   RW         4426    .data               protocol_808.o
    0x200003ee   0x00000002   Data   RW         4427    .data               protocol_808.o
    0x200003f0   0x00000002   Data   RW         4429    .data               protocol_808.o
    0x200003f2   0x00000002   Data   RW         4435    .data               protocol_808.o
    0x200003f4   0x00000001   Data   RW         4450    .data               protocol_808.o
    0x200003f5   0x0000000f   Data   RW         4452    .data               protocol_808.o
    0x20000404   0x00000004   Data   RW         4453    .data               protocol_808.o
    0x20000408   0x00000004   Data   RW         4457    .data               protocol_808.o
    0x2000040c   0x00000001   Data   RW         4464    .data               protocol_808.o
    0x2000040d   0x00000001   Data   RW         4484    .data               protocol_808.o
    0x2000040e   0x00000001   Data   RW         4495    .data               protocol_808.o
    0x2000040f   0x00000001   Data   RW         4496    .data               protocol_808.o
    0x20000410   0x00000001   Data   RW         4498    .data               protocol_808.o
    0x20000411   0x00000001   PAD
    0x20000412   0x00000002   Data   RW         4499    .data               protocol_808.o
    0x20000414   0x00000005   Data   RW         4509    .data               protocol_808.o
    0x20000419   0x00000004   Data   RW         4644    .data               sys_config.o
    0x2000041d   0x00000004   Data   RW         4645    .data               sys_config.o
    0x20000421   0x00000001   PAD
    0x20000422   0x00000002   Data   RW         4646    .data               sys_config.o
    0x20000424   0x00000004   Data   RW         4647    .data               sys_config.o
    0x20000428   0x0000001e   Data   RW         4651    .data               sys_config.o
    0x20000446   0x00000002   PAD
    0x20000448   0x00000004   Data   RW         4655    .data               sys_config.o
    0x2000044c   0x00000010   Data   RW         4798    .data               rtc.o
    0x2000045c   0x00000007   Data   RW         4799    .data               rtc.o
    0x20000463   0x00000001   Data   RW         5040    .data               df_oper.o
    0x20000464   0x0000000c   Data   RW         5105    .data               flash_oper.o
    0x20000470   0x00000001   Data   RW         5106    .data               flash_oper.o
    0x20000471   0x00000003   PAD
    0x20000474   0x00000004   Data   RW         5108    .data               flash_oper.o
    0x20000478   0x00000048   Data   RW         5320    .data               usbh_usr.o
    0x200004c0   0x00000003   Data   RW         5321    .data               usbh_usr.o
    0x200004c3   0x00000001   PAD
    0x200004c4   0x0000000c   Data   RW         5885    .data               ff.o
    0x200004d0   0x0000000c   Data   RW         6192    .data               usbh_core.o
    0x200004dc   0x00000004   Data   RW         6193    .data               usbh_core.o
    0x200004e0   0x00000002   Data   RW         6194    .data               usbh_core.o
    0x200004e2   0x00000004   Data   RW         6400    .data               usbh_stdreq.o
    0x200004e6   0x00000002   PAD
    0x200004e8   0x00000014   Data   RW         6741    .data               usbh_msc_bot.o
    0x200004fc   0x00000002   Data   RW         6791    .data               usbh_msc_core.o
    0x200004fe   0x00000002   PAD
    0x20000500   0x00000010   Data   RW         6792    .data               usbh_msc_core.o
    0x20000510   0x00000001   Data   RW         6846    .data               usbh_msc_scsi.o
    0x20000511   0x00000002   Data   RW         7118    .data               device_can.o
    0x20000513   0x00000001   PAD
    0x20000514   0x00000030   Data   RW         7237    .data               menu_1_idle.o
    0x20000544   0x00000008   Data   RW         7243    .data               menu_1_idle.o
    0x2000054c   0x00000008   Data   RW         7244    .data               menu_1_idle.o
    0x20000554   0x00000006   Data   RW         7245    .data               menu_1_idle.o
    0x2000055a   0x00000006   Data   RW         7246    .data               menu_1_idle.o
    0x20000560   0x00000006   Data   RW         7250    .data               menu_1_idle.o
    0x20000566   0x00000002   PAD
    0x20000568   0x00000019   Data   RW         7261    .data               menu_1_idle.o
    0x20000581   0x00000003   PAD
    0x20000584   0x00000004   Data   RW         7349    .data               menu_include.o
    0x20000588   0x00000001   Data   RW         7350    .data               menu_include.o
    0x20000589   0x00000016   Data   RW         7351    .data               menu_include.o
    0x2000059f   0x00000014   Data   RW         7352    .data               menu_include.o
    0x200005b3   0x00000001   Data   RW         7355    .data               menu_include.o
    0x200005b4   0x00000008   Data   RW         7356    .data               menu_include.o
    0x200005bc   0x00000001   Data   RW         7363    .data               menu_include.o
    0x200005bd   0x00000001   Data   RW         7364    .data               menu_include.o
    0x200005be   0x00000001   Data   RW         7395    .data               menu_include.o
    0x200005bf   0x00000001   Data   RW         7407    .data               menu_include.o
    0x200005c0   0x00000001   Data   RW         7414    .data               menu_include.o
    0x200005c1   0x00000001   Data   RW         7415    .data               menu_include.o
    0x200005c2   0x00000001   Data   RW         7416    .data               menu_include.o
    0x200005c3   0x00000001   Data   RW         7417    .data               menu_include.o
    0x200005c4   0x00000001   Data   RW         7418    .data               menu_include.o
    0x200005c5   0x00000001   Data   RW         7419    .data               menu_include.o
    0x200005c6   0x00000001   Data   RW         7420    .data               menu_include.o
    0x200005c7   0x00000001   Data   RW         7421    .data               menu_include.o
    0x200005c8   0x00000001   Data   RW         7422    .data               menu_include.o
    0x200005c9   0x00000007   PAD
    0x200005d0   0x00000004   Data   RW         7425    .data               menu_include.o
    0x200005d4   0x00000004   PAD
    0x200005d8   0x00000019   Data   RW         7485    .data               menu_txt.o
    0x200005f1   0x00000003   PAD
    0x200005f4   0x000001a0   Data   RW         7548    .data               lcd_driver.o
    0x20000794   0x00000004   Data   RW         7655    .data               cpuport.o
    0x20000798   0x00000004   Data   RW         7656    .data               cpuport.o
    0x2000079c   0x00000004   Data   RW         7657    .data               cpuport.o
    0x200007a0   0x00000010   Data   RW         9979    .data               stm32f2xx_rcc.o
    0x200007b0   0x00000008   Data   RW        11842    .data               gb19056.o
    0x200007b8   0x00000006   Data   RW        12002    .data               device_usrserial.o
    0x200007be   0x00000002   PAD
    0x200007c0   0x00000004   Data   RW        12466    .data               mc_w.l(errno.o)
    0x200007c4   0x0000044c   Zero   RW          554    .bss                vuart.o
    0x20000c10   0x00000880   Zero   RW          952    .bss                idle.o
    0x20001490   0x00000080   Zero   RW         1307    .bss                kservice.o
    0x20001510   0x00000020   Zero   RW         1457    .bss                mem.o
    0x20001530   0x00000100   Zero   RW         1698    .bss                scheduler.o
    0x20001630   0x00001080   Zero   RW         1890    .bss                timer.o
    0x200026b0   0x00000080   Zero   RW         2258    .bss                finsh_heap.o
    0x20002730   0x00000140   Zero   RW         2339    .bss                finsh_node.o
    0x20002870   0x000000c0   Zero   RW         2863    .bss                finsh_var.o
    0x20002930   0x00000180   Zero   RW         2913    .bss                finsh_vm.o
    0x20002ab0   0x00000880   Zero   RW         2964    .bss                shell.o
    0x20003330   0x00001b18   Zero   RW         3137    .bss                gps.o
    0x20004e48   0x00002c1c   Zero   RW         3322    .bss                app_gsm.o
    0x20007a64   0x00000400   Zero   RW         3324    .bss                app_gsm.o
    0x20007e64   0x00000004   PAD
    0x20007e68   0x00002618   Zero   RW         3504    .bss                device_gsm.o
    0x2000a480   0x0000010b   Zero   RW         3774    .bss                sms.o
    0x2000a58b   0x00000005   PAD
    0x2000a590   0x00000298   Zero   RW         3973    .bss                device_485.o
    0x2000a828   0x00001080   Zero   RW         4062    .bss                app_808.o
    0x2000b8a8   0x00000010   Zero   RW         4202    .bss                device_808.o
    0x2000b8b8   0x00000dac   Zero   RW         4371    .bss                protocol_808.o
    0x2000c664   0x00000004   PAD
    0x2000c668   0x00000400   Zero   RW         4372    .bss                protocol_808.o
    0x2000ca68   0x00000110   Zero   RW         4383    .bss                protocol_808.o
    0x2000cb78   0x00000010   Zero   RW         4400    .bss                protocol_808.o
    0x2000cb88   0x00000150   Zero   RW         4641    .bss                sys_config.o
    0x2000ccd8   0x00000880   Zero   RW         4744    .bss                app_hmi.o
    0x2000d558   0x0000004c   Zero   RW         4796    .bss                rtc.o
    0x2000d5a4   0x00002020   Zero   RW         4898    .bss                sst25vf.o
    0x2000f5c4   0x00000004   PAD
    0x2000f5c8   0x00000ab0   Zero   RW         5230    .bss                usbh.o
    0x20010078   0x00000270   Zero   RW         5303    .bss                usbh_usr.o
    0x200102e8   0x000000d4   Zero   RW         5510    .bss                dfs.o
    0x200103bc   0x00000200   Zero   RW         5882    .bss                ff.o
    0x200105bc   0x00000200   Zero   RW         6399    .bss                usbh_stdreq.o
    0x200107bc   0x00000040   Zero   RW         6740    .bss                usbh_msc_bot.o
    0x200107fc   0x0000004a   Zero   RW         6790    .bss                usbh_msc_core.o
    0x20010846   0x00000002   PAD
    0x20010848   0x00000210   Zero   RW         6844    .bss                usbh_msc_scsi.o
    0x20010a58   0x00000014   Zero   RW         7116    .bss                device_can.o
    0x20010a6c   0x000001e8   Zero   RW         7546    .bss                lcd_driver.o
    0x20010c54   0x00000004   PAD
    0x20010c58   0x000012a0   Zero   RW        11813    .bss                gb19056.o
    0x20011ef8   0x00000468   Zero   RW        11993    .bss                device_usrserial.o
    0x20012360   0x00000400   Zero   RW        11785    STACK               startup_stm32f2xx.o


==============================================================================

Image component sizes


      Code (inc. data)   RO Data    RW Data    ZI Data      Debug   Object Name

       580        132          0         20       4224      26242   app_808.o
       848        238          0         27      12316       8846   app_gsm.o
       164         30          0          0       2176       2331   app_hmi.o
        50         12          0          0          0     344480   application.o
       118         14          0          0          0      26209   board.o
       196         18       1102          0          0       4035   cc936.o
        58         12          0          4          0       1527   clock.o
      2792       1298        992          4          0      17734   cmd.o
       196         20          0          0          0        744   context_rvds.o
       318        162          0         12          0       2250   cpuport.o
      1336        604        168          0          0       9343   device.o
       480         66          0          3        664       7341   device_485.o
      2282        276        113         23         16      15649   device_808.o
       248         12          0          2         20       3585   device_can.o
      8022       1930        482        393       9752      33804   device_gsm.o
      1274        294        114          6       1128      11923   device_usrserial.o
       332          6          0          1          0       4790   df_oper.o
        64         12          0          0        212       5711   dfs.o
       190          0          0          0          0       4046   diskio.o
       236         10          0          0          0       5531   diskio_sd.o
      4894         72         58         12        512      30858   ff.o
      2000        104          0          8          0      10114   finsh_compiler.o
        48         18        243         64          0       2591   finsh_error.o
       444         26          0          8        128       5111   finsh_heap.o
        56          6          0          0          0       2000   finsh_init.o
       336         10          0          0        320       5850   finsh_node.o
      1742        300        196          0          0      24438   finsh_ops.o
      1856         26          0          0          0      15863   finsh_parser.o
      1280         16        126          0          0       8702   finsh_token.o
       256         28          0          4        192       7782   finsh_var.o
       140         26          0         12        384       6955   finsh_vm.o
         0          0          0         17          0        707   flash_oper.o
      3192       1230        759          8       4768      15927   gb19056.o
      3060        584        165          5       6936      17475   gps.o
       304        102         22          4       2176       3062   idle.o
      1782        488        454          0          0      29985   ipc.o
        68         18          0          1          0       1890   irq.o
      1504        172         34          8        128      12025   kservice.o
       344         36          0          0          0       1172   lcd.o
      1518         74          0        416        488      10042   lcd_driver.o
      1796        724        358         32         32       7084   mem.o
       822        190          9        107          0      10172   menu_1_idle.o
         4          0          0         73          0       7776   menu_include.o
       446        168          9         25          0       7706   menu_txt.o
       144         14          0          0          0       2245   misc.o
       766        312         94        164          0       7269   object.o
       414         44         26        185       4812      25390   protocol_808.o
       508        210         99          0          0       5917   ringbuffer.o
       592        210         15         23         76       4754   rtc.o
       912        318        334         24        256       6843   scheduler.o
      1566        368         77          4       2176      10248   shell.o
       912        256          0          0        267       3783   sms.o
      1750         30        188          0          0      14647   sms_pdu.o
      1660         92          0          1          0      10291   spi_sd_driver.o
      1062         98          0          0       8224       9016   sst25vf.o
       214         72          0          0          0       2470   startup.o
        36          8        388          0       1024        880   startup_stm32f2xx.o
       306         20          0          0          0       5815   stm32f2xx_adc.o
       972         26          0          0          0       7441   stm32f2xx_can.o
       104          4          0          0          0       2533   stm32f2xx_dma.o
       248          0          0          0          0       5034   stm32f2xx_gpio.o
        68         30          0          0          0       2690   stm32f2xx_iwdg.o
        12          6          0          0          0        554   stm32f2xx_pwr.o
       428         74          0         16          0       9065   stm32f2xx_rcc.o
       710         62          0          0          0       8992   stm32f2xx_rtc.o
       202         12          0          0          0       5050   stm32f2xx_spi.o
       680         88          0          0          0       9017   stm32f2xx_tim.o
       350          8          0          0          0       7021   stm32f2xx_usart.o
        28         10          0          0          0       1059   stm32f2xx_wwdg.o
       268         28          0          0          0       4994   stm32f4xx_it.o
         0          0          0         16          0       4189   symbol.o
       998        530          0         48        336       4826   sys_config.o
       232         32          0          0          0       1765   system_stm32f2xx.o
      1552        546        170          0          0      11616   thread.o
      1056        254         92         20       4224      10667   timer.o
       198         12          0          0          0      12196   usb_bsp.o
      1674         22          0          0          0      17931   usb_core.o
       160          0          0          0          0       5103   usb_hcd.o
      3702         16          0          0          0      10567   usb_hcd_int.o
       140         50          0          0       2736       1930   usbh.o
      1450         44          0         18          0       9817   usbh_core.o
       234          0          0          0          0       4200   usbh_hcs.o
       272          0          0          0          0       5086   usbh_ioreq.o
       748         66          0         20         64       7045   usbh_msc_bot.o
       636         48          0         18         74       6145   usbh_msc_core.o
       976         76          0          1        528       7712   usbh_msc_scsi.o
       798         10          0          4        512       9093   usbh_stdreq.o
       862        242         45         75        624      19700   usbh_usr.o
       836        162         18          1       1100       7556   vuart.o

    ----------------------------------------------------------------------
     79250      14074       7002       1984      73628    1111570   Object Totals
         0          0         32          0          0          0   (incl. Generated)
       138          0         20         47         23          0   (incl. Padding)

    ----------------------------------------------------------------------

      Code (inc. data)   RO Data    RW Data    ZI Data      Debug   Library Member Name

        42          0          0          0          0         84   atof.o
        56          8          0          0          0         84   __0sscanf.o
        86          0          0          0          0          0   __dczerorl2.o
        28          0          0          0          0         68   _chval.o
       812          4          0          0          0        112   _scanf.o
       332          0          0          0          0         96   _scanf_int.o
        64          0          0          0          0         84   _sgetc.o
       158          0          0          0          0         92   _strtoul.o
        26          0          0          0          0         80   atoi.o
         8          4        133          0          0         68   ctype_o.o
         0          0          0          0          0          0   entry.o
         0          0          0          0          0          0   entry10a.o
         0          0          0          0          0          0   entry11a.o
         8          4          0          0          0          0   entry2.o
         4          0          0          0          0          0   entry5.o
         0          0          0          0          0          0   entry7b.o
         0          0          0          0          0          0   entry8b.o
         8          4          0          0          0          0   entry9a.o
        32         16          0          4          0        204   errno.o
        30          0          0          0          0          0   handlers.o
        36          8          0          0          0         68   init.o
        18          0          0          0          0         76   isspace_o.o
         0          0          0          0          0          0   iusefp.o
        30          0          0          0          0         68   llshl.o
        32          0          0          0          0         68   llushr.o
        26          0          0          0          0         80   memcmp.o
        36          0          0          0          0         68   memcpya.o
        36          0          0          0          0        108   memseta.o
       884         10          0          0          0        420   printf6.o
        40          8          0          0          0         84   scanf_char.o
       838         12          0          0          0        216   scanf_fp.o
        24          0          0          0          0         68   strcat.o
        18          0          0          0          0         68   strcpy.o
        14          0          0          0          0         68   strlen.o
        30          0          0          0          0         80   strncmp.o
        24          0          0          0          0         76   strncpy.o
        36          0          0          0          0         80   strstr.o
       156         14          0          0          0        120   strtod.o
       112          0          0          0          0         88   strtol.o
        44          0          0          0          0         80   uidiv.o
        56          0          0          0          0         88   d2f.o
       222          0          0          0          0        100   ddiv.o
       186          0          0          0          0        176   depilogue.o
        24          0          0          0          0         76   dfltul.o
       228          0          0          0          0         96   dmul.o
       176          0          0          0          0        140   fadd.o
       110          0          0          0          0        168   fepilogue.o
        40          0          0          0          0         68   ffixui.o

    ----------------------------------------------------------------------
      5182         92        134          4          0       3868   Library Totals
        12          0          1          0          0          0   (incl. Padding)

    ----------------------------------------------------------------------

      Code (inc. data)   RO Data    RW Data    ZI Data      Debug   Library Name

        42          0          0          0          0         84   m_ws.l
      4086         92        133          4          0       2872   mc_w.l
      1042          0          0          0          0        912   mf_w.l

    ----------------------------------------------------------------------
      5182         92        134          4          0       3868   Library Totals

    ----------------------------------------------------------------------

==============================================================================


      Code (inc. data)   RO Data    RW Data    ZI Data      Debug   

     84432      14166       7136       1988      73628    1073498   Grand Totals
     84432      14166       7136        980      73628    1073498   ELF Image Totals (compressed)
     84432      14166       7136        980          0          0   ROM Totals

==============================================================================

    Total RO  Size (Code + RO Data)                91568 (  89.42kB)
    Total RW  Size (RW Data + ZI Data)             75616 (  73.84kB)
    Total ROM Size (Code + RO Data + RW Data)      92548 (  90.38kB)

==============================================================================

