Component: ARM Compiler 5.06 update 2 (build 183) Tool: armlink [4d35b7]

==============================================================================

Section Cross References

    application.o(i.rt_application_init) refers to thread.o(i.rt_thread_create) for rt_thread_create
    application.o(i.rt_application_init) refers to thread.o(i.rt_thread_startup) for rt_thread_startup
    application.o(i.rt_application_init) refers to application.o(i.rt_init_thread_entry) for rt_init_thread_entry
    startup.o(i.assert_failed) refers to kservice.o(i.rt_kprintf) for rt_kprintf
    startup.o(i.main) refers to context_rvds.o(.text) for rt_hw_interrupt_disable
    startup.o(i.main) refers to startup.o(i.rtthread_startup) for rtthread_startup
    startup.o(i.rtthread_startup) refers to board.o(i.rt_hw_board_init) for rt_hw_board_init
    startup.o(i.rtthread_startup) refers to kservice.o(i.rt_kprintf) for rt_kprintf
    startup.o(i.rtthread_startup) refers to clock.o(i.rt_system_tick_init) for rt_system_tick_init
    startup.o(i.rtthread_startup) refers to object.o(i.rt_system_object_init) for rt_system_object_init
    startup.o(i.rtthread_startup) refers to timer.o(i.rt_system_timer_init) for rt_system_timer_init
    startup.o(i.rtthread_startup) refers to mem.o(i.rt_system_heap_init) for rt_system_heap_init
    startup.o(i.rtthread_startup) refers to scheduler.o(i.rt_system_scheduler_init) for rt_system_scheduler_init
    startup.o(i.rtthread_startup) refers to device.o(i.rt_device_init_all) for rt_device_init_all
    startup.o(i.rtthread_startup) refers to shell.o(i.finsh_system_init) for finsh_system_init
    startup.o(i.rtthread_startup) refers to shell.o(i.finsh_set_device) for finsh_set_device
    startup.o(i.rtthread_startup) refers to device_808.o(i.APP_IOpinInit) for APP_IOpinInit
    startup.o(i.rtthread_startup) refers to lcd.o(i.Init_lcdkey) for Init_lcdkey
    startup.o(i.rtthread_startup) refers to protocol_808.o(i.delay_ms) for delay_ms
    startup.o(i.rtthread_startup) refers to lcd_driver.o(i.LCD_init) for LCD_init
    startup.o(i.rtthread_startup) refers to app_gsm.o(i._gsm_startup) for _gsm_startup
    startup.o(i.rtthread_startup) refers to app_808.o(i.Protocol_app_init) for Protocol_app_init
    startup.o(i.rtthread_startup) refers to application.o(i.rt_application_init) for rt_application_init
    startup.o(i.rtthread_startup) refers to gb19056.o(i.GB_Drv_app_init) for GB_Drv_app_init
    startup.o(i.rtthread_startup) refers to timer.o(i.rt_system_timer_thread_init) for rt_system_timer_thread_init
    startup.o(i.rtthread_startup) refers to idle.o(i.rt_thread_idle_init) for rt_thread_idle_init
    startup.o(i.rtthread_startup) refers to scheduler.o(i.rt_system_scheduler_start) for rt_system_scheduler_start
    app_moduleconfig.o(i.rt_712Rule_MsgQue_Post) refers to ipc.o(i.rt_mq_send) for rt_mq_send
    board.o(i.NVIC_Configuration) refers to misc.o(i.NVIC_PriorityGroupConfig) for NVIC_PriorityGroupConfig
    board.o(i.SysTick_Configuration) refers to stm32f2xx_rcc.o(i.RCC_GetClocksFreq) for RCC_GetClocksFreq
    board.o(i.SysTick_Configuration) refers to misc.o(i.SysTick_CLKSourceConfig) for SysTick_CLKSourceConfig
    board.o(i.SysTick_Handler) refers to irq.o(i.rt_interrupt_enter) for rt_interrupt_enter
    board.o(i.SysTick_Handler) refers to clock.o(i.rt_tick_increase) for rt_tick_increase
    board.o(i.SysTick_Handler) refers to irq.o(i.rt_interrupt_leave) for rt_interrupt_leave
    board.o(i.rt_hw_board_init) refers to misc.o(i.NVIC_PriorityGroupConfig) for NVIC_PriorityGroupConfig
    board.o(i.rt_hw_board_init) refers to board.o(i.SysTick_Configuration) for SysTick_Configuration
    board.o(i.rt_hw_board_init) refers to vuart.o(i.rt_hw_usart_init) for rt_hw_usart_init
    board.o(i.rt_hw_board_init) refers to kservice.o(i.rt_console_set_device) for rt_console_set_device
    stm32f4xx_it.o(i.UART4_IRQHandler) refers to irq.o(i.rt_interrupt_enter) for rt_interrupt_enter
    stm32f4xx_it.o(i.UART4_IRQHandler) refers to stm32f2xx_usart.o(i.USART_GetITStatus) for USART_GetITStatus
    stm32f4xx_it.o(i.UART4_IRQHandler) refers to stm32f2xx_usart.o(i.USART_ReceiveData) for USART_ReceiveData
    stm32f4xx_it.o(i.UART4_IRQHandler) refers to device_gsm.o(i.GSM_RxHandler) for GSM_RxHandler
    stm32f4xx_it.o(i.UART4_IRQHandler) refers to stm32f2xx_usart.o(i.USART_ClearITPendingBit) for USART_ClearITPendingBit
    stm32f4xx_it.o(i.UART4_IRQHandler) refers to irq.o(i.rt_interrupt_leave) for rt_interrupt_leave
    stm32f4xx_it.o(i.USART2_IRQHandler) refers to irq.o(i.rt_interrupt_enter) for rt_interrupt_enter
    stm32f4xx_it.o(i.USART2_IRQHandler) refers to stm32f2xx_usart.o(i.USART_GetITStatus) for USART_GetITStatus
    stm32f4xx_it.o(i.USART2_IRQHandler) refers to stm32f2xx_usart.o(i.USART_ReceiveData) for USART_ReceiveData
    stm32f4xx_it.o(i.USART2_IRQHandler) refers to device_485.o(i._485_RxHandler) for _485_RxHandler
[...]
    0x0800ae10   0x00000044   Code   RO         7180    i.LCD_DISP_8x16_TXT  lcd_driver.o
    0x0800ae54   0x00000046   Code   RO         7181    i.LCD_DISP_8x8_TXT  lcd_driver.o
    0x0800ae9a   0x0000002a   Code   RO         7182    i.LCD_DISP_ASCII_8X16Char  lcd_driver.o
    0x0800aec4   0x0000002a   Code   RO         7183    i.LCD_DISP_ASCII_8X8Char  lcd_driver.o
    0x0800aeee   0x00000036   Code   RO         7186    i.LCD_DISP_CHINESE_Char  lcd_driver.o
    0x0800af24   0x0000005c   Code   RO         7187    i.LCD_DISP_CHINESE_TXT  lcd_driver.o
    0x0800af80   0x00000012   Code   RO         7188    i.LCD_DISP_Clear    lcd_driver.o
    0x0800af92   0x00000006   Code   RO         7194    i.LCD_DISP_MoveUp   lcd_driver.o
    0x0800af98   0x00000010   Code   RO         7196    i.LCD_RstLow        lcd_driver.o
    0x0800afa8   0x000000b4   Code   RO         7197    i.LCD_Wrie_Drv      lcd_driver.o
    0x0800b05c   0x0000006c   Code   RO         7198    i.LCD_WriteByte     lcd_driver.o
    0x0800b0c8   0x00000020   Code   RO         7199    i.LCD_init          lcd_driver.o
    0x0800b0e8   0x000000ec   Code   RO        11823    i.LORA_RxHandler    device_usrserial.o
    0x0800b1d4   0x0000045c   Code   RO        11824    i.LORA_Rx_Process   device_usrserial.o
    0x0800b630   0x00000054   Code   RO        11825    i.LoRA_TX_Process   device_usrserial.o
    0x0800b684   0x00000290   Code   RO        11628    i.LoRa_Read_log     gb19056.o
    0x0800b914   0x000000c0   Code   RO        11629    i.LoRa_Write_log    gb19056.o
    0x0800b9d4   0x0000005c   Code   RO        11826    i.Lora_MD_PINS_INIT  device_usrserial.o
    0x0800ba30   0x000000d0   Code   RO        11827    i.Lora_TTS_play_Process  device_usrserial.o
    0x0800bb00   0x00000170   Code   RO        11630    i.Lora_Tx           gb19056.o
    0x0800bc70   0x00000014   Code   RO        11631    i.Lora_WriteLOG     gb19056.o
    0x0800bc84   0x0000005c   Code   RO        11828    i.Lora_channel      device_usrserial.o
    0x0800bce0   0x000000a8   Code   RO        11829    i.Lora_const_style_stuff  device_usrserial.o
    0x0800bd88   0x00000030   Code   RO        11830    i.Lora_inspect_stuff  device_usrserial.o
    0x0800bdb8   0x00000002   Code   RO          459    i.MemManage_Handler  stm32f4xx_it.o
    0x0800bdba   0x00000020   Code   RO         3408    i.Moudule_Init_Select  device_gsm.o
    0x0800bdda   0x00000002   Code   RO          460    i.NMI_Handler       stm32f4xx_it.o
    0x0800bddc   0x00000064   Code   RO         7595    i.NVIC_Init         misc.o
    0x0800be40   0x00000014   Code   RO         7596    i.NVIC_PriorityGroupConfig  misc.o
    0x0800be54   0x0000001c   Code   RO         2387    i.OP_add_byte       finsh_ops.o
    0x0800be70   0x00000014   Code   RO         2388    i.OP_add_dword      finsh_ops.o
    0x0800be84   0x0000001c   Code   RO         2389    i.OP_add_word       finsh_ops.o
    0x0800bea0   0x0000001c   Code   RO         2390    i.OP_and_byte       finsh_ops.o
    0x0800bebc   0x00000014   Code   RO         2391    i.OP_and_dword      finsh_ops.o
    0x0800bed0   0x0000001c   Code   RO         2392    i.OP_and_word       finsh_ops.o
    0x0800beec   0x00000014   Code   RO         2393    i.OP_bw_byte        finsh_ops.o
    0x0800bf00   0x00000014   Code   RO         2394    i.OP_bw_dword       finsh_ops.o
    0x0800bf14   0x00000014   Code   RO         2395    i.OP_bw_word        finsh_ops.o
    0x0800bf28   0x000001f4   Code   RO         2396    i.OP_call           finsh_ops.o
    0x0800c11c   0x0000001c   Code   RO         2397    i.OP_div_byte       finsh_ops.o
    0x0800c138   0x00000018   Code   RO         2398    i.OP_div_dword      finsh_ops.o
    0x0800c150   0x0000001c   Code   RO         2399    i.OP_div_word       finsh_ops.o
    0x0800c16c   0x00000020   Code   RO         2400    i.OP_ld_byte        finsh_ops.o
    0x0800c18c   0x00000024   Code   RO         2401    i.OP_ld_dword       finsh_ops.o
    0x0800c1b0   0x00000028   Code   RO         2402    i.OP_ld_value_byte  finsh_ops.o
    0x0800c1d8   0x00000014   Code   RO         2403    i.OP_ld_value_byte_stack  finsh_ops.o
    0x0800c1ec   0x00000028   Code   RO         2404    i.OP_ld_value_dword  finsh_ops.o
    0x0800c214   0x00000014   Code   RO         2405    i.OP_ld_value_dword_stack  finsh_ops.o
    0x0800c228   0x00000028   Code   RO         2406    i.OP_ld_value_word  finsh_ops.o
    0x0800c250   0x00000014   Code   RO         2407    i.OP_ld_value_word_stack  finsh_ops.o
    0x0800c264   0x00000020   Code   RO         2408    i.OP_ld_word        finsh_ops.o
    0x0800c284   0x00000024   Code   RO         2409    i.OP_mod_byte       finsh_ops.o
    0x0800c2a8   0x0000001c   Code   RO         2410    i.OP_mod_dword      finsh_ops.o
    0x0800c2c4   0x00000024   Code   RO         2411    i.OP_mod_word       finsh_ops.o
    0x0800c2e8   0x0000001c   Code   RO         2412    i.OP_mul_byte       finsh_ops.o
    0x0800c304   0x00000014   Code   RO         2413    i.OP_mul_dword      finsh_ops.o
    0x0800c318   0x0000001c   Code   RO         2414    i.OP_mul_word       finsh_ops.o
    0x0800c334   0x00000002   Code   RO         2415    i.OP_no_op          finsh_ops.o
    0x0800c336   0x00000002   PAD
    0x0800c338   0x0000001c   Code   RO         2416    i.OP_or_byte        finsh_ops.o
    0x0800c354   0x00000014   Code   RO         2417    i.OP_or_dword       finsh_ops.o
    0x0800c368   0x0000001c   Code   RO         2418    i.OP_or_word        finsh_ops.o
    0x0800c384   0x00000010   Code   RO         2419    i.OP_pop            finsh_ops.o
    0x0800c394   0x0000001c   Code   RO         2420    i.OP_shl_byte       finsh_ops.o
    0x0800c3b0   0x0000001c   Code   RO         2421    i.OP_shl_dword      finsh_ops.o
    0x0800c3cc   0x0000001c   Code   RO         2422    i.OP_shl_word       finsh_ops.o
    0x0800c3e8   0x0000001c   Code   RO         2423    i.OP_shr_byte       finsh_ops.o
    0x0800c404   0x0000001c   Code   RO         2424    i.OP_shr_dword      finsh_ops.o
    0x0800c420   0x0000001c   Code   RO         2425    i.OP_shr_word       finsh_ops.o
    0x0800c43c   0x0000001c   Code   RO         2426    i.OP_st_byte        finsh_ops.o
    0x0800c458   0x00000018   Code   RO         2427    i.OP_st_dword       finsh_ops.o
    0x0800c470   0x0000001c   Code   RO         2428    i.OP_st_word        finsh_ops.o
    0x0800c48c   0x0000001c   Code   RO         2429    i.OP_sub_byte       finsh_ops.o
    0x0800c4a8   0x00000014   Code   RO         2430    i.OP_sub_dword      finsh_ops.o
    0x0800c4bc   0x0000001c   Code   RO         2431    i.OP_sub_word       finsh_ops.o
    0x0800c4d8   0x0000001c   Code   RO         2432    i.OP_xor_byte       finsh_ops.o
    0x0800c4f4   0x00000014   Code   RO         2433    i.OP_xor_dword      finsh_ops.o
    0x0800c508   0x0000001c   Code   RO         2434    i.OP_xor_word       finsh_ops.o
    0x0800c524   0x0000000c   Code   RO         4867    i.OTG_FS_IRQHandler  usb_bsp.o
    0x0800c530   0x00000040   Code   RO         4244    i.OutPrint_HEX      protocol_808.o
    0x0800c570   0x0000006c   Code   RO         3962    i.Protocol_app_init  app_808.o
    0x0800c5dc   0x00000018   Code   RO         9766    i.RCC_AHB1PeriphClockCmd  stm32f2xx_rcc.o
    0x0800c5f4   0x00000018   Code   RO         9769    i.RCC_AHB2PeriphClockCmd  stm32f2xx_rcc.o
    0x0800c60c   0x00000018   Code   RO         9775    i.RCC_APB1PeriphClockCmd  stm32f2xx_rcc.o
    0x0800c624   0x00000018   Code   RO         9777    i.RCC_APB1PeriphResetCmd  stm32f2xx_rcc.o
    0x0800c63c   0x00000018   Code   RO         9778    i.RCC_APB2PeriphClockCmd  stm32f2xx_rcc.o
    0x0800c654   0x00000018   Code   RO         9780    i.RCC_APB2PeriphResetCmd  stm32f2xx_rcc.o
    0x0800c66c   0x00000090   Code   RO         9787    i.RCC_GetClocksFreq  stm32f2xx_rcc.o
    0x0800c6fc   0x00000208   Code   RO         3129    i.RTC8564_Get       gps.o
    0x0800c904   0x000000b4   Code   RO         3130    i.RTC8564_Init      gps.o
    0x0800c9b8   0x000001ac   Code   RO         3131    i.RTC8564_Set       gps.o
    0x0800cb64   0x000000a0   Code   RO         3132    i.RTC_8564_IIC_INIT  gps.o
    0x0800cc04   0x00000088   Code   RO         4390    i.ReadConfig        sys_config.o
    0x0800cc8c   0x00000024   Code   RO         3409    i.Redial_Init       device_gsm.o
    0x0800ccb0   0x00000020   Code   RO          699    i.SD_GetCSD         spi_sd_driver.o
    0x0800ccd0   0x00000094   Code   RO          700    i.SD_GetCapacity    spi_sd_driver.o
    0x0800cd64   0x0000019c   Code   RO          701    i.SD_Init           spi_sd_driver.o
    0x0800cf00   0x00000068   Code   RO          704    i.SD_ReadMultiBlock  spi_sd_driver.o
    0x0800cf68   0x00000038   Code   RO          705    i.SD_ReadSingleBlock  spi_sd_driver.o
    0x0800cfa0   0x00000078   Code   RO          706    i.SD_ReceiveData    spi_sd_driver.o
    0x0800d018   0x00000074   Code   RO          707    i.SD_SendCommand    spi_sd_driver.o
    0x0800d08c   0x00000060   Code   RO          708    i.SD_SendCommand_NoDeassert  spi_sd_driver.o
    0x0800d0ec   0x00000010   Code   RO          709    i.SD_WaitReady      spi_sd_driver.o
    0x0800d0fc   0x000000e4   Code   RO          710    i.SD_WriteMultiBlock  spi_sd_driver.o
    0x0800d1e0   0x000000c8   Code   RO          711    i.SD_WriteSingleBlock  spi_sd_driver.o
    0x0800d2a8   0x00000014   Code   RO        10598    i.SPI_CalculateCRC  stm32f2xx_spi.o
    0x0800d2bc   0x00000014   Code   RO        10599    i.SPI_Cmd           stm32f2xx_spi.o
    0x0800d2d0   0x00000006   Code   RO         4595    i.SPI_Flash_ReceiveByte  sst25vf.o
    0x0800d2d6   0x00000002   PAD
    0x0800d2d8   0x00000034   Code   RO         4596    i.SPI_Flash_SendByte  sst25vf.o
    0x0800d30c   0x00000054   Code   RO        10606    i.SPI_I2S_DeInit    stm32f2xx_spi.o
    0x0800d360   0x0000000e   Code   RO        10607    i.SPI_I2S_GetFlagStatus  stm32f2xx_spi.o
    0x0800d36e   0x00000004   Code   RO        10610    i.SPI_I2S_ReceiveData  stm32f2xx_spi.o
    0x0800d372   0x00000004   Code   RO        10611    i.SPI_I2S_SendData  stm32f2xx_spi.o
    0x0800d376   0x00000038   Code   RO        10612    i.SPI_Init          stm32f2xx_spi.o
    0x0800d3ae   0x00000002   PAD
    0x0800d3b0   0x00000034   Code   RO          714    i.SPI_ReadWriteByte  spi_sd_driver.o
    0x0800d3e4   0x00000050   Code   RO          715    i.SPI_SetSpeed      spi_sd_driver.o
    0x0800d434   0x0000006c   Code   RO         4599    i.SST25V_BufferRead  sst25vf.o
    0x0800d4a0   0x00000050   Code   RO         4602    i.SST25V_ByteWrite  sst25vf.o
    0x0800d4f0   0x00000028   Code   RO         4603    i.SST25V_DBSY       sst25vf.o
    0x0800d518   0x0000012c   Code   RO         4605    i.SST25V_Init       sst25vf.o
    0x0800d644   0x0000002c   Code   RO         4607    i.SST25V_ReadStatusRegister  sst25vf.o
    0x0800d670   0x00000048   Code   RO         4608    i.SST25V_SectorErase_4KByte  sst25vf.o
    0x0800d6b8   0x00000038   Code   RO         4609    i.SST25V_WaitForWriteEnd  sst25vf.o
    0x0800d6f0   0x00000028   Code   RO         4611    i.SST25V_WriteEnable  sst25vf.o
    0x0800d718   0x00000002   Code   RO          461    i.SVC_Handler       stm32f4xx_it.o
    0x0800d71a   0x00000002   PAD
    0x0800d71c   0x0000000c   Code   RO         4614    i.Sem_Dataflash_Release  sst25vf.o
    0x0800d728   0x00000034   Code   RO         4615    i.Sem_Dataflash_Take  sst25vf.o
    0x0800d75c   0x000000a4   Code   RO         4391    i.SetConfig         sys_config.o
    0x0800d800   0x00000098   Code   RO         7554    i.SetSysClock       system_stm32f2xx.o
    0x0800d898   0x00000002   Code   RO         6971    i.Show_Menu_5_2_ExportData  menu_include.o
    0x0800d89a   0x00000002   PAD
    0x0800d89c   0x00000244   Code   RO         4392    i.SysConfig_Read    sys_config.o
    0x0800dae0   0x00000098   Code   RO         4393    i.SysConfig_init    sys_config.o
    0x0800db78   0x0000000e   Code   RO         4394    i.SysConfiguration  sys_config.o
    0x0800db86   0x00000018   Code   RO         7599    i.SysTick_CLKSourceConfig  misc.o
    0x0800db9e   0x00000002   PAD
    0x0800dba0   0x00000040   Code   RO          408    i.SysTick_Configuration  board.o
    0x0800dbe0   0x00000012   Code   RO          409    i.SysTick_Handler   board.o
    0x0800dbf2   0x00000002   PAD
    0x0800dbf4   0x00000050   Code   RO         7556    i.SystemInit        system_stm32f2xx.o
    0x0800dc44   0x0000006c   Code   RO         4096    i.TIM3_Config       device_808.o
    0x0800dcb0   0x0000005c   Code   RO         4097    i.TIM3_IRQHandler   device_808.o
    0x0800dd0c   0x00000014   Code   RO        10812    i.TIM_ARRPreloadConfig  stm32f2xx_tim.o
    0x0800dd20   0x00000006   Code   RO        10818    i.TIM_ClearFlag     stm32f2xx_tim.o
    0x0800dd26   0x00000006   Code   RO        10819    i.TIM_ClearITPendingBit  stm32f2xx_tim.o
    0x0800dd2c   0x00000014   Code   RO        10824    i.TIM_Cmd           stm32f2xx_tim.o
    0x0800dd40   0x00000084   Code   RO         4098    i.TIM_Config_PWM    device_808.o
    0x0800ddc4   0x00000150   Code   RO        10829    i.TIM_DeInit        stm32f2xx_tim.o
    0x0800df14   0x00000018   Code   RO        10845    i.TIM_GetITStatus   stm32f2xx_tim.o
    0x0800df2c   0x00000010   Code   RO        10849    i.TIM_ITConfig      stm32f2xx_tim.o
    0x0800df3c   0x00000060   Code   RO        10853    i.TIM_OC1Init       stm32f2xx_tim.o
    0x0800df9c   0x0000000c   Code   RO        10856    i.TIM_OC1PreloadConfig  stm32f2xx_tim.o
    0x0800dfa8   0x00000014   Code   RO        10871    i.TIM_OCStructInit  stm32f2xx_tim.o
    0x0800dfbc   0x0000007c   Code   RO        10896    i.TIM_TimeBaseInit  stm32f2xx_tim.o
    0x0800e038   0x00000020   Code   RO         3410    i.TTS_ACK_Error_Process  device_gsm.o
    0x0800e058   0x00000134   Code   RO         3411    i.TTS_Data_Play     device_gsm.o
    0x0800e18c   0x00000048   Code   RO         3412    i.TTS_Exception_TimeLimt  device_gsm.o
    0x0800e1d4   0x00000098   Code   RO         3413    i.TTS_Get_Data      device_gsm.o
    0x0800e26c   0x0000002c   Code   RO         3414    i.TTS_Play_End      device_gsm.o
    0x0800e298   0x00000014   Code   RO         3415    i.TTS_play          device_gsm.o
    0x0800e2ac   0x00000038   Code   RO          462    i.UART4_IRQHandler  stm32f4xx_it.o
    0x0800e2e4   0x00000100   Code   RO          544    i.USART1_IRQHandler  vuart.o
    0x0800e3e4   0x00000038   Code   RO          463    i.USART2_IRQHandler  stm32f4xx_it.o
    0x0800e41c   0x00000038   Code   RO          464    i.USART3_IRQHandler  stm32f4xx_it.o
    0x0800e454   0x00000006   Code   RO        11361    i.USART_ClearFlag   stm32f2xx_usart.o
    0x0800e45a   0x0000000c   Code   RO        11362    i.USART_ClearITPendingBit  stm32f2xx_usart.o
    0x0800e466   0x00000014   Code   RO        11365    i.USART_Cmd         stm32f2xx_usart.o
    0x0800e47a   0x0000000e   Code   RO        11368    i.USART_GetFlagStatus  stm32f2xx_usart.o
    0x0800e488   0x0000003e   Code   RO        11369    i.USART_GetITStatus  stm32f2xx_usart.o
    0x0800e4c6   0x00000030   Code   RO        11371    i.USART_ITConfig    stm32f2xx_usart.o
    0x0800e4f6   0x00000002   PAD
    0x0800e4f8   0x000000ac   Code   RO        11372    i.USART_Init        stm32f2xx_usart.o
    0x0800e5a4   0x00000008   Code   RO        11379    i.USART_ReceiveData  stm32f2xx_usart.o
    0x0800e5ac   0x00000008   Code   RO        11382    i.USART_SendData    stm32f2xx_usart.o
    0x0800e5b4   0x00000034   Code   RO         5982    i.USBH_Alloc_Channel  usbh_hcs.o
    0x0800e5e8   0x00000026   Code   RO         6030    i.USBH_BulkReceiveData  usbh_ioreq.o
    0x0800e60e   0x00000028   Code   RO         6031    i.USBH_BulkSendData  usbh_ioreq.o
    0x0800e636   0x0000002e   Code   RO         6108    i.USBH_ClrFeature   usbh_stdreq.o
    0x0800e664   0x0000000a   Code   RO         5903    i.USBH_Connected    usbh_core.o
    0x0800e66e   0x00000020   Code   RO         6032    i.USBH_CtlReceiveData  usbh_ioreq.o
    0x0800e68e   0x00000046   Code   RO         6033    i.USBH_CtlReq       usbh_ioreq.o
    0x0800e6d4   0x00000036   Code   RO         6034    i.USBH_CtlSendData  usbh_ioreq.o
    0x0800e70a   0x00000026   Code   RO         6035    i.USBH_CtlSendSetup  usbh_ioreq.o
    0x0800e730   0x00000018   Code   RO         5983    i.USBH_DeAllocate_AllChannel  usbh_hcs.o
    0x0800e748   0x00000034   Code   RO         5904    i.USBH_DeInit       usbh_core.o
    0x0800e77c   0x0000000a   Code   RO         5905    i.USBH_Disconnected  usbh_core.o
    0x0800e786   0x0000002c   Code   RO         5906    i.USBH_ErrorHandle  usbh_core.o
    0x0800e7b2   0x00000018   Code   RO         5984    i.USBH_Free_Channel  usbh_hcs.o
    0x0800e7ca   0x00000030   Code   RO         6109    i.USBH_GetDescriptor  usbh_stdreq.o
    0x0800e7fa   0x0000000e   Code   RO         6110    i.USBH_GetNextDesc  usbh_stdreq.o
    0x0800e808   0x00000058   Code   RO         6111    i.USBH_Get_CfgDesc  usbh_stdreq.o
    0x0800e860   0x0000009c   Code   RO         6112    i.USBH_Get_DevDesc  usbh_stdreq.o
    0x0800e8fc   0x00000048   Code   RO         6113    i.USBH_Get_StringDesc  usbh_stdreq.o
    0x0800e944   0x000001d4   Code   RO         5907    i.USBH_HandleControl  usbh_core.o
    0x0800eb18   0x0000019c   Code   RO         5908    i.USBH_HandleEnum   usbh_core.o
    0x0800ecb4   0x0000003c   Code   RO         5909    i.USBH_Init         usbh_core.o
    0x0800ecf0   0x00000038   Code   RO         6456    i.USBH_MSC_BOT_Abort  usbh_msc_bot.o
    0x0800ed28   0x0000000c   Code   RO         6505    i.USBH_MSC_ClassRequest  usbh_msc_core.o
    0x0800ed34   0x0000005c   Code   RO         6457    i.USBH_MSC_DecodeCSW  usbh_msc_bot.o
    0x0800ed90   0x00000034   Code   RO         6506    i.USBH_MSC_ErrorHandle  usbh_msc_core.o
    0x0800edc4   0x00000164   Code   RO         6507    i.USBH_MSC_Handle   usbh_msc_core.o
    0x0800ef28   0x0000021c   Code   RO         6458    i.USBH_MSC_HandleBOTXfer  usbh_msc_bot.o
    0x0800f144   0x0000003c   Code   RO         6459    i.USBH_MSC_Init     usbh_msc_bot.o
    0x0800f180   0x00000038   Code   RO         6508    i.USBH_MSC_InterfaceDeInit  usbh_msc_core.o
    0x0800f1b8   0x000000a0   Code   RO         6509    i.USBH_MSC_InterfaceInit  usbh_msc_core.o
    0x0800f258   0x0000009c   Code   RO         6558    i.USBH_MSC_ModeSense6  usbh_msc_scsi.o
    0x0800f2f4   0x000000d8   Code   RO         6559    i.USBH_MSC_Read10   usbh_msc_scsi.o
    0x0800f3cc   0x000000a0   Code   RO         6560    i.USBH_MSC_ReadCapacity10  usbh_msc_scsi.o
    0x0800f46c   0x000000a0   Code   RO         6561    i.USBH_MSC_RequestSense  usbh_msc_scsi.o
    0x0800f50c   0x00000080   Code   RO         6562    i.USBH_MSC_TestUnitReady  usbh_msc_scsi.o
    0x0800f58c   0x0000009c   Code   RO         6563    i.USBH_MSC_Write10  usbh_msc_scsi.o
    0x0800f628   0x00000032   Code   RO         5985    i.USBH_Modify_Channel  usbh_hcs.o
    0x0800f65a   0x000000a8   Code   RO         6620    i.USBH_OTG_ISR_Handler  usb_hcd_int.o
    0x0800f702   0x00000054   Code   RO         5986    i.USBH_Open_Channel  usbh_hcs.o
    0x0800f756   0x00000002   PAD
    0x0800f758   0x00000120   Code   RO         6114    i.USBH_ParseCfgDesc  usbh_stdreq.o
    0x0800f878   0x00000026   Code   RO         6115    i.USBH_ParseInterfaceDesc  usbh_stdreq.o
    0x0800f89e   0x00000186   Code   RO         5910    i.USBH_Process      usbh_core.o
    0x0800fa24   0x00000004   Code   RO         5911    i.USBH_SOF          usbh_core.o
    0x0800fa28   0x00000018   Code   RO         6116    i.USBH_SetAddress   usbh_stdreq.o
    0x0800fa40   0x00000018   Code   RO         6117    i.USBH_SetCfg       usbh_stdreq.o
    0x0800fa58   0x00000002   Code   RO         4992    i.USBH_USR_Configuration_DescAvailable  usbh_usr.o
    0x0800fa5a   0x00000002   PAD
    0x0800fa5c   0x00000034   Code   RO         4993    i.USBH_USR_DeInit   usbh_usr.o
    0x0800fa90   0x00000002   Code   RO         4994    i.USBH_USR_DeviceAddressAssigned  usbh_usr.o
    0x0800fa92   0x00000002   Code   RO         4995    i.USBH_USR_DeviceAttached  usbh_usr.o
    0x0800fa94   0x0000000c   Code   RO         4996    i.USBH_USR_DeviceDisconnected  usbh_usr.o
    0x0800faa0   0x00000020   Code   RO         4997    i.USBH_USR_DeviceNotSupported  usbh_usr.o
    0x0800fac0   0x00000002   Code   RO         4998    i.USBH_USR_DeviceSpeedDetected  usbh_usr.o
    0x0800fac2   0x00000002   Code   RO         4999    i.USBH_USR_Device_DescAvailable  usbh_usr.o
    0x0800fac4   0x00000002   Code   RO         5000    i.USBH_USR_EnumerationDone  usbh_usr.o
    0x0800fac6   0x00000002   PAD
    0x0800fac8   0x00000014   Code   RO         5001    i.USBH_USR_Init     usbh_usr.o
    0x0800fadc   0x00000084   Code   RO         5002    i.USBH_USR_MSC_Application  usbh_usr.o
    0x0800fb60   0x00000002   Code   RO         5003    i.USBH_USR_Manufacturer_String  usbh_usr.o
    0x0800fb62   0x00000002   PAD
    0x0800fb64   0x00000020   Code   RO         5004    i.USBH_USR_OverCurrentDetected  usbh_usr.o
    0x0800fb84   0x00000002   Code   RO         5005    i.USBH_USR_Product_String  usbh_usr.o
    0x0800fb86   0x00000002   Code   RO         5006    i.USBH_USR_ResetDevice  usbh_usr.o
    0x0800fb88   0x00000002   Code   RO         5007    i.USBH_USR_SerialNum_String  usbh_usr.o
    0x0800fb8a   0x00000002   Code   RO         5008    i.USBH_USR_UnrecoveredError  usbh_usr.o
    0x0800fb8c   0x00000004   Code   RO         5009    i.USBH_USR_UserInput  usbh_usr.o
    0x0800fb90   0x0000000c   Code   RO         5011    i.USB_Disk_RunStatus  usbh_usr.o
    0x0800fb9c   0x00000014   Code   RO         4868    i.USB_OTG_BSP_ConfigVBUS  usb_bsp.o
    0x0800fbb0   0x00000002   Code   RO         4869    i.USB_OTG_BSP_DriveVBUS  usb_bsp.o
    0x0800fbb2   0x00000020   Code   RO         4870    i.USB_OTG_BSP_EnableInterrupt  usb_bsp.o
    0x0800fbd2   0x00000002   PAD
    0x0800fbd4   0x0000005c   Code   RO         4871    i.USB_OTG_BSP_Init  usb_bsp.o
    0x0800fc30   0x0000000a   Code   RO         4873    i.USB_OTG_BSP_mDelay  usb_bsp.o
    0x0800fc3a   0x0000001e   Code   RO         4874    i.USB_OTG_BSP_uDelay  usb_bsp.o
    0x0800fc58   0x00000080   Code   RO         6197    i.USB_OTG_CoreInit  usb_core.o
    0x0800fcd8   0x000000a6   Code   RO         6198    i.USB_OTG_CoreInitHost  usb_core.o
    0x0800fd7e   0x00000002   PAD
    0x0800fd80   0x00000058   Code   RO         6199    i.USB_OTG_CoreReset  usb_core.o
    0x0800fdd8   0x00000010   Code   RO         6200    i.USB_OTG_DisableGlobalInt  usb_core.o
    0x0800fde8   0x0000003a   Code   RO         6201    i.USB_OTG_DriveVbus  usb_core.o
    0x0800fe22   0x00000010   Code   RO         6202    i.USB_OTG_EnableGlobalInt  usb_core.o
    0x0800fe32   0x00000002   PAD
    0x0800fe34   0x00000048   Code   RO         6203    i.USB_OTG_EnableHostInt  usb_core.o
    0x0800fe7c   0x00000038   Code   RO         6204    i.USB_OTG_FlushRxFifo  usb_core.o
    0x0800feb4   0x00000040   Code   RO         6205    i.USB_OTG_FlushTxFifo  usb_core.o
    0x0800fef4   0x0000002a   Code   RO         6207    i.USB_OTG_HC_DoPing  usb_core.o
    0x0800ff1e   0x0000003c   Code   RO         6208    i.USB_OTG_HC_Halt   usb_core.o
    0x0800ff5a   0x000000ec   Code   RO         6209    i.USB_OTG_HC_Init   usb_core.o
    0x08010046   0x00000102   Code   RO         6210    i.USB_OTG_HC_StartXfer  usb_core.o
    0x08010148   0x0000000c   Code   RO         6211    i.USB_OTG_InitFSLSPClkSel  usb_core.o
    0x08010154   0x0000000c   Code   RO         6213    i.USB_OTG_IsEvenFrame  usb_core.o
    0x08010160   0x0000000e   Code   RO         6214    i.USB_OTG_IsHostMode  usb_core.o
    0x0801016e   0x0000000a   Code   RO         6215    i.USB_OTG_ReadCoreItr  usb_core.o
    0x08010178   0x0000000c   Code   RO         6216    i.USB_OTG_ReadHPRT0  usb_core.o
    0x08010184   0x00000006   Code   RO         6217    i.USB_OTG_ReadHostAllChannels_intr  usb_core.o
    0x0801018a   0x00000020   Code   RO         6219    i.USB_OTG_ReadPacket  usb_core.o
    0x080101aa   0x0000002a   Code   RO         6220    i.USB_OTG_ResetPort  usb_core.o
    0x080101d4   0x000000c0   Code   RO         6221    i.USB_OTG_SelectCore  usb_core.o
    0x08010294   0x0000002a   Code   RO         6222    i.USB_OTG_SetCurrentMode  usb_core.o
    0x080102be   0x00000002   PAD
    0x080102c0   0x0000002c   Code   RO         6621    i.USB_OTG_USBH_handle_Disconnect_ISR  usb_hcd_int.o
    0x080102ec   0x00000046   Code   RO         6622    i.USB_OTG_USBH_handle_IncompletePeriodicXfer_ISR  usb_hcd_int.o
    0x08010332   0x00000056   Code   RO         6623    i.USB_OTG_USBH_handle_hc_ISR  usb_hcd_int.o
    0x08010388   0x0000042a   Code   RO         6624    i.USB_OTG_USBH_handle_hc_n_In_ISR  usb_hcd_int.o
    0x080107b2   0x000003d0   Code   RO         6625    i.USB_OTG_USBH_handle_hc_n_Out_ISR  usb_hcd_int.o
    0x08010b82   0x0000012e   Code   RO         6626    i.USB_OTG_USBH_handle_nptxfempty_ISR  usb_hcd_int.o
    0x08010cb0   0x00000120   Code   RO         6627    i.USB_OTG_USBH_handle_port_ISR  usb_hcd_int.o
    0x08010dd0   0x0000012e   Code   RO         6628    i.USB_OTG_USBH_handle_ptxfempty_ISR  usb_hcd_int.o
    0x08010efe   0x00000164   Code   RO         6629    i.USB_OTG_USBH_handle_rx_qlvl_ISR  usb_hcd_int.o
    0x08011062   0x00000002   PAD
    0x08011064   0x0000002c   Code   RO         6630    i.USB_OTG_USBH_handle_sof_ISR  usb_hcd_int.o
    0x08011090   0x00000028   Code   RO         6224    i.USB_OTG_WritePacket  usb_core.o
    0x080110b8   0x00000002   Code   RO          465    i.UsageFault_Handler  stm32f4xx_it.o
    0x080110ba   0x00000002   PAD
    0x080110bc   0x00000060   Code   RO         4616    i.WP64_Chip_read_page  sst25vf.o
    0x0801111c   0x00000064   Code   RO         4617    i.WP64_Chip_write_page  sst25vf.o
    0x08011180   0x0000000c   Code   RO        11553    i.WWDG_ClearFlag    stm32f2xx_wwdg.o
    0x0801118c   0x00000010   Code   RO          466    i.WWDG_IRQHandler   stm32f4xx_it.o
    0x0801119c   0x00000010   Code   RO        11558    i.WWDG_SetCounter   stm32f2xx_wwdg.o
    0x080111ac   0x00000024   Code   RO         4099    i.WatchDogInit      device_808.o
    0x080111d0   0x00000014   Code   RO         4100    i.WatchDog_Feed     device_808.o
    0x080111e4   0x00000054   Code   RO         3869    i._485_RxHandler    device_485.o
    0x08011238   0x00000028   Code   RO        12307    i.__0sprintf$8      mc_w.l(printf8.o)
    0x08011260   0x00000008   Code   RO        12386    i.__aeabi_errno_addr  mc_w.l(errno.o)
    0x08011268   0x0000000e   Code   RO        12435    i.__scatterload_copy  mc_w.l(handlers.o)
    0x08011276   0x00000002   Code   RO        12436    i.__scatterload_null  mc_w.l(handlers.o)
    0x08011278   0x0000000e   Code   RO        12437    i.__scatterload_zeroinit  mc_w.l(handlers.o)
    0x08011286   0x00000002   PAD
    0x08011288   0x000000fc   Code   RO         3239    i._gsm_startup      app_gsm.o
    0x08011384   0x00000090   Code   RO         1985    i._list_device      cmd.o
    0x08011414   0x000000d8   Code   RO         1986    i._list_event       cmd.o
    0x080114ec   0x000000f0   Code   RO         1987    i._list_mailbox     cmd.o
    0x080115dc   0x000000e8   Code   RO         1988    i._list_mempool     cmd.o
    0x080116c4   0x000000d0   Code   RO         1989    i._list_msgqueue    cmd.o
    0x08011794   0x000000a8   Code   RO         1990    i._list_mutex       cmd.o
    0x0801183c   0x000000cc   Code   RO         1991    i._list_sem         cmd.o
    0x08011908   0x000000ec   Code   RO         1992    i._list_thread      cmd.o
    0x080119f4   0x000000f0   Code   RO         1993    i._list_timer       cmd.o
    0x08011ae4   0x00000410   Code   RO        12312    i._printf_core      mc_w.l(printf8.o)
    0x08011ef4   0x00000024   Code   RO        12313    i._printf_post_padding  mc_w.l(printf8.o)
    0x08011f18   0x0000002e   Code   RO        12314    i._printf_pre_padding  mc_w.l(printf8.o)
    0x08011f46   0x00000002   PAD
    0x08011f48   0x000000e4   Code   RO         1688    i._rt_scheduler_stack_check  scheduler.o
    0x0801202c   0x000000dc   Code   RO         1756    i._rt_thread_init   thread.o
    0x08012108   0x0000001c   Code   RO         1871    i._rt_timer_init    timer.o
    0x08012124   0x0000000a   Code   RO        12316    i._sputc            mc_w.l(printf8.o)
    0x0801212e   0x00000010   Code   RO         3133    i.bcd2bin           gps.o
    0x0801213e   0x00000016   Code   RO         3134    i.bin2bcd           gps.o
    0x08012154   0x0000005c   Code   RO         4248    i.buzzer_onoff      protocol_808.o
    0x080121b0   0x0000004c   Code   RO         5556    i.check_fs          ff.o
    0x080121fc   0x00000010   Code   RO         5557    i.chk_chr           ff.o
    0x0801220c   0x000001cc   Code   RO         5558    i.chk_mounted       ff.o
    0x080123d8   0x00000024   Code   RO         5559    i.clmt_clust        ff.o
    0x080123fc   0x00000018   Code   RO         5560    i.clust2sect        ff.o
    0x08012414   0x00000096   Code   RO         5561    i.create_chain      ff.o
    0x080124aa   0x00000002   PAD
    0x080124ac   0x00000244   Code   RO         5562    i.create_name       ff.o
    0x080126f0   0x0000024c   Code   RO         7432    i.dectect_Disp_Idle  menu_3_detect.o
    0x0801293c   0x00000018   Code   RO         4249    i.delay_ms          protocol_808.o
    0x08012954   0x00000012   Code   RO         4250    i.delay_us          protocol_808.o
    0x08012966   0x00000004   Code   RO          545    i.dev_vuart_close   vuart.o
    0x0801296a   0x00000002   PAD
    0x0801296c   0x00000098   Code   RO          546    i.dev_vuart_control  vuart.o
    0x08012a04   0x00000098   Code   RO          547    i.dev_vuart_init    vuart.o
    0x08012a9c   0x00000004   Code   RO          548    i.dev_vuart_open    vuart.o
    0x08012aa0   0x00000018   Code   RO          549    i.dev_vuart_read    vuart.o
    0x08012ab8   0x0000005c   Code   RO          550    i.dev_vuart_write   vuart.o
    0x08012b14   0x00000040   Code   RO         5221    i.dfs_init          dfs.o
    0x08012b54   0x00000130   Code   RO         5563    i.dir_find          ff.o
    0x08012c84   0x000000ee   Code   RO         5564    i.dir_next          ff.o
    0x08012d72   0x00000002   PAD
    0x08012d74   0x000001a0   Code   RO         5566    i.dir_register      ff.o
    0x08012f14   0x0000007e   Code   RO         5568    i.dir_sdi           ff.o
    0x08012f92   0x00000026   Code   RO         5864    i.disk_initialize   diskio.o
    0x08012fb8   0x00000014   Code   RO          621    i.disk_initialize_SD  diskio_sd.o
    0x08012fcc   0x00000014   Code   RO         5012    i.disk_initialize_USB  usbh_usr.o
    0x08012fe0   0x00000026   Code   RO         5865    i.disk_ioctl        diskio.o
    0x08013006   0x00000002   PAD
    0x08013008   0x00000050   Code   RO          622    i.disk_ioctl_SD     diskio_sd.o
    0x08013058   0x00000084   Code   RO         5013    i.disk_ioctl_USB    usbh_usr.o
    0x080130dc   0x00000026   Code   RO         5866    i.disk_read         diskio.o
    0x08013102   0x00000028   Code   RO          623    i.disk_read_SD      diskio_sd.o
    0x0801312a   0x00000002   PAD
    0x0801312c   0x0000002c   Code   RO         5014    i.disk_read_USB     usbh_usr.o
    0x08013158   0x00000026   Code   RO         5867    i.disk_status       diskio.o
    0x0801317e   0x00000008   Code   RO          624    i.disk_status_SD    diskio_sd.o
    0x08013186   0x00000002   PAD
    0x08013188   0x00000014   Code   RO         5015    i.disk_status_USB   usbh_usr.o
    0x0801319c   0x00000026   Code   RO         5868    i.disk_write        diskio.o
    0x080131c2   0x00000028   Code   RO          625    i.disk_write_SD     diskio_sd.o
    0x080131ea   0x00000002   PAD
    0x080131ec   0x0000002c   Code   RO         5016    i.disk_write_USB    usbh_usr.o
    0x08013218   0x00000012   Code   RO         5571    i.f_close           ff.o
    0x0801322a   0x00000210   Code   RO         5573    i.f_lseek           ff.o
    0x0801343a   0x00000002   PAD
    0x0801343c   0x00000028   Code   RO         5576    i.f_mount           ff.o
    0x08013464   0x0000011c   Code   RO         5577    i.f_open            ff.o
    0x08013580   0x0000007c   Code   RO         5584    i.f_sync            ff.o
    0x080135fc   0x00000196   Code   RO         5588    i.f_write           ff.o
    0x08013792   0x00000010   Code   RO         5822    i.ff_convert        cc936.o
    0x080137a2   0x00000002   PAD
    0x080137a4   0x00000024   Code   RO         5823    i.ff_wtoupper       cc936.o
    0x080137c8   0x00000034   Code   RO         2951    i.finsh_auto_complete  shell.o
    0x080137fc   0x00000020   Code   RO         2251    i.finsh_block_insert  finsh_heap.o
    0x0801381c   0x0000006c   Code   RO         2252    i.finsh_block_merge  finsh_heap.o
    0x08013888   0x00000024   Code   RO         2253    i.finsh_block_remove  finsh_heap.o
    0x080138ac   0x000006a4   Code   RO         2170    i.finsh_compile     finsh_compiler.o
    0x08013f50   0x00000050   Code   RO         2171    i.finsh_compiler_run  finsh_compiler.o
    0x08013fa0   0x0000000c   Code   RO         2217    i.finsh_errno       finsh_error.o
    0x08013fac   0x0000000c   Code   RO         2218    i.finsh_error_init  finsh_error.o
    0x08013fb8   0x0000000c   Code   RO         2219    i.finsh_error_set   finsh_error.o
    0x08013fc4   0x0000000c   Code   RO         2220    i.finsh_error_string  finsh_error.o
    0x08013fd0   0x00000012   Code   RO         2294    i.finsh_flush       finsh_init.o
    0x08013fe2   0x00000002   PAD
    0x08013fe4   0x000000d4   Code   RO         2954    i.finsh_handle_history  shell.o
    0x080140b8   0x000000b8   Code   RO         2254    i.finsh_heap_allocate  finsh_heap.o
    0x08014170   0x0000002c   Code   RO         2255    i.finsh_heap_free   finsh_heap.o
    0x0801419c   0x00000028   Code   RO         2256    i.finsh_heap_init   finsh_heap.o
    0x080141c4   0x0000001a   Code   RO         2295    i.finsh_init        finsh_init.o
    0x080141de   0x00000002   PAD
    0x080141e0   0x00000030   Code   RO         2330    i.finsh_node_allocate  finsh_node.o
    0x08014210   0x00000014   Code   RO         2331    i.finsh_node_init   finsh_node.o
    0x08014224   0x0000001a   Code   RO         2332    i.finsh_node_new_char  finsh_node.o
    0x0801423e   0x0000005e   Code   RO         2333    i.finsh_node_new_id  finsh_node.o
    0x0801429c   0x0000001a   Code   RO         2334    i.finsh_node_new_int  finsh_node.o
    0x080142b6   0x0000001a   Code   RO         2335    i.finsh_node_new_long  finsh_node.o
    0x080142d0   0x0000001a   Code   RO         2336    i.finsh_node_new_ptr  finsh_node.o
    0x080142ea   0x00000046   Code   RO         2337    i.finsh_node_new_string  finsh_node.o
    0x08014330   0x0000000c   Code   RO         2687    i.finsh_parser_init  finsh_parser.o
    0x0801433c   0x0000009a   Code   RO         2688    i.finsh_parser_run  finsh_parser.o
    0x080143d6   0x00000002   PAD
    0x080143d8   0x000000a2   Code   RO         2955    i.finsh_push_history  shell.o
    0x0801447a   0x00000002   PAD
    0x0801447c   0x000000b8   Code   RO         2956    i.finsh_run_line    shell.o
    0x08014534   0x0000006c   Code   RO         2957    i.finsh_rx_ind      shell.o
    0x080145a0   0x000000c0   Code   RO         2958    i.finsh_set_device  shell.o
    0x08014660   0x0000000c   Code   RO         2297    i.finsh_stack_bottom  finsh_init.o
    0x0801466c   0x00000054   Code   RO         2910    i.finsh_syscall_lookup  finsh_vm.o
    0x080146c0   0x00000014   Code   RO         2960    i.finsh_system_function_init  shell.o
    0x080146d4   0x000000b4   Code   RO         2961    i.finsh_system_init  shell.o
    0x08014788   0x00000014   Code   RO         2962    i.finsh_system_var_init  shell.o
    0x0801479c   0x00000054   Code   RO         2857    i.finsh_sysvar_lookup  finsh_var.o
    0x080147f0   0x000001c4   Code   RO         2963    i.finsh_thread_entry  shell.o
    0x080149b4   0x00000012   Code   RO         2789    i.finsh_token_init  finsh_token.o
    0x080149c6   0x00000018   Code   RO         2790    i.finsh_token_token  finsh_token.o
    0x080149de   0x000000dc   Code   RO         2172    i.finsh_type_check  finsh_compiler.o
    0x08014aba   0x00000002   PAD
    0x08014abc   0x00000014   Code   RO         2859    i.finsh_var_init    finsh_var.o
    0x08014ad0   0x00000060   Code   RO         2860    i.finsh_var_insert  finsh_var.o
    0x08014b30   0x00000038   Code   RO         2861    i.finsh_var_lookup  finsh_var.o
    0x08014b68   0x00000038   Code   RO         2911    i.finsh_vm_run      finsh_vm.o
    0x08014ba0   0x00000068   Code   RO         5589    i.follow_path       ff.o
    0x08014c08   0x00000054   Code   RO        11633    i.gb_usb_out        gb19056.o
    0x08014c5c   0x00000044   Code   RO        11634    i.gb_work           gb19056.o
    0x08014ca0   0x00000048   Code   RO         5824    i.gbtoui            cc936.o
    0x08014ce8   0x00000078   Code   RO         5590    i.gen_numname       ff.o
    0x08014d60   0x000000ae   Code   RO         5591    i.get_fat           ff.o
    0x08014e0e   0x00000002   PAD
    0x08014e10   0x00000030   Code   RO          626    i.get_fattime       diskio_sd.o
    0x08014e40   0x00000030   Code   RO         3416    i.gsm_power_cut     device_gsm.o
    0x08014e70   0x00000064   Code   RO         3240    i.gsm_thread_entry  app_gsm.o
    0x08014ed4   0x000001b4   Code   RO         7379    i.handle_Disp_Idle  menu_2_handle.o
    0x08015088   0x000000dc   Code   RO         6902    i.keypress          menu_1_idle.o
    0x08015164   0x00000028   Code   RO         7130    i.keypress          menu_txt.o
    0x0801518c   0x00000180   Code   RO         7380    i.keypress          menu_2_handle.o
    0x0801530c   0x00000180   Code   RO         7433    i.keypress          menu_3_detect.o
    0x0801548c   0x00000002   Code   RO         7201    i.lcd_fill          lcd_driver.o
    0x0801548e   0x00000002   PAD
    0x08015490   0x00000048   Code   RO         6858    i.lcd_light         lcd.o
    0x080154d8   0x00000002   Code   RO         7202    i.lcd_text12        lcd_driver.o
    0x080154da   0x00000002   Code   RO         7204    i.lcd_update_all    lcd_driver.o
    0x080154dc   0x000000c8   Code   RO         1994    i.list              cmd.o
    0x080155a4   0x0000000c   Code   RO         1995    i.list_device       cmd.o
    0x080155b0   0x0000000c   Code   RO         1996    i.list_event        cmd.o
    0x080155bc   0x0000000c   Code   RO         1997    i.list_mailbox      cmd.o
    0x080155c8   0x0000006c   Code   RO         1446    i.list_mem          mem.o
    0x08015634   0x0000000c   Code   RO         1998    i.list_mempool      cmd.o
    0x08015640   0x0000000c   Code   RO         1999    i.list_msgqueue     cmd.o
    0x0801564c   0x0000000c   Code   RO         2000    i.list_mutex        cmd.o
    0x08015658   0x000001d4   Code   RO         2001    i.list_prefix       cmd.o
    0x0801582c   0x0000000c   Code   RO         2002    i.list_sem          cmd.o
    0x08015838   0x0000000c   Code   RO         2003    i.list_thread       cmd.o
    0x08015844   0x0000000c   Code   RO         2004    i.list_timer        cmd.o
    0x08015850   0x0000001c   Code   RO        11635    i.lora_clear        gb19056.o
    0x0801586c   0x00000068   Code   RO        11636    i.lora_dest_addr    gb19056.o
    0x080158d4   0x0000004c   Code   RO        11637    i.lora_dest_ch      gb19056.o
    0x08015920   0x00000030   Code   RO        11638    i.lora_direction    gb19056.o
    0x08015950   0x00000204   Code   RO        11639    i.lora_info         gb19056.o
    0x08015b54   0x00000060   Code   RO        11833    i.lora_mode         device_usrserial.o
    0x08015bb4   0x00000030   Code   RO        11834    i.lora_sd_check     device_usrserial.o
    0x08015be4   0x00000044   Code   RO        11835    i.lora_send         device_usrserial.o
    0x08015c28   0x00000048   Code   RO        11640    i.lora_set_baud     gb19056.o
    0x08015c70   0x0000005c   Code   RO        11641    i.lora_set_desc     gb19056.o
    0x08015ccc   0x000000f0   Code   RO        11642    i.lora_sethelp      gb19056.o
    0x08015dbc   0x0000002c   Code   RO        11836    i.lora_testack_stuff  device_usrserial.o
    0x08015de8   0x0000025c   Code   RO        11837    i.lora_tts_decode   device_usrserial.o
    0x08016044   0x00000034   Code   RO        11643    i.lora_type         gb19056.o
    0x08016078   0x00000050   Code   RO         4101    i.loralight_control  device_808.o
    0x080160c8   0x0000006c   Code   RO        11838    i.loramodule_get    device_usrserial.o
    0x08016134   0x000000c4   Code   RO        11839    i.loramodule_set    device_usrserial.o
    0x080161f8   0x0000009c   Code   RO        11840    i.loramodule_spd    device_usrserial.o
    0x08016294   0x0000000e   Code   RO          304    i.main              startup.o
    0x080162a2   0x00000020   Code   RO         2689    i.make_sys_node     finsh_parser.o
    0x080162c2   0x00000002   PAD
    0x080162c4   0x00000036   Code   RO         5593    i.mem_cpy           ff.o
    0x080162fa   0x0000000e   Code   RO         5594    i.mem_set           ff.o
    0x08016308   0x0000006a   Code   RO         5595    i.move_window       ff.o
    0x08016372   0x00000002   PAD
    0x08016374   0x0000001c   Code   RO         5017    i.msc_close         usbh_usr.o
    0x08016390   0x0000001c   Code   RO         5018    i.msc_control       usbh_usr.o
    0x080163ac   0x00000004   Code   RO         5019    i.msc_init          usbh_usr.o
    0x080163b0   0x00000004   Code   RO         5020    i.msc_open          usbh_usr.o
    0x080163b4   0x00000074   Code   RO         5021    i.msc_read          usbh_usr.o
    0x08016428   0x00000068   Code   RO         5022    i.msc_write         usbh_usr.o
    0x08016490   0x00000002   Code   RO         6903    i.msg               menu_1_idle.o
    0x08016492   0x00000002   Code   RO         7131    i.msg               menu_txt.o
    0x08016494   0x00000002   Code   RO         7381    i.msg               menu_2_handle.o
    0x08016496   0x00000002   Code   RO         7434    i.msg               menu_3_detect.o
    0x08016498   0x00000138   Code   RO         1447    i.plug_holes        mem.o
    0x080165d0   0x0000012c   Code   RO         1280    i.print_number      kservice.o
    0x080166fc   0x0000004c   Code   RO         2690    i.proc_additive_expr  finsh_parser.o
    0x08016748   0x00000038   Code   RO         2691    i.proc_and_expr     finsh_parser.o
    0x08016780   0x00000058   Code   RO         2692    i.proc_assign_expr  finsh_parser.o
    0x080167d8   0x00000042   Code   RO         2693    i.proc_cast_expr    finsh_parser.o
    0x0801681a   0x00000038   Code   RO         2694    i.proc_exclusive_or_expr  finsh_parser.o
    0x08016852   0x00000004   Code   RO         2695    i.proc_expr         finsh_parser.o
    0x08016856   0x00000032   Code   RO         2696    i.proc_expr_statement  finsh_parser.o
    0x08016888   0x0000002a   Code   RO         2697    i.proc_identifier   finsh_parser.o
    0x080168b2   0x0000005a   Code   RO         2698    i.proc_multiplicative_expr  finsh_parser.o
    0x0801690c   0x0000009e   Code   RO         2699    i.proc_postfix_expr  finsh_parser.o
    0x080169aa   0x000000a8   Code   RO         2700    i.proc_primary_expr  finsh_parser.o
    0x08016a52   0x0000004c   Code   RO         2701    i.proc_shift_expr   finsh_parser.o
    0x08016a9e   0x000000ba   Code   RO         2702    i.proc_type         finsh_parser.o
    0x08016b58   0x0000009a   Code   RO         2703    i.proc_unary_expr   finsh_parser.o
    0x08016bf2   0x00000184   Code   RO         2704    i.proc_variable_decl  finsh_parser.o
    0x08016d76   0x00000002   PAD
    0x08016d78   0x000000dc   Code   RO         5596    i.put_fat           ff.o
    0x08016e54   0x0000000c   Code   RO         4251    i.redial            protocol_808.o
    0x08016e60   0x00000062   Code   RO         5597    i.remove_chain      ff.o
    0x08016ec2   0x00000002   PAD
    0x08016ec4   0x0000001c   Code   RO         4102    i.reset             device_808.o
    0x08016ee0   0x0000002c   Code   RO            5    i.rt_application_init  application.o
    0x08016f0c   0x00000028   Code   RO         1282    i.rt_console_set_device  kservice.o
    0x08016f34   0x00000070   Code   RO          864    i.rt_device_close   device.o
    0x08016fa4   0x00000070   Code   RO          865    i.rt_device_control  device.o
    0x08017014   0x00000050   Code   RO          866    i.rt_device_find    device.o
    0x08017064   0x000000c0   Code   RO          867    i.rt_device_init    device.o
    0x08017124   0x0000007c   Code   RO          868    i.rt_device_init_all  device.o
    0x080171a0   0x000000e8   Code   RO          869    i.rt_device_open    device.o
    0x08017288   0x00000084   Code   RO          870    i.rt_device_read    device.o
    0x0801730c   0x0000001c   Code   RO          871    i.rt_device_register  device.o
    0x08017328   0x00000060   Code   RO          872    i.rt_device_set_rx_indicate  device.o
    0x08017388   0x00000060   Code   RO          874    i.rt_device_unregister  device.o
    0x080173e8   0x00000084   Code   RO          875    i.rt_device_write   device.o
    0x0801746c   0x0000001c   Code   RO         1689    i.rt_enter_critical  scheduler.o
    0x08017488   0x00000030   Code   RO         1690    i.rt_exit_critical  scheduler.o
    0x080174b8   0x000001c8   Code   RO         1449    i.rt_free           mem.o
    0x08017680   0x00000024   Code   RO          410    i.rt_hw_board_init  board.o
    0x080176a4   0x00000002   Code   RO         1285    i.rt_hw_console_output  kservice.o
    0x080176a6   0x00000002   PAD
    0x080176a8   0x000000f8   Code   RO         3417    i.rt_hw_gsm_init    device_gsm.o
    0x080177a0   0x00000020   Code   RO         3418    i.rt_hw_gsm_output  device_gsm.o
    0x080177c0   0x00000024   Code   RO         3419    i.rt_hw_gsm_output_Data  device_gsm.o
    0x080177e4   0x00000020   Code   RO         3420    i.rt_hw_gsm_putc    device_gsm.o
    0x08017804   0x000000f4   Code   RO         7483    i.rt_hw_hard_fault_exception  cpuport.o
    0x080178f8   0x0000004a   Code   RO         7484    i.rt_hw_stack_init  cpuport.o
    0x08017942   0x00000002   PAD
    0x08017944   0x0000006c   Code   RO          551    i.rt_hw_usart_init  vuart.o
    0x080179b0   0x00000002   Code   RO            6    i.rt_init_thread_entry  application.o
    0x080179b2   0x00000002   PAD
    0x080179b4   0x0000001c   Code   RO         1252    i.rt_interrupt_enter  irq.o
    0x080179d0   0x0000000c   Code   RO         1253    i.rt_interrupt_get_nest  irq.o
    0x080179dc   0x0000001c   Code   RO         1254    i.rt_interrupt_leave  irq.o
    0x080179f8   0x0000000e   Code   RO         1000    i.rt_ipc_list_resume  ipc.o
    0x08017a06   0x00000002   PAD
    0x08017a08   0x00000052   Code   RO         1002    i.rt_ipc_list_suspend  ipc.o
    0x08017a5a   0x00000002   PAD
    0x08017a5c   0x00000038   Code   RO         1286    i.rt_kprintf        kservice.o
    0x08017a94   0x0000000e   Code   RO         1586    i.rt_list_insert_after  object.o
    0x08017aa2   0x0000000e   Code   RO         1757    i.rt_list_insert_after  thread.o
    0x08017ab0   0x0000000e   Code   RO         1003    i.rt_list_insert_before  ipc.o
    0x08017abe   0x0000000e   Code   RO         1872    i.rt_list_insert_before  timer.o
    0x08017acc   0x00000012   Code   RO         2005    i.rt_list_len       cmd.o
    0x08017ade   0x00000012   Code   RO         1587    i.rt_list_remove    object.o
    0x08017af0   0x00000012   Code   RO         1758    i.rt_list_remove    thread.o
    0x08017b02   0x00000012   Code   RO         1873    i.rt_list_remove    timer.o
    0x08017b14   0x00000264   Code   RO         1451    i.rt_malloc         mem.o
    0x08017d78   0x0000004a   Code   RO         1289    i.rt_memcpy         kservice.o
    0x08017dc2   0x00000002   PAD
    0x08017dc4   0x00000046   Code   RO         1291    i.rt_memset         kservice.o
    0x08017e0a   0x00000002   PAD
    0x08017e0c   0x000000b8   Code   RO         1016    i.rt_mq_init        ipc.o
    0x08017ec4   0x00000214   Code   RO         1017    i.rt_mq_recv        ipc.o
    0x080180d8   0x00000140   Code   RO         1018    i.rt_mq_send        ipc.o
    0x08018218   0x00000084   Code   RO         1024    i.rt_mutex_init     ipc.o
    0x0801829c   0x000000d8   Code   RO         1588    i.rt_object_allocate  object.o
    0x08018374   0x000000d4   Code   RO         1590    i.rt_object_delete  object.o
    0x08018448   0x00000080   Code   RO         1591    i.rt_object_detach  object.o
    0x080184c8   0x00000048   Code   RO         1595    i.rt_object_init    object.o
    0x08018510   0x00000068   Code   RO         1596    i.rt_object_is_systemobject  object.o
    0x08018578   0x000000a0   Code   RO         3077    i.rt_ringbuffer_get  ringbuffer.o
    0x08018618   0x00000078   Code   RO         3078    i.rt_ringbuffer_getchar  ringbuffer.o
    0x08018690   0x0000006c   Code   RO         3079    i.rt_ringbuffer_init  ringbuffer.o
    0x080186fc   0x00000078   Code   RO         3081    i.rt_ringbuffer_putchar  ringbuffer.o
    0x08018774   0x0000009c   Code   RO         1691    i.rt_schedule       scheduler.o
    0x08018810   0x0000009c   Code   RO         1692    i.rt_schedule_insert_thread  scheduler.o
    0x080188ac   0x0000009c   Code   RO         1693    i.rt_schedule_remove_thread  scheduler.o
    0x08018948   0x00000074   Code   RO         1031    i.rt_sem_init       ipc.o
    0x080189bc   0x00000044   Code   RO         1032    i.rt_sem_release    ipc.o
    0x08018a00   0x00000140   Code   RO         1033    i.rt_sem_take       ipc.o
    0x08018b40   0x00000020   Code   RO         1292    i.rt_set_errno      kservice.o
    0x08018b60   0x000000b0   Code   RO         1293    i.rt_show_version   kservice.o
    0x08018c10   0x00000070   Code   RO         1874    i.rt_soft_timer_check  timer.o
    0x08018c80   0x00000010   Code   RO         1299    i.rt_strlen         kservice.o
    0x08018c90   0x00000020   Code   RO         1300    i.rt_strncmp        kservice.o
    0x08018cb0   0x00000026   Code   RO         1301    i.rt_strncpy        kservice.o
    0x08018cd6   0x00000002   PAD
    0x08018cd8   0x00000134   Code   RO         1455    i.rt_system_heap_init  mem.o
    0x08018e0c   0x00000002   Code   RO         1600    i.rt_system_object_init  object.o
    0x08018e0e   0x00000002   PAD
    0x08018e10   0x00000034   Code   RO         1695    i.rt_system_scheduler_init  scheduler.o
    0x08018e44   0x00000058   Code   RO         1696    i.rt_system_scheduler_start  scheduler.o
    0x08018e9c   0x00000002   Code   RO          826    i.rt_system_tick_init  clock.o
    0x08018e9e   0x00000002   Code   RO         1875    i.rt_system_timer_init  timer.o
    0x08018ea0   0x00000044   Code   RO         1876    i.rt_system_timer_thread_init  timer.o
    0x08018ee4   0x00000048   Code   RO         1760    i.rt_thread_create  thread.o
    0x08018f2c   0x00000004   Code   RO         1761    i.rt_thread_delay   thread.o
    0x08018f30   0x0000004c   Code   RO         4948    i.rt_thread_entry_usbmsc  usbh.o
    0x08018f7c   0x00000060   Code   RO         1764    i.rt_thread_exit    thread.o
    0x08018fdc   0x00000018   Code   RO          947    i.rt_thread_idle_entry  idle.o
    0x08018ff4   0x000000e0   Code   RO          948    i.rt_thread_idle_excute  idle.o
    0x080190d4   0x00000038   Code   RO          949    i.rt_thread_idle_init  idle.o
    0x0801910c   0x000000c4   Code   RO         1766    i.rt_thread_init    thread.o
    0x080191d0   0x00000098   Code   RO         1767    i.rt_thread_resume  thread.o
    0x08019268   0x0000000c   Code   RO         1768    i.rt_thread_self    thread.o
    0x08019274   0x00000098   Code   RO         1769    i.rt_thread_sleep   thread.o
    0x0801930c   0x000000c8   Code   RO         1770    i.rt_thread_startup  thread.o
    0x080193d4   0x00000084   Code   RO         1771    i.rt_thread_suspend  thread.o
    0x08019458   0x000000c0   Code   RO         1772    i.rt_thread_timeout  thread.o
    0x08019518   0x00000030   Code   RO         1877    i.rt_thread_timer_entry  timer.o
    0x08019548   0x0000005c   Code   RO         1773    i.rt_thread_yield   thread.o
    0x080195a4   0x0000000c   Code   RO          828    i.rt_tick_get       clock.o
    0x080195b0   0x0000002c   Code   RO          829    i.rt_tick_increase  clock.o
    0x080195dc   0x00000074   Code   RO         1878    i.rt_timer_check    timer.o
    0x08019650   0x0000008c   Code   RO         1879    i.rt_timer_control  timer.o
    0x080196dc   0x0000002e   Code   RO         1880    i.rt_timer_create   timer.o
    0x0801970a   0x00000002   PAD
    0x0801970c   0x00000080   Code   RO         1883    i.rt_timer_init     timer.o
    0x0801978c   0x00000010   Code   RO         1884    i.rt_timer_list_next_timeout  timer.o
    0x0801979c   0x00000140   Code   RO         1886    i.rt_timer_start    timer.o
    0x080198dc   0x0000003c   Code   RO        11841    i.rtc_get           device_usrserial.o
    0x08019918   0x000000bc   Code   RO        11842    i.rtc_set           device_usrserial.o
    0x080199d4   0x00000094   Code   RO          305    i.rtthread_startup  startup.o
    0x08019a68   0x00000004   Code   RO         6904    i.show              menu_1_idle.o
    0x08019a6c   0x000000dc   Code   RO         7132    i.show              menu_txt.o
    0x08019b48   0x00000004   Code   RO         7382    i.show              menu_2_handle.o
    0x08019b4c   0x00000004   Code   RO         7435    i.show              menu_3_detect.o
    0x08019b50   0x00000030   Code   RO         2006    i.show_wait_queue   cmd.o
    0x08019b80   0x00000028   Code   RO         1304    i.skip_atoi         kservice.o
    0x08019ba8   0x00000054   Code   RO         4252    i.str2ip            protocol_808.o
    0x08019bfc   0x0000001a   Code   RO         2007    i.str_common        cmd.o
    0x08019c16   0x0000001a   Code   RO         2008    i.str_is_prefix     cmd.o
    0x08019c30   0x00000018   Code   RO         2964    i.strcmp            shell.o
    0x08019c48   0x00000068   Code   RO         4253    i.strtrim           protocol_808.o
    0x08019cb0   0x0000001a   Code   RO         5599    i.sum_sfn           ff.o
    0x08019cca   0x00000002   PAD
    0x08019ccc   0x00000078   Code   RO         5600    i.sync              ff.o
    0x08019d44   0x00000030   Code   RO        11843    i.test_ack_timer    device_usrserial.o
    0x08019d74   0x000002d0   Code   RO        11644    i.thread_GBData_mode  gb19056.o
    0x0801a044   0x0000006c   Code   RO         3965    i.timeout_app       app_808.o
    0x0801a0b0   0x00000012   Code   RO         3241    i.timeout_gsm       app_gsm.o
    0x0801a0c2   0x00000002   PAD
    0x0801a0c4   0x0000001c   Code   RO         6905    i.timetick          menu_1_idle.o
    0x0801a0e0   0x00000038   Code   RO         7133    i.timetick          menu_txt.o
    0x0801a118   0x0000001c   Code   RO         7383    i.timetick          menu_2_handle.o
    0x0801a134   0x0000001c   Code   RO         7436    i.timetick          menu_3_detect.o
    0x0801a150   0x00000066   Code   RO         2791    i.token_get_string  finsh_token.o
    0x0801a1b6   0x00000038   Code   RO         2792    i.token_next_char   finsh_token.o
    0x0801a1ee   0x00000012   Code   RO         2793    i.token_prev_char   finsh_token.o
    0x0801a200   0x0000008e   Code   RO         2794    i.token_proc_char   finsh_token.o
    0x0801a28e   0x00000002   PAD
    0x0801a290   0x0000008e   Code   RO         2795    i.token_proc_escape  finsh_token.o
    0x0801a31e   0x00000002   PAD
    0x0801a320   0x000000e2   Code   RO         2796    i.token_proc_number  finsh_token.o
    0x0801a402   0x00000002   PAD
    0x0801a404   0x000001b4   Code   RO         2797    i.token_run         finsh_token.o
    0x0801a5b8   0x00000074   Code   RO         2798    i.token_spec_number  finsh_token.o
    0x0801a62c   0x00000010   Code   RO        11844    i.u3_txdata         device_usrserial.o
    0x0801a63c   0x0000002c   Code   RO          552    i.uart1_baud        vuart.o
    0x0801a668   0x00000048   Code   RO         5825    i.uitogb            cc936.o
    0x0801a6b0   0x00000040   Code   RO         4949    i.usbh_init         usbh.o
    0x0801a6f0   0x00000020   Code   RO         5601    i.validate          ff.o
    0x0801a710   0x0000000a   Code   RO         2009    i.version           cmd.o
    0x0801a71a   0x00000002   PAD
    0x0801a71c   0x00000274   Code   RO         1305    i.vsnprintf         kservice.o
    0x0801a990   0x00000012   Data   RO          554    .constdata          vuart.o
    0x0801a9a2   0x000000a8   Data   RO          876    .constdata          device.o
    0x0801aa4a   0x00000016   Data   RO          952    .constdata          idle.o
    0x0801aa60   0x000001c6   Data   RO         1035    .constdata          ipc.o
    0x0801ac26   0x00000022   Data   RO         1307    .constdata          kservice.o
    0x0801ac48   0x00000009   Data   RO         1457    .constdata          mem.o
    0x0801ac51   0x0000001e   Data   RO         1458    .constdata          mem.o
    0x0801ac6f   0x00000046   Data   RO         1459    .constdata          mem.o
    0x0801acb5   0x0000005e   Data   RO         1601    .constdata          object.o
    0x0801ad13   0x0000014e   Data   RO         1698    .constdata          scheduler.o
    0x0801ae61   0x000000aa   Data   RO         1774    .constdata          thread.o
    0x0801af0b   0x0000005c   Data   RO         1890    .constdata          timer.o
    0x0801af67   0x00000008   Data   RO         2010    .constdata          cmd.o
    0x0801af6f   0x00000025   Data   RO         2011    .constdata          cmd.o
    0x0801af94   0x0000000c   Data   RO         2012    .constdata          cmd.o
    0x0801afa0   0x0000000c   Data   RO         2013    .constdata          cmd.o
    0x0801afac   0x00000009   Data   RO         2014    .constdata          cmd.o
    0x0801afb5   0x00000019   Data   RO         2015    .constdata          cmd.o
    0x0801afce   0x0000000b   Data   RO         2016    .constdata          cmd.o
    0x0801afd9   0x00000015   Data   RO         2017    .constdata          cmd.o
    0x0801afee   0x0000000b   Data   RO         2018    .constdata          cmd.o
    0x0801aff9   0x00000015   Data   RO         2019    .constdata          cmd.o
    0x0801b00e   0x0000000d   Data   RO         2020    .constdata          cmd.o
    0x0801b01b   0x00000018   Data   RO         2021    .constdata          cmd.o
    0x0801b033   0x0000000e   Data   RO         2022    .constdata          cmd.o
    0x0801b041   0x0000001d   Data   RO         2023    .constdata          cmd.o
    0x0801b05e   0x0000000d   Data   RO         2024    .constdata          cmd.o
    0x0801b06b   0x0000001b   Data   RO         2025    .constdata          cmd.o
    0x0801b086   0x0000000b   Data   RO         2026    .constdata          cmd.o
    0x0801b091   0x00000015   Data   RO         2027    .constdata          cmd.o
    0x0801b0a6   0x0000000c   Data   RO         2028    .constdata          cmd.o
    0x0801b0b2   0x00000016   Data   RO         2029    .constdata          cmd.o
    0x0801b0c8   0x00000005   Data   RO         2030    .constdata          cmd.o
    0x0801b0cd   0x0000001a   Data   RO         2031    .constdata          cmd.o
    0x0801b0e7   0x00000006   Data   RO         2032    .constdata          cmd.o
    0x0801b0ed   0x00000019   Data   RO         2033    .constdata          cmd.o
    0x0801b106   0x00000002   PAD
    0x0801b108   0x00000040   Data   RO         2034    .constdata          cmd.o
    0x0801b148   0x000000c4   Data   RO         2435    .constdata          finsh_ops.o
    0x0801b20c   0x00000040   Data   RO         2799    .constdata          finsh_token.o
    0x0801b24c   0x0000004d   Data   RO         2967    .constdata          shell.o
    0x0801b299   0x00000063   Data   RO         3082    .constdata          ringbuffer.o
    0x0801b2fc   0x0000018e   Data   RO         3422    .constdata          device_gsm.o
    0x0801b48a   0x00000009   Data   RO         3431    .constdata          device_gsm.o
    0x0801b493   0x00000009   Data   RO         3432    .constdata          device_gsm.o
    0x0801b49c   0x0000000c   Data   RO         3433    .constdata          device_gsm.o
    0x0801b4a8   0x0000000c   Data   RO         3434    .constdata          device_gsm.o
    0x0801b4b4   0x00000003   Data   RO         3435    .constdata          device_gsm.o
    0x0801b4b7   0x00000003   Data   RO         3436    .constdata          device_gsm.o
    0x0801b4ba   0x00000006   Data   RO         4105    .constdata          device_808.o
    0x0801b4c0   0x0000000d   Data   RO         4106    .constdata          device_808.o
    0x0801b4cd   0x00000012   Data   RO         4107    .constdata          device_808.o
    0x0801b4df   0x00000010   Data   RO         4108    .constdata          device_808.o
    0x0801b4ef   0x00000007   Data   RO         4258    .constdata          protocol_808.o
    0x0801b4f6   0x00000007   Data   RO         4259    .constdata          protocol_808.o
    0x0801b4fd   0x0000000d   Data   RO         4260    .constdata          protocol_808.o
    0x0801b50a   0x00000012   Data   RO         4261    .constdata          protocol_808.o
    0x0801b51c   0x0000002d   Data   RO         5039    .constdata          usbh_usr.o
    0x0801b549   0x00000001   PAD
    0x0801b54a   0x0000003a   Data   RO         5603    .constdata          ff.o
    0x0801b584   0x0000044e   Data   RO         5826    .constdata          cc936.o
    0x0801b9d2   0x0000000a   Data   RO         6859    .constdata          lcd.o
    0x0801b9dc   0x0000000f   Data   RO         6860    .constdata          lcd.o
    0x0801b9eb   0x0000000f   Data   RO         7206    .constdata          lcd_driver.o
    0x0801b9fa   0x00000011   Data   RO         7207    .constdata          lcd_driver.o
    0x0801ba0b   0x00000010   Data   RO         7208    .constdata          lcd_driver.o
    0x0801ba1b   0x00000012   Data   RO         7209    .constdata          lcd_driver.o
    0x0801ba2d   0x0000000e   Data   RO        11646    .constdata          gb19056.o
    0x0801ba3b   0x00000010   Data   RO        11647    .constdata          gb19056.o
    0x0801ba4b   0x0000000e   Data   RO        11648    .constdata          gb19056.o
    0x0801ba59   0x00000010   Data   RO        11649    .constdata          gb19056.o
    0x0801ba69   0x00000008   Data   RO        11650    .constdata          gb19056.o
    0x0801ba71   0x0000000d   Data   RO        11651    .constdata          gb19056.o
    0x0801ba7e   0x0000000b   Data   RO        11652    .constdata          gb19056.o
    0x0801ba89   0x0000000d   Data   RO        11653    .constdata          gb19056.o
    0x0801ba96   0x0000000f   Data   RO        11654    .constdata          gb19056.o
    0x0801baa5   0x0000001c   Data   RO        11655    .constdata          gb19056.o
    0x0801bac1   0x0000000d   Data   RO        11656    .constdata          gb19056.o
    0x0801bace   0x00000019   Data   RO        11657    .constdata          gb19056.o
    0x0801bae7   0x0000000e   Data   RO        11658    .constdata          gb19056.o
    0x0801baf5   0x00000018   Data   RO        11659    .constdata          gb19056.o
    0x0801bb0d   0x0000000a   Data   RO        11660    .constdata          gb19056.o
    0x0801bb17   0x00000013   Data   RO        11661    .constdata          gb19056.o
    0x0801bb2a   0x0000000f   Data   RO        11662    .constdata          gb19056.o
    0x0801bb39   0x00000018   Data   RO        11663    .constdata          gb19056.o
    0x0801bb51   0x0000000e   Data   RO        11664    .constdata          gb19056.o
    0x0801bb5f   0x00000018   Data   RO        11665    .constdata          gb19056.o
    0x0801bb77   0x0000000a   Data   RO        11666    .constdata          gb19056.o
    0x0801bb81   0x0000000c   Data   RO        11667    .constdata          gb19056.o
    0x0801bb8d   0x0000000d   Data   RO        11668    .constdata          gb19056.o
    0x0801bb9a   0x0000000f   Data   RO        11669    .constdata          gb19056.o
    0x0801bba9   0x0000000b   Data   RO        11670    .constdata          gb19056.o
    0x0801bbb4   0x0000000d   Data   RO        11671    .constdata          gb19056.o
    0x0801bbc1   0x00000008   Data   RO        11672    .constdata          gb19056.o
    0x0801bbc9   0x0000000f   Data   RO        11673    .constdata          gb19056.o
    0x0801bbd8   0x00000010   Data   RO        11846    .constdata          device_usrserial.o
    0x0801bbe8   0x00000012   Data   RO        11847    .constdata          device_usrserial.o
    0x0801bbfa   0x0000000a   Data   RO        11848    .constdata          device_usrserial.o
    0x0801bc04   0x00000013   Data   RO        11849    .constdata          device_usrserial.o
    0x0801bc17   0x0000000d   Data   RO        11850    .constdata          device_usrserial.o
    0x0801bc24   0x00000016   Data   RO        11851    .constdata          device_usrserial.o
    0x0801bc3a   0x0000000a   Data   RO        11852    .constdata          device_usrserial.o
    0x0801bc44   0x00000011   Data   RO        11853    .constdata          device_usrserial.o
    0x0801bc55   0x0000000a   Data   RO        11854    .constdata          device_usrserial.o
    0x0801bc5f   0x00000012   Data   RO        11855    .constdata          device_usrserial.o
    0x0801bc71   0x0000000e   Data   RO        11856    .constdata          device_usrserial.o
    0x0801bc7f   0x00000010   Data   RO        11857    .constdata          device_usrserial.o
    0x0801bc8f   0x0000000f   Data   RO        11858    .constdata          device_usrserial.o
    0x0801bc9e   0x00000011   Data   RO        11859    .constdata          device_usrserial.o
    0x0801bcaf   0x0000000f   Data   RO        11860    .constdata          device_usrserial.o
    0x0801bcbe   0x00000011   Data   RO        11861    .constdata          device_usrserial.o
    0x0801bccf   0x0000000f   Data   RO        11862    .constdata          device_usrserial.o
    0x0801bcde   0x00000011   Data   RO        11863    .constdata          device_usrserial.o
    0x0801bcef   0x00000008   Data   RO        11864    .constdata          device_usrserial.o
    0x0801bcf7   0x0000001b   Data   RO        11865    .constdata          device_usrserial.o
    0x0801bd12   0x00000008   Data   RO        11866    .constdata          device_usrserial.o
    0x0801bd1a   0x00000008   Data   RO        11867    .constdata          device_usrserial.o
    0x0801bd22   0x00000081   Data   RO        12051    .constdata          mc_w.l(ctype_o.o)
    0x0801bda3   0x00000001   PAD
    0x0801bda4   0x00000004   Data   RO        12052    .constdata          mc_w.l(ctype_o.o)
    0x0801bda8   0x000000ed   Data   RO         1460    .conststring        mem.o
    0x0801be95   0x00000003   PAD
    0x0801be98   0x0000016d   Data   RO         2035    .conststring        cmd.o
    0x0801c005   0x00000003   PAD
    0x0801c008   0x000000f3   Data   RO         2221    .conststring        finsh_error.o
    0x0801c0fb   0x00000001   PAD
    0x0801c0fc   0x0000003e   Data   RO         2800    .conststring        finsh_token.o
    0x0801c13a   0x00000002   PAD
    0x0801c13c   0x0000000a   Data   RO         6906    .conststring        menu_1_idle.o
    0x0801c146   0x00000002   PAD
    0x0801c148   0x00000009   Data   RO         7134    .conststring        menu_txt.o
    0x0801c151   0x00000003   PAD
    0x0801c154   0x0000000c   Data   RO         7384    .conststring        menu_2_handle.o
    0x0801c160   0x0000000c   Data   RO         7437    .conststring        menu_3_detect.o
    0x0801c16c   0x00000196   Data   RO        11674    .conststring        gb19056.o
    0x0801c302   0x00000002   PAD
    0x0801c304   0x00000097   Data   RO        11868    .conststring        device_usrserial.o
    0x0801c39b   0x00000001   PAD
    0x0801c39c   0x0000000c   Data   RO         1462    FSymTab             mem.o
    0x0801c3a8   0x0000000c   Data   RO         2037    FSymTab             cmd.o
    0x0801c3b4   0x0000000c   Data   RO         2038    FSymTab             cmd.o
    0x0801c3c0   0x0000000c   Data   RO         2039    FSymTab             cmd.o
    0x0801c3cc   0x0000000c   Data   RO         2040    FSymTab             cmd.o
    0x0801c3d8   0x0000000c   Data   RO         2041    FSymTab             cmd.o
    0x0801c3e4   0x0000000c   Data   RO         2042    FSymTab             cmd.o
    0x0801c3f0   0x0000000c   Data   RO         2043    FSymTab             cmd.o
    0x0801c3fc   0x0000000c   Data   RO         2044    FSymTab             cmd.o
    0x0801c408   0x0000000c   Data   RO         2045    FSymTab             cmd.o
    0x0801c414   0x0000000c   Data   RO         2046    FSymTab             cmd.o
    0x0801c420   0x0000000c   Data   RO         2047    FSymTab             cmd.o
    0x0801c42c   0x0000000c   Data   RO         3450    FSymTab             device_gsm.o
    0x0801c438   0x0000000c   Data   RO         3451    FSymTab             device_gsm.o
    0x0801c444   0x0000000c   Data   RO         3452    FSymTab             device_gsm.o
    0x0801c450   0x0000000c   Data   RO         4115    FSymTab             device_808.o
    0x0801c45c   0x0000000c   Data   RO         4116    FSymTab             device_808.o
    0x0801c468   0x0000000c   Data   RO         4272    FSymTab             protocol_808.o
    0x0801c474   0x0000000c   Data   RO         4273    FSymTab             protocol_808.o
    0x0801c480   0x0000000c   Data   RO         6861    FSymTab             lcd.o
    0x0801c48c   0x0000000c   Data   RO         7229    FSymTab             lcd_driver.o
    0x0801c498   0x0000000c   Data   RO         7230    FSymTab             lcd_driver.o
    0x0801c4a4   0x0000000c   Data   RO        11678    FSymTab             gb19056.o
    0x0801c4b0   0x0000000c   Data   RO        11679    FSymTab             gb19056.o
    0x0801c4bc   0x0000000c   Data   RO        11680    FSymTab             gb19056.o
    0x0801c4c8   0x0000000c   Data   RO        11681    FSymTab             gb19056.o
    0x0801c4d4   0x0000000c   Data   RO        11682    FSymTab             gb19056.o
    0x0801c4e0   0x0000000c   Data   RO        11683    FSymTab             gb19056.o
    0x0801c4ec   0x0000000c   Data   RO        11684    FSymTab             gb19056.o
    0x0801c4f8   0x0000000c   Data   RO        11685    FSymTab             gb19056.o
    0x0801c504   0x0000000c   Data   RO        11686    FSymTab             gb19056.o
    0x0801c510   0x0000000c   Data   RO        11687    FSymTab             gb19056.o
    0x0801c51c   0x0000000c   Data   RO        11688    FSymTab             gb19056.o
    0x0801c528   0x0000000c   Data   RO        11689    FSymTab             gb19056.o
    0x0801c534   0x0000000c   Data   RO        11690    FSymTab             gb19056.o
    0x0801c540   0x0000000c   Data   RO        11691    FSymTab             gb19056.o
    0x0801c54c   0x0000000c   Data   RO        11870    FSymTab             device_usrserial.o
    0x0801c558   0x0000000c   Data   RO        11871    FSymTab             device_usrserial.o
    0x0801c564   0x0000000c   Data   RO        11872    FSymTab             device_usrserial.o
    0x0801c570   0x0000000c   Data   RO        11873    FSymTab             device_usrserial.o
    0x0801c57c   0x0000000c   Data   RO        11874    FSymTab             device_usrserial.o
    0x0801c588   0x0000000c   Data   RO        11875    FSymTab             device_usrserial.o
    0x0801c594   0x0000000c   Data   RO        11876    FSymTab             device_usrserial.o
    0x0801c5a0   0x0000000c   Data   RO        11877    FSymTab             device_usrserial.o
    0x0801c5ac   0x0000000c   Data   RO        11878    FSymTab             device_usrserial.o
    0x0801c5b8   0x0000000c   Data   RO        11879    FSymTab             device_usrserial.o
    0x0801c5c4   0x0000000c   Data   RO        11880    FSymTab             device_usrserial.o
    0x0801c5d0   0x00000020   Data   RO        12433    Region$$Table       anon$$obj.o
    0x0801c5f0   0x00000010   Data   RO         2048    VSymTab             cmd.o


    Execution Region RW_IRAM1 (Base: 0x20000000, Size: 0x0000f7f8, Max: 0x00020000, ABSOLUTE, COMPRESSED[0x0000022c])

    Base Addr    Size         Type   Attr      Idx    E Section Name        Object

    0x20000000   0x00000001   Data   RW          555    .data               vuart.o
    0x20000001   0x00000001   Data   RW          716    .data               spi_sd_driver.o
    0x20000002   0x00000002   PAD
    0x20000004   0x00000004   Data   RW          831    .data               clock.o
    0x20000008   0x00000004   Data   RW          953    .data               idle.o
    0x2000000c   0x00000001   Data   RW         1255    .data               irq.o
    0x2000000d   0x00000003   PAD
    0x20000010   0x00000008   Data   RW         1308    .data               kservice.o
    0x20000018   0x00000020   Data   RW         1461    .data               mem.o
    0x20000038   0x000000a4   Data   RW         1602    .data               object.o
    0x200000dc   0x00000018   Data   RW         1699    .data               scheduler.o
    0x200000f4   0x00000014   Data   RW         1891    .data               timer.o
    0x20000108   0x00000004   Data   RW         2036    .data               cmd.o
    0x2000010c   0x00000008   Data   RW         2173    .data               finsh_compiler.o
    0x20000114   0x00000040   Data   RW         2222    .data               finsh_error.o
    0x20000154   0x00000008   Data   RW         2258    .data               finsh_heap.o
    0x2000015c   0x00000004   Data   RW         2863    .data               finsh_var.o
    0x20000160   0x0000000c   Data   RW         2913    .data               finsh_vm.o
    0x2000016c   0x00000004   Data   RW         2968    .data               shell.o
    0x20000170   0x00000004   Data   RW         3061    .data               symbol.o
    0x20000174   0x00000004   Data   RW         3062    .data               symbol.o
    0x20000178   0x00000004   Data   RW         3063    .data               symbol.o
    0x2000017c   0x00000004   Data   RW         3064    .data               symbol.o
    0x20000180   0x00000001   Data   RW         3136    .data               gps.o
    0x20000181   0x00000008   Data   RW         3137    .data               gps.o
    0x20000189   0x00000001   PAD
    0x2000018a   0x00000002   Data   RW         3245    .data               app_gsm.o
    0x2000018c   0x0000000c   Data   RW         3246    .data               app_gsm.o
    0x20000198   0x00000001   Data   RW         3249    .data               app_gsm.o
    0x20000199   0x00000001   Data   RW         3254    .data               app_gsm.o
    0x2000019a   0x00000188   Data   RW         3437    .data               device_gsm.o
    0x20000322   0x00000006   Data   RW         3881    .data               device_485.o
    0x20000328   0x00000004   Data   RW         3970    .data               app_808.o
    0x2000032c   0x00000010   Data   RW         3973    .data               app_808.o
    0x2000033c   0x0000000c   Data   RW         4110    .data               device_808.o
    0x20000348   0x00000001   Data   RW         4264    .data               protocol_808.o
    0x20000349   0x00000001   PAD
    0x2000034a   0x00000088   Data   RW         4265    .data               protocol_808.o
    0x200003d2   0x00000004   Data   RW         4398    .data               sys_config.o
    0x200003d6   0x00000002   Data   RW         4400    .data               sys_config.o
    0x200003d8   0x00000004   Data   RW         4401    .data               sys_config.o
    0x200003dc   0x0000001e   Data   RW         4405    .data               sys_config.o
    0x200003fa   0x00000002   PAD
    0x200003fc   0x00000004   Data   RW         4409    .data               sys_config.o
    0x20000400   0x00000007   Data   RW         4537    .data               rtc.o
    0x20000407   0x00000001   Data   RW         4760    .data               df_oper.o
    0x20000408   0x0000000c   Data   RW         4825    .data               flash_oper.o
    0x20000414   0x00000001   Data   RW         4826    .data               flash_oper.o
    0x20000415   0x00000003   PAD
    0x20000418   0x00000048   Data   RW         5040    .data               usbh_usr.o
    0x20000460   0x00000003   Data   RW         5041    .data               usbh_usr.o
    0x20000463   0x00000001   PAD
    0x20000464   0x0000000c   Data   RW         5605    .data               ff.o
    0x20000470   0x0000000c   Data   RW         5912    .data               usbh_core.o
    0x2000047c   0x00000004   Data   RW         5913    .data               usbh_core.o
    0x20000480   0x00000002   Data   RW         5914    .data               usbh_core.o
    0x20000482   0x00000004   Data   RW         6120    .data               usbh_stdreq.o
    0x20000486   0x00000002   PAD
    0x20000488   0x00000014   Data   RW         6461    .data               usbh_msc_bot.o
    0x2000049c   0x00000002   Data   RW         6511    .data               usbh_msc_core.o
    0x2000049e   0x00000002   PAD
    0x200004a0   0x00000010   Data   RW         6512    .data               usbh_msc_core.o
    0x200004b0   0x00000001   Data   RW         6566    .data               usbh_msc_scsi.o
    0x200004b1   0x00000002   Data   RW         6907    .data               menu_1_idle.o
    0x200004b3   0x00000005   PAD
    0x200004b8   0x00000019   Data   RW         6910    .data               menu_1_idle.o
    0x200004d1   0x00000003   PAD
    0x200004d4   0x00000004   Data   RW         6999    .data               menu_include.o
    0x200004d8   0x00000014   Data   RW         7002    .data               menu_include.o
    0x200004ec   0x00000001   Data   RW         7005    .data               menu_include.o
    0x200004ed   0x00000001   Data   RW         7044    .data               menu_include.o
    0x200004ee   0x00000001   Data   RW         7071    .data               menu_include.o
    0x200004ef   0x00000001   Data   RW         7072    .data               menu_include.o
    0x200004f0   0x00000004   Data   RW         7075    .data               menu_include.o
    0x200004f4   0x00000004   PAD
    0x200004f8   0x00000019   Data   RW         7135    .data               menu_txt.o
    0x20000511   0x00000002   Data   RW         7385    .data               menu_2_handle.o
    0x20000513   0x00000005   PAD
    0x20000518   0x00000019   Data   RW         7386    .data               menu_2_handle.o
    0x20000531   0x00000002   Data   RW         7438    .data               menu_3_detect.o
    0x20000533   0x00000005   PAD
    0x20000538   0x00000019   Data   RW         7439    .data               menu_3_detect.o
    0x20000551   0x00000003   PAD
    0x20000554   0x00000004   Data   RW         7486    .data               cpuport.o
    0x20000558   0x00000004   Data   RW         7487    .data               cpuport.o
    0x2000055c   0x00000004   Data   RW         7488    .data               cpuport.o
    0x20000560   0x00000010   Data   RW         9810    .data               stm32f2xx_rcc.o
    0x20000570   0x00000008   Data   RW        11676    .data               gb19056.o
    0x20000578   0x0000000f   Data   RW        11869    .data               device_usrserial.o
    0x20000587   0x00000001   PAD
    0x20000588   0x00000004   Data   RW        12389    .data               mc_w.l(errno.o)
    0x2000058c   0x0000044c   Zero   RW          553    .bss                vuart.o
    0x200009d8   0x00000880   Zero   RW          951    .bss                idle.o
    0x20001258   0x00000080   Zero   RW         1306    .bss                kservice.o
    0x200012d8   0x00000020   Zero   RW         1456    .bss                mem.o
    0x200012f8   0x00000100   Zero   RW         1697    .bss                scheduler.o
    0x200013f8   0x00001080   Zero   RW         1889    .bss                timer.o
    0x20002478   0x00000080   Zero   RW         2257    .bss                finsh_heap.o
    0x200024f8   0x00000140   Zero   RW         2338    .bss                finsh_node.o
    0x20002638   0x000000c0   Zero   RW         2862    .bss                finsh_var.o
    0x200026f8   0x00000180   Zero   RW         2912    .bss                finsh_vm.o
    0x20002878   0x00000880   Zero   RW         2966    .bss                shell.o
    0x200030f8   0x00000017   Zero   RW         3135    .bss                gps.o
    0x2000310f   0x00000001   PAD
    0x20003110   0x00002c1c   Zero   RW         3242    .bss                app_gsm.o
    0x20005d2c   0x00000400   Zero   RW         3244    .bss                app_gsm.o
    0x2000612c   0x00000004   PAD
    0x20006130   0x00002618   Zero   RW         3421    .bss                device_gsm.o
    0x20008748   0x0000016c   Zero   RW         3875    .bss                device_485.o
    0x200088b4   0x00000004   PAD
    0x200088b8   0x00001080   Zero   RW         3967    .bss                app_808.o
    0x20009938   0x00000578   Zero   RW         4255    .bss                protocol_808.o
    0x20009eb0   0x0000015c   Zero   RW         4395    .bss                sys_config.o
    0x2000a00c   0x00000004   PAD
    0x2000a010   0x00000880   Zero   RW         4497    .bss                app_hmi.o
    0x2000a890   0x00002020   Zero   RW         4618    .bss                sst25vf.o
    0x2000c8b0   0x00000ab0   Zero   RW         4950    .bss                usbh.o
    0x2000d360   0x00000270   Zero   RW         5023    .bss                usbh_usr.o
    0x2000d5d0   0x000000d4   Zero   RW         5230    .bss                dfs.o
    0x2000d6a4   0x00000200   Zero   RW         5602    .bss                ff.o
    0x2000d8a4   0x00000200   Zero   RW         6119    .bss                usbh_stdreq.o
    0x2000daa4   0x00000040   Zero   RW         6460    .bss                usbh_msc_bot.o
    0x2000dae4   0x0000004a   Zero   RW         6510    .bss                usbh_msc_core.o
    0x2000db2e   0x00000002   PAD
    0x2000db30   0x00000210   Zero   RW         6564    .bss                usbh_msc_scsi.o
    0x2000dd40   0x0000000c   Zero   RW         6974    .bss                menu_include.o
    0x2000dd4c   0x00000004   PAD
    0x2000dd50   0x000012a0   Zero   RW        11645    .bss                gb19056.o
    0x2000eff0   0x00000404   Zero   RW        11845    .bss                device_usrserial.o
    0x2000f3f4   0x00000004   PAD
    0x2000f3f8   0x00000400   Zero   RW        11616    STACK               startup_stm32f2xx.o


==============================================================================

Image component sizes


      Code (inc. data)   RO Data    RW Data    ZI Data      Debug   Object Name

       344         76          0         20       4224      25771   app_808.o
       440        118          0         16      12316       7241   app_gsm.o
       220         42          0          0       2176       2029   app_hmi.o
        46         12          0          0          0     300373   application.o
       118         14          0          0          0      26257   board.o
       196         18       1102          0          0       4119   cc936.o
        58         12          0          4          0       1575   clock.o
      2792       1298        992          4          0      18058   cmd.o
       196         20          0          0          0        756   context_rvds.o
       318        162          0         12          0       2298   cpuport.o
      1336        604        168          0          0       9499   device.o
        84          8          0          6        364       2947   device_485.o
      1518        144         77         12          0      14414   device_808.o
      5652       1532        482        392       9752      29540   device_gsm.o
      4042       1208        613         15       1028      22700   device_usrserial.o
       332          6          0          1          0       4898   df_oper.o
        64         12          0          0        212       5771   dfs.o
       190          0          0          0          0       4118   diskio.o
       236         10          0          0          0       5639   diskio_sd.o
      4894         72         58         12        512      31230   ff.o
      2000        104          0          8          0      10210   finsh_compiler.o
        48         18        243         64          0       2663   finsh_error.o
       444         26          0          8        128       5207   finsh_heap.o
        56          6          0          0          0       2048   finsh_init.o
       336         10          0          0        320       5970   finsh_node.o
      1742        300        196          0          0      25050   finsh_ops.o
      1856         26          0          0          0      16103   finsh_parser.o
      1280         16        126          0          0       8846   finsh_token.o
       256         28          0          4        192       7878   finsh_var.o
       140         26          0         12        384       7039   finsh_vm.o
         0          0          0         13          0        719   flash_oper.o
      3428       1386       1001          8       4768      16492   gb19056.o
      1734        342          0          9         23       6963   gps.o
       304        102         22          4       2176       3134   idle.o
      1782        488        454          0          0      30453   ipc.o
        68         18          0          1          0       1950   irq.o
      1504        172         34          8        128      12205   kservice.o
       580         66         37          0          0       2771   lcd.o
       752         44         90          0          0      12427   lcd_driver.o
      1796        724        358         32         32       7192   mem.o
       710        294         10         27          0       9149   menu_1_idle.o
       854        354         12         27          0       8780   menu_2_handle.o
      1006        324         12         27          0       8843   menu_3_detect.o
         2          0          0         32         12       7525   menu_include.o
       318         98          9         25          0       7830   menu_txt.o
       144         14          0          0          0       2293   misc.o
       766        312         94        164          0       7413   object.o
       406         44         69        137       1400       7070   protocol_808.o
       508        210         99          0          0       6001   ringbuffer.o
         0          0          0          7          0       1690   rtc.o
       912        318        334         24        256       6975   scheduler.o
      1606        368         77          4       2176      10544   shell.o
      1660         92          0          1          0      10471   spi_sd_driver.o
      1058         96          0          0       8224       9212   sst25vf.o
       162         46          0          0          0       2474   startup.o
        36          8        388          0       1024        892   startup_stm32f2xx.o
       234          0          0          0          0       4425   stm32f2xx_gpio.o
       356         10          0          0          0       7232   stm32f2xx_i2c.o
        68         30          0          0          0       2750   stm32f2xx_iwdg.o
       288         48          0         16          0       6726   stm32f2xx_rcc.o
       202         12          0          0          0       5146   stm32f2xx_spi.o
       680         88          0          0          0       9161   stm32f2xx_tim.o
       350          8          0          0          0       7141   stm32f2xx_usart.o
        28         10          0          0          0       1083   stm32f2xx_wwdg.o
       198         18          0          0          0       5022   stm32f4xx_it.o
         0          0          0         16          0       4213   symbol.o
      1046        538          0         44        348       4934   sys_config.o
       232         32          0          0          0       1801   system_stm32f2xx.o
      1552        546        170          0          0      11832   thread.o
      1056        254         92         20       4224      10883   timer.o
       198         12          0          0          0      12316   usb_bsp.o
      1674         22          0          0          0      18231   usb_core.o
       160          0          0          0          0       5211   usb_hcd.o
      3702         16          0          0          0      10711   usb_hcd_int.o
       140         50          0          0       2736       1978   usbh.o
      1450         44          0         18          0       9961   usbh_core.o
       234          0          0          0          0       4272   usbh_hcs.o
       272          0          0          0          0       5170   usbh_ioreq.o
       748         66          0         20         64       7129   usbh_msc_bot.o
       636         48          0         18         74       6241   usbh_msc_core.o
       976         76          0          1        528       7820   usbh_msc_scsi.o
       798         10          0          4        512       9237   usbh_stdreq.o
       862        242         45         75        624      20096   usbh_usr.o
       836        162         18          1       1100       7700   vuart.o

    ----------------------------------------------------------------------
     72426      14190       7534       1416      62060    1020137   Object Totals
         0          0         32          0          0          0   (incl. Generated)
       120          0         20         43         23          0   (incl. Padding)

    ----------------------------------------------------------------------

      Code (inc. data)   RO Data    RW Data    ZI Data      Debug   Library Member Name

        56          8          0          0          0         84   __0sscanf.o
        86          0          0          0          0          0   __dczerorl2.o
        28          0          0          0          0         68   _chval.o
       812          4          0          0          0        112   _scanf.o
       332          0          0          0          0         96   _scanf_int.o
        64          0          0          0          0         84   _sgetc.o
       158          0          0          0          0         92   _strtoul.o
        26          0          0          0          0         80   atoi.o
         8          4        133          0          0         68   ctype_o.o
         0          0          0          0          0          0   entry.o
         0          0          0          0          0          0   entry10a.o
         0          0          0          0          0          0   entry11a.o
         8          4          0          0          0          0   entry2.o
         4          0          0          0          0          0   entry5.o
         0          0          0          0          0          0   entry7b.o
         0          0          0          0          0          0   entry8b.o
         8          4          0          0          0          0   entry9a.o
         8          4          0          4          0         68   errno.o
        30          0          0          0          0          0   handlers.o
        36          8          0          0          0         68   init.o
        18          0          0          0          0         76   isspace_o.o
        30          0          0          0          0         68   llshl.o
        32          0          0          0          0         68   llushr.o
        26          0          0          0          0         80   memcmp.o
        36          0          0          0          0         68   memcpya.o
        36          0          0          0          0        108   memseta.o
      1172         50          0          0          0        420   printf8.o
        40          8          0          0          0         84   scanf_char.o
        24          0          0          0          0         68   strcat.o
        14          0          0          0          0         68   strlen.o
        30          0          0          0          0         80   strncmp.o
        24          0          0          0          0         76   strncpy.o
       112          0          0          0          0         88   strtol.o
        98          0          0          0          0         92   uldiv.o

    ----------------------------------------------------------------------
      3362         94        134          4          0       2264   Library Totals
         6          0          1          0          0          0   (incl. Padding)

    ----------------------------------------------------------------------

      Code (inc. data)   RO Data    RW Data    ZI Data      Debug   Library Name

      3356         94        133          4          0       2264   mc_w.l

    ----------------------------------------------------------------------
      3362         94        134          4          0       2264   Library Totals

    ----------------------------------------------------------------------

==============================================================================


      Code (inc. data)   RO Data    RW Data    ZI Data      Debug   

     75788      14284       7668       1420      62060     984881   Grand Totals
     75788      14284       7668        556      62060     984881   ELF Image Totals (compressed)
     75788      14284       7668        556          0          0   ROM Totals

==============================================================================

    Total RO  Size (Code + RO Data)                83456 (  81.50kB)
    Total RW  Size (RW Data + ZI Data)             63480 (  61.99kB)
    Total ROM Size (Code + RO Data + RW Data)      84012 (  82.04kB)

==============================================================================

